I20260703 00:29:54.709234 148893 planar_graph.h:215] Map /dev/shm/-workspace-rtdl_goal4806_fast_min-artifacts-goal4806_section57_arcgis_full_us_20260630-dataset-point_cdb-USACensusBlockGroupBoundaries-USACensusBlockGroupBoundaries_Point.cdb.bin is deserialized, chains: 28473338 points: 56946676 edges: 28473338
I20260703 00:30:05.737205 148893 planar_graph.h:215] Map /dev/shm/-workspace-rtdl_goal4806_fast_min-artifacts-goal4806_section57_arcgis_full_us_20260630-dataset-point_cdb-USADetailedWaterBodies-USADetailedWaterBodies_Point.cdb.bin is deserialized, chains: 22431809 points: 44863618 edges: 22431809
I20260703 00:30:05.737524 148893 context.h:51] Bounding Box, Bottom-left: (-179.149, 18.9107), Top-right: (-66.9496, 71.3652)
I20260703 00:30:05.737747 148893 context.h:58] Scaled Bounding Box, Bottom-left: (-69136359329185, -67784245771200), Top-right: (69136359329184, 67784245771199)
I20260703 00:30:05.737896 148893 context.h:61] Unscaled Bounding Box, Bottom-left: (-179.149, 18.9107), Top-right: (-66.9496, 71.3652)
I20260703 00:30:06.434294 148893 rt_engine.cu:282] Info: Pipeline statistics
	module(s)                            :     1
	entry function(s)                    :     2
	trace call(s)                        :     1
	continuation callable call(s)        :     0
	direct callable call(s)              :     0
	basic block(s) in entry functions    :    23
	instruction(s) in entry functions    :   646
	non-entry function(s)                :     1
	basic block(s) in non-entry functions:     1
	instruction(s) in non-entry functions:     1
	debug information                    :    no
I20260703 00:30:06.444173 148893 rt_engine.cu:282] Info: Pipeline statistics
	module(s)                            :     1
	entry function(s)                    :     2
	trace call(s)                        :     1
	continuation callable call(s)        :     0
	direct callable call(s)              :     0
	basic block(s) in entry functions    :    61
	instruction(s) in entry functions    :   966
	non-entry function(s)                :     1
	basic block(s) in non-entry functions:     1
	instruction(s) in non-entry functions:     1
	debug information                    :    no
I20260703 00:30:06.476963 148893 primitive.h:256] Enlarge limit: 3.5 max iter:5 ne: 28473338 aabbs: 4219474 Compress ratio: 0.85181 Time: 23.186 ms
I20260703 00:30:06.477231 148893 rt_engine.cu:397] Building AS, num prims: 4219474, Required Temp Size: 321341696 Output Size: 157870080
I20260703 00:30:06.499949 148893 rt_engine.h:159] Parm size: 152
I20260703 00:30:06.500133 148893 rt_engine.cu:554] optixLaunch, [w,h,d] = 44863618,1,1
I20260703 00:30:06.828760 148893 run_query.cu:475] AUTHORPATCH_PIP_DIAG query_points=44863618 positive_count=44841020 closest_eids_fnv64=13878963590670293968 dontknow_value=4294967295
Timing results:
 - Read map 0: 14182.2 ms

 - Read map 1: 11028 ms

 - Load Data: 562.627 ms

 - Create App: 149.029 ms

 - Init: 4.01211 ms

 - Adaptive Grouping: 23.392 ms

 - Build Index: 21.5218 ms

 - Warmup: 0.00119209 ms

 - Query: 116.628 ms

 - Diagnostic: 213.671 ms

 - Cleanup: 11.0111 ms
