[goal4676] BEGIN v2_14_serious
[goal4676] END v2_14_serious rc=0 elapsed=344.206s
[goal4676] BEGIN v3_0_2_serious
[goal4676] END v3_0_2_serious rc=0 elapsed=5.295s
[goal4676] BEGIN v4_current_serious
[goal4676] END v4_current_serious rc=0 elapsed=5.351s
[goal4676] BEGIN v2_14_correctness
[goal4676] END v2_14_correctness rc=0 elapsed=4.497s
[goal4676] BEGIN v3_0_2_correctness
[goal4676] END v3_0_2_correctness rc=0 elapsed=3.345s
[goal4676] BEGIN v4_current_correctness
[goal4676] END v4_current_correctness rc=0 elapsed=2.698s
{
  "claim_boundary": {
    "public_speedup_wording_authorized": false,
    "release_authorized": false,
    "rt_core_speedup_wording_authorized": false,
    "true_zero_copy_wording_authorized": false,
    "whole_app_high_performance_wording_authorized": false
  },
  "decision_label": "goal4676_pass_true_v4_aggregate_frontier_candidate",
  "executions": [
    {
      "command": [
        "/root/rtdl_v4_venv/bin/python",
        "/root/rtdl_v4_candidate_pod/scripts/v4_goal4676_aggregate_frontier_pod_benchmark.py",
        "--worker",
        "--route",
        "v2_14_optix_host_frontier_numba_cpu_continuation",
        "--body-count",
        "32768",
        "--theta",
        "0.5",
        "--bucket-size",
        "32",
        "--max-depth",
        "32",
        "--repeat",
        "7",
        "--warmup",
        "2",
        "--frontier-capacity-multiplier",
        "700",
        "--partner",
        "cupy",
        "--skip-validation"
      ],
      "cwd": "/root/rtdl_v4_candidate_pod",
      "ended_unix": 1782437340.6807382,
      "error": null,
      "returncode": 0,
      "run_kind": "serious",
      "runner_elapsed_sec": 344.2057361006737,
      "started_unix": 1782436996.474916,
      "stderr": "future/v4/evidence/v4_goal4676_serious_2026-06-25/v2_14_serious.stderr.txt",
      "stdout_json": "future/v4/evidence/v4_goal4676_serious_2026-06-25/v2_14_serious.json",
      "timed_out": false,
      "version": "v2_14"
    },
    {
      "command": [
        "/root/rtdl_v4_venv/bin/python",
        "/root/rtdl_v4_candidate_pod/scripts/v4_goal4676_aggregate_frontier_pod_benchmark.py",
        "--worker",
        "--route",
        "v3_0_2_device_columns_explicit_partner_continuation",
        "--body-count",
        "32768",
        "--theta",
        "0.5",
        "--bucket-size",
        "32",
        "--max-depth",
        "32",
        "--repeat",
        "7",
        "--warmup",
        "2",
        "--frontier-capacity-multiplier",
        "700",
        "--partner",
        "cupy",
        "--skip-validation"
      ],
      "cwd": "/root/rtdl_v4_candidate_pod",
      "ended_unix": 1782437345.9769797,
      "error": null,
      "returncode": 0,
      "run_kind": "serious",
      "runner_elapsed_sec": 5.295370928943157,
      "started_unix": 1782437340.681539,
      "stderr": "future/v4/evidence/v4_goal4676_serious_2026-06-25/v3_0_2_serious.stderr.txt",
      "stdout_json": "future/v4/evidence/v4_goal4676_serious_2026-06-25/v3_0_2_serious.json",
      "timed_out": false,
      "version": "v3_0_2"
    },
    {
      "command": [
        "/root/rtdl_v4_venv/bin/python",
        "/root/rtdl_v4_candidate_pod/scripts/v4_goal4676_aggregate_frontier_pod_benchmark.py",
        "--worker",
        "--route",
        "v4_candidate_runner_explicit_partner_continuation",
        "--body-count",
        "32768",
        "--theta",
        "0.5",
        "--bucket-size",
        "32",
        "--max-depth",
        "32",
        "--repeat",
        "7",
        "--warmup",
        "2",
        "--frontier-capacity-multiplier",
        "700",
        "--partner",
        "cupy",
        "--skip-validation"
      ],
      "cwd": "/root/rtdl_v4_candidate_pod",
      "ended_unix": 1782437351.328558,
      "error": null,
      "returncode": 0,
      "run_kind": "serious",
      "runner_elapsed_sec": 5.3508415929973125,
      "started_unix": 1782437345.9776776,
      "stderr": "future/v4/evidence/v4_goal4676_serious_2026-06-25/v4_current_serious.stderr.txt",
      "stdout_json": "future/v4/evidence/v4_goal4676_serious_2026-06-25/v4_current_serious.json",
      "timed_out": false,
      "version": "v4_current"
    },
    {
      "command": [
        "/root/rtdl_v4_venv/bin/python",
        "/root/rtdl_v4_candidate_pod/scripts/v4_goal4676_aggregate_frontier_pod_benchmark.py",
        "--worker",
        "--route",
        "v2_14_optix_host_frontier_numba_cpu_continuation",
        "--body-count",
        "2048",
        "--theta",
        "0.5",
        "--bucket-size",
        "32",
        "--max-depth",
        "32",
        "--repeat",
        "1",
        "--warmup",
        "0",
        "--frontier-capacity-multiplier",
        "700",
        "--partner",
        "cupy"
      ],
      "cwd": "/root/rtdl_v4_candidate_pod",
      "ended_unix": 1782437355.826588,
      "error": null,
      "returncode": 0,
      "run_kind": "correctness",
      "runner_elapsed_sec": 4.4972944259643555,
      "started_unix": 1782437351.3292215,
      "stderr": "future/v4/evidence/v4_goal4676_serious_2026-06-25/v2_14_correctness.stderr.txt",
      "stdout_json": "future/v4/evidence/v4_goal4676_serious_2026-06-25/v2_14_correctness.json",
      "timed_out": false,
      "version": "v2_14"
    },
    {
      "command": [
        "/root/rtdl_v4_venv/bin/python",
        "/root/rtdl_v4_candidate_pod/scripts/v4_goal4676_aggregate_frontier_pod_benchmark.py",
        "--worker",
        "--route",
        "v3_0_2_device_columns_explicit_partner_continuation",
        "--body-count",
        "2048",
        "--theta",
        "0.5",
        "--bucket-size",
        "32",
        "--max-depth",
        "32",
        "--repeat",
        "1",
        "--warmup",
        "0",
        "--frontier-capacity-multiplier",
        "700",
        "--partner",
        "cupy"
      ],
      "cwd": "/root/rtdl_v4_candidate_pod",
      "ended_unix": 1782437359.1725967,
      "error": null,
      "returncode": 0,
      "run_kind": "correctness",
      "runner_elapsed_sec": 3.345187585800886,
      "started_unix": 1782437355.82734,
      "stderr": "future/v4/evidence/v4_goal4676_serious_2026-06-25/v3_0_2_correctness.stderr.txt",
      "stdout_json": "future/v4/evidence/v4_goal4676_serious_2026-06-25/v3_0_2_correctness.json",
      "timed_out": false,
      "version": "v3_0_2"
    },
    {
      "command": [
        "/root/rtdl_v4_venv/bin/python",
        "/root/rtdl_v4_candidate_pod/scripts/v4_goal4676_aggregate_frontier_pod_benchmark.py",
        "--worker",
        "--route",
        "v4_candidate_runner_explicit_partner_continuation",
        "--body-count",
        "2048",
        "--theta",
        "0.5",
        "--bucket-size",
        "32",
        "--max-depth",
        "32",
        "--repeat",
        "1",
        "--warmup",
        "0",
        "--frontier-capacity-multiplier",
        "700",
        "--partner",
        "cupy"
      ],
      "cwd": "/root/rtdl_v4_candidate_pod",
      "ended_unix": 1782437361.871001,
      "error": null,
      "returncode": 0,
      "run_kind": "correctness",
      "runner_elapsed_sec": 2.697651319205761,
      "started_unix": 1782437359.173282,
      "stderr": "future/v4/evidence/v4_goal4676_serious_2026-06-25/v4_current_correctness.stderr.txt",
      "stdout_json": "future/v4/evidence/v4_goal4676_serious_2026-06-25/v4_current_correctness.json",
      "timed_out": false,
      "version": "v4_current"
    }
  ],
  "partner": "cupy",
  "pass_fail": {
    "all_subprocesses_returned_zero": true,
    "correctness_companion_ok": true,
    "goal4676_pass": true,
    "large_run_checksum_parity": true,
    "partner_migration_counted_as_speed": false,
    "v4_frontier_only_hot_bar_pass": true,
    "v4_full_hot_bar_pass": true,
    "v4_full_wall_bar_pass": true,
    "v4_host_frontier_materialization_in_hot_path": false
  },
  "profile": "serious",
  "ratios": {
    "v4_frontier_only_hot_over_v2_14": 302.9977973413469,
    "v4_full_hot_over_v2_14": 310.02390072012497,
    "v4_full_hot_over_v3_0_2_control": 0.9975684883734833,
    "v4_full_wall_over_v2_14": 200.82645806332002
  },
  "schema": "rtdl.v4.goal4676.aggregate_frontier_focused_pod_benchmark.v1"
}
