[goal3465] iteration=0 rows=4543 grouped_sum=4543 groups=1261 area_sum=150.699383 unresolved=0 relation=0.357563s grouped=0.305229s bounds=0.059692s witness=0.068231s total=0.815237s
[goal3465] iteration=1 rows=4543 grouped_sum=4543 groups=1261 area_sum=150.699383 unresolved=0 relation=0.005109s grouped=0.000190s bounds=0.000940s witness=0.062435s total=0.068893s
[goal3465] iteration=2 rows=4543 grouped_sum=4543 groups=1261 area_sum=150.699383 unresolved=0 relation=0.004017s grouped=0.000136s bounds=0.000840s witness=0.055268s total=0.060451s
[goal3465] iteration=3 rows=4543 grouped_sum=4543 groups=1261 area_sum=150.699383 unresolved=0 relation=0.004324s grouped=0.000145s bounds=0.000899s witness=0.057143s total=0.062711s
{
  "all_bounds_area_sums_stable": true,
  "all_group_counts_stable": true,
  "all_grouped_sums_match_rows": true,
  "all_row_counts_stable": true,
  "all_witnesses_resolved": true,
  "bounds_overlap_area_sec": {
    "max": 0.05969228968024254,
    "median": 0.0009195148013532162,
    "min": 0.0008401451632380486
  },
  "bounds_overlap_area_sums": [
    150.69938331940557,
    150.69938331940557,
    150.69938331940557,
    150.69938331940557
  ],
  "claim_boundary": {
    "full_overlay_area_claim_authorized": false,
    "public_speedup_claim_authorized": false,
    "rayjoin_paper_reproduction_claim_authorized": false,
    "release_authorized": false,
    "rt_core_speedup_claim_authorized": false,
    "rtdl_beats_rayjoin_claim_authorized": false,
    "true_zero_copy_claim_authorized": false
  },
  "goal": 3465,
  "gpu": "NVIDIA RTX A5000, 580.126.09",
  "group_capacity": 16483,
  "grouped_count_sec": {
    "max": 0.30522873625159264,
    "median": 0.00016730977222323418,
    "min": 0.0001360783353447914
  },
  "grouped_count_sums": [
    4543,
    4543,
    4543,
    4543
  ],
  "grouped_left_row_counts": [
    1261,
    1261,
    1261,
    1261
  ],
  "iterations": 4,
  "left_cdb": "/root/rtdl/data/rayjoin_public_cdb/br_county.cdb",
  "left_shape_count": 15700,
  "max_rows": 65536,
  "relation_columns_sec": {
    "max": 0.35756311751902103,
    "median": 0.004716336261481047,
    "min": 0.004017437808215618
  },
  "right_cdb": "/root/rtdl/data/rayjoin_public_cdb/br_county_start256_count1024.cdb",
  "right_shape_count": 949,
  "row_counts": [
    4543,
    4543,
    4543,
    4543
  ],
  "rtdl_commit": "852190b0da1b43e11d1fd708746d1d1244d62976",
  "runs": [
    {
      "bounds_metadata": {
        "app_specific_engine_logic_allowed": false,
        "area_semantics": "axis_aligned_bounds_overlap_area_upper_bound",
        "automatic_partner_selection_allowed": false,
        "exact_polygon_overlay_area": false,
        "full_overlay_area_claim_authorized": false,
        "group_by": "left",
        "input_contract": "shape_pair_relation_flags_with_ordinals_and_geometry_payload",
        "operation": "shape_pair_bounds_overlap_area",
        "partner": "cupy",
        "public_speedup_claim_authorized": false,
        "release_authorized": false,
        "requires_geometry_payload_columns": true,
        "requires_relation_ordinals": true,
        "row_count": 4543,
        "rt_core_speedup_claim_authorized": false,
        "schema": "rtdl.v2_8.geometry_relation.bounds_overlap_area_cupy.v1",
        "true_zero_copy_claim_authorized": false
      },
      "bounds_overlap_area_sec": 0.05969228968024254,
      "bounds_overlap_area_sum": 150.69938331940557,
      "claim_boundary": {
        "full_overlay_area_claim_authorized": false,
        "public_speedup_claim_authorized": false,
        "rayjoin_paper_reproduction_claim_authorized": false,
        "release_authorized": false,
        "rt_core_speedup_claim_authorized": false,
        "rtdl_beats_rayjoin_claim_authorized": false,
        "true_zero_copy_claim_authorized": false
      },
      "grouped_count_sec": 0.30522873625159264,
      "grouped_count_sum": 4543,
      "grouped_left_row_count": 1261,
      "grouped_metadata": {
        "capacity": 16483,
        "column_names": [
          "group_key",
          "count"
        ],
        "compaction_seconds": 8.351e-06,
        "count_column_materialized_on_host": false,
        "counts_device_ptr_nonzero": true,
        "device_ordinal": 0,
        "device_resident": true,
        "group_capacity": 16483,
        "group_capacity_semantics": "direct-address key capacity before compaction",
        "group_key_column_materialized_on_host": false,
        "group_keys_device_ptr_nonzero": true,
        "native_symbol": "rtdl_optix_columnar_device_payload_grouped_count_i64_compact_device_columns_with_capacity",
        "output_residency": "device_resident_compact_grouped_count_columns",
        "overflow": false,
        "owner_handle": 122378160,
        "producer": "device_column_grouped_count_i64_compact_columns",
        "public_speedup_claim_authorized": false,
        "reduction_seconds": 1.0436e-05,
        "release_authorized": false,
        "row_count": 1261,
        "row_count_materialized_on_host": true,
        "rt_core_speedup_claim_authorized": false,
        "schema": "device_grouped_count_i64_compact_columns",
        "source_row_count": 4543,
        "true_zero_copy_authorized": false
      },
      "iteration": 0,
      "relation_columns_sec": 0.35756311751902103,
      "row_count": 4543,
      "total_relation_plus_continuations_sec": 0.815237095579505,
      "unresolved_witness_count": 0,
      "witness_continuation_sec": 0.06823063921183348,
      "witness_kind_counts": {
        "1": 4539,
        "2": 4
      },
      "witness_metadata": {
        "all_rows_have_witness": true,
        "app_specific_engine_logic_allowed": false,
        "automatic_partner_selection_allowed": false,
        "exact_polygon_overlay_area": false,
        "full_overlay_area_claim_authorized": false,
        "input_contract": "shape_pair_relation_flags_with_ordinals_and_geometry_payload",
        "operation": "shape_pair_relation_witness_columns",
        "partner": "cupy",
        "public_speedup_claim_authorized": false,
        "release_authorized": false,
        "requires_geometry_payload_columns": true,
        "requires_relation_ordinals": true,
        "row_count": 4543,
        "rt_core_speedup_claim_authorized": false,
        "schema": "rtdl.v2_8.geometry_relation.witness_cupy.v1",
        "segment_witness_endpoint_tolerance": "denom_abs_at_least_1e-8_t_u_within_1e-5_for_native_segment_flag_rows",
        "true_zero_copy_claim_authorized": false,
        "witness_kind_counts": {
          "1": 4539,
          "2": 4
        },
        "witness_kind_semantics": {
          "0": "unset",
          "1": "segment_edge_intersection",
          "2": "left_first_vertex_inside_right",
          "3": "right_first_vertex_inside_left",
          "4": "segment_flag_without_found_edge_witness",
          "5": "containment_flag_without_found_vertex_witness"
        }
      }
    },
    {
      "bounds_metadata": {
        "app_specific_engine_logic_allowed": false,
        "area_semantics": "axis_aligned_bounds_overlap_area_upper_bound",
        "automatic_partner_selection_allowed": false,
        "exact_polygon_overlay_area": false,
        "full_overlay_area_claim_authorized": false,
        "group_by": "left",
        "input_contract": "shape_pair_relation_flags_with_ordinals_and_geometry_payload",
        "operation": "shape_pair_bounds_overlap_area",
        "partner": "cupy",
        "public_speedup_claim_authorized": false,
        "release_authorized": false,
        "requires_geometry_payload_columns": true,
        "requires_relation_ordinals": true,
        "row_count": 4543,
        "rt_core_speedup_claim_authorized": false,
        "schema": "rtdl.v2_8.geometry_relation.bounds_overlap_area_cupy.v1",
        "true_zero_copy_claim_authorized": false
      },
      "bounds_overlap_area_sec": 0.000939701683819294,
      "bounds_overlap_area_sum": 150.69938331940557,
      "claim_boundary": {
        "full_overlay_area_claim_authorized": false,
        "public_speedup_claim_authorized": false,
        "rayjoin_paper_reproduction_claim_authorized": false,
        "release_authorized": false,
        "rt_core_speedup_claim_authorized": false,
        "rtdl_beats_rayjoin_claim_authorized": false,
        "true_zero_copy_claim_authorized": false
      },
      "grouped_count_sec": 0.00018958374857902527,
      "grouped_count_sum": 4543,
      "grouped_left_row_count": 1261,
      "grouped_metadata": {
        "capacity": 16483,
        "column_names": [
          "group_key",
          "count"
        ],
        "compaction_seconds": 8.097e-06,
        "count_column_materialized_on_host": false,
        "counts_device_ptr_nonzero": true,
        "device_ordinal": 0,
        "device_resident": true,
        "group_capacity": 16483,
        "group_capacity_semantics": "direct-address key capacity before compaction",
        "group_key_column_materialized_on_host": false,
        "group_keys_device_ptr_nonzero": true,
        "native_symbol": "rtdl_optix_columnar_device_payload_grouped_count_i64_compact_device_columns_with_capacity",
        "output_residency": "device_resident_compact_grouped_count_columns",
        "overflow": false,
        "owner_handle": 202547712,
        "producer": "device_column_grouped_count_i64_compact_columns",
        "public_speedup_claim_authorized": false,
        "reduction_seconds": 1.0268e-05,
        "release_authorized": false,
        "row_count": 1261,
        "row_count_materialized_on_host": true,
        "rt_core_speedup_claim_authorized": false,
        "schema": "device_grouped_count_i64_compact_columns",
        "source_row_count": 4543,
        "true_zero_copy_authorized": false
      },
      "iteration": 1,
      "relation_columns_sec": 0.005108960904181004,
      "row_count": 4543,
      "total_relation_plus_continuations_sec": 0.06889303307980299,
      "unresolved_witness_count": 0,
      "witness_continuation_sec": 0.06243457365781069,
      "witness_kind_counts": {
        "1": 4539,
        "2": 4
      },
      "witness_metadata": {
        "all_rows_have_witness": true,
        "app_specific_engine_logic_allowed": false,
        "automatic_partner_selection_allowed": false,
        "exact_polygon_overlay_area": false,
        "full_overlay_area_claim_authorized": false,
        "input_contract": "shape_pair_relation_flags_with_ordinals_and_geometry_payload",
        "operation": "shape_pair_relation_witness_columns",
        "partner": "cupy",
        "public_speedup_claim_authorized": false,
        "release_authorized": false,
        "requires_geometry_payload_columns": true,
        "requires_relation_ordinals": true,
        "row_count": 4543,
        "rt_core_speedup_claim_authorized": false,
        "schema": "rtdl.v2_8.geometry_relation.witness_cupy.v1",
        "segment_witness_endpoint_tolerance": "denom_abs_at_least_1e-8_t_u_within_1e-5_for_native_segment_flag_rows",
        "true_zero_copy_claim_authorized": false,
        "witness_kind_counts": {
          "1": 4539,
          "2": 4
        },
        "witness_kind_semantics": {
          "0": "unset",
          "1": "segment_edge_intersection",
          "2": "left_first_vertex_inside_right",
          "3": "right_first_vertex_inside_left",
          "4": "segment_flag_without_found_edge_witness",
          "5": "containment_flag_without_found_vertex_witness"
        }
      }
    },
    {
      "bounds_metadata": {
        "app_specific_engine_logic_allowed": false,
        "area_semantics": "axis_aligned_bounds_overlap_area_upper_bound",
        "automatic_partner_selection_allowed": false,
        "exact_polygon_overlay_area": false,
        "full_overlay_area_claim_authorized": false,
        "group_by": "left",
        "input_contract": "shape_pair_relation_flags_with_ordinals_and_geometry_payload",
        "operation": "shape_pair_bounds_overlap_area",
        "partner": "cupy",
        "public_speedup_claim_authorized": false,
        "release_authorized": false,
        "requires_geometry_payload_columns": true,
        "requires_relation_ordinals": true,
        "row_count": 4543,
        "rt_core_speedup_claim_authorized": false,
        "schema": "rtdl.v2_8.geometry_relation.bounds_overlap_area_cupy.v1",
        "true_zero_copy_claim_authorized": false
      },
      "bounds_overlap_area_sec": 0.0008401451632380486,
      "bounds_overlap_area_sum": 150.69938331940557,
      "claim_boundary": {
        "full_overlay_area_claim_authorized": false,
        "public_speedup_claim_authorized": false,
        "rayjoin_paper_reproduction_claim_authorized": false,
        "release_authorized": false,
        "rt_core_speedup_claim_authorized": false,
        "rtdl_beats_rayjoin_claim_authorized": false,
        "true_zero_copy_claim_authorized": false
      },
      "grouped_count_sec": 0.0001360783353447914,
      "grouped_count_sum": 4543,
      "grouped_left_row_count": 1261,
      "grouped_metadata": {
        "capacity": 16483,
        "column_names": [
          "group_key",
          "count"
        ],
        "compaction_seconds": 7.209e-06,
        "count_column_materialized_on_host": false,
        "counts_device_ptr_nonzero": true,
        "device_ordinal": 0,
        "device_resident": true,
        "group_capacity": 16483,
        "group_capacity_semantics": "direct-address key capacity before compaction",
        "group_key_column_materialized_on_host": false,
        "group_keys_device_ptr_nonzero": true,
        "native_symbol": "rtdl_optix_columnar_device_payload_grouped_count_i64_compact_device_columns_with_capacity",
        "output_residency": "device_resident_compact_grouped_count_columns",
        "overflow": false,
        "owner_handle": 202994416,
        "producer": "device_column_grouped_count_i64_compact_columns",
        "public_speedup_claim_authorized": false,
        "reduction_seconds": 9.479e-06,
        "release_authorized": false,
        "row_count": 1261,
        "row_count_materialized_on_host": true,
        "rt_core_speedup_claim_authorized": false,
        "schema": "device_grouped_count_i64_compact_columns",
        "source_row_count": 4543,
        "true_zero_copy_authorized": false
      },
      "iteration": 2,
      "relation_columns_sec": 0.004017437808215618,
      "row_count": 4543,
      "total_relation_plus_continuations_sec": 0.060450620017945766,
      "unresolved_witness_count": 0,
      "witness_continuation_sec": 0.05526814330369234,
      "witness_kind_counts": {
        "1": 4539,
        "2": 4
      },
      "witness_metadata": {
        "all_rows_have_witness": true,
        "app_specific_engine_logic_allowed": false,
        "automatic_partner_selection_allowed": false,
        "exact_polygon_overlay_area": false,
        "full_overlay_area_claim_authorized": false,
        "input_contract": "shape_pair_relation_flags_with_ordinals_and_geometry_payload",
        "operation": "shape_pair_relation_witness_columns",
        "partner": "cupy",
        "public_speedup_claim_authorized": false,
        "release_authorized": false,
        "requires_geometry_payload_columns": true,
        "requires_relation_ordinals": true,
        "row_count": 4543,
        "rt_core_speedup_claim_authorized": false,
        "schema": "rtdl.v2_8.geometry_relation.witness_cupy.v1",
        "segment_witness_endpoint_tolerance": "denom_abs_at_least_1e-8_t_u_within_1e-5_for_native_segment_flag_rows",
        "true_zero_copy_claim_authorized": false,
        "witness_kind_counts": {
          "1": 4539,
          "2": 4
        },
        "witness_kind_semantics": {
          "0": "unset",
          "1": "segment_edge_intersection",
          "2": "left_first_vertex_inside_right",
          "3": "right_first_vertex_inside_left",
          "4": "segment_flag_without_found_edge_witness",
          "5": "containment_flag_without_found_vertex_witness"
        }
      }
    },
    {
      "bounds_metadata": {
        "app_specific_engine_logic_allowed": false,
        "area_semantics": "axis_aligned_bounds_overlap_area_upper_bound",
        "automatic_partner_selection_allowed": false,
        "exact_polygon_overlay_area": false,
        "full_overlay_area_claim_authorized": false,
        "group_by": "left",
        "input_contract": "shape_pair_relation_flags_with_ordinals_and_geometry_payload",
        "operation": "shape_pair_bounds_overlap_area",
        "partner": "cupy",
        "public_speedup_claim_authorized": false,
        "release_authorized": false,
        "requires_geometry_payload_columns": true,
        "requires_relation_ordinals": true,
        "row_count": 4543,
        "rt_core_speedup_claim_authorized": false,
        "schema": "rtdl.v2_8.geometry_relation.bounds_overlap_area_cupy.v1",
        "true_zero_copy_claim_authorized": false
      },
      "bounds_overlap_area_sec": 0.0008993279188871384,
      "bounds_overlap_area_sum": 150.69938331940557,
      "claim_boundary": {
        "full_overlay_area_claim_authorized": false,
        "public_speedup_claim_authorized": false,
        "rayjoin_paper_reproduction_claim_authorized": false,
        "release_authorized": false,
        "rt_core_speedup_claim_authorized": false,
        "rtdl_beats_rayjoin_claim_authorized": false,
        "true_zero_copy_claim_authorized": false
      },
      "grouped_count_sec": 0.00014503579586744308,
      "grouped_count_sum": 4543,
      "grouped_left_row_count": 1261,
      "grouped_metadata": {
        "capacity": 16483,
        "column_names": [
          "group_key",
          "count"
        ],
        "compaction_seconds": 7.798e-06,
        "count_column_materialized_on_host": false,
        "counts_device_ptr_nonzero": true,
        "device_ordinal": 0,
        "device_resident": true,
        "group_capacity": 16483,
        "group_capacity_semantics": "direct-address key capacity before compaction",
        "group_key_column_materialized_on_host": false,
        "group_keys_device_ptr_nonzero": true,
        "native_symbol": "rtdl_optix_columnar_device_payload_grouped_count_i64_compact_device_columns_with_capacity",
        "output_residency": "device_resident_compact_grouped_count_columns",
        "overflow": false,
        "owner_handle": 206305088,
        "producer": "device_column_grouped_count_i64_compact_columns",
        "public_speedup_claim_authorized": false,
        "reduction_seconds": 9.995e-06,
        "release_authorized": false,
        "row_count": 1261,
        "row_count_materialized_on_host": true,
        "rt_core_speedup_claim_authorized": false,
        "schema": "device_grouped_count_i64_compact_columns",
        "source_row_count": 4543,
        "true_zero_copy_authorized": false
      },
      "iteration": 3,
      "relation_columns_sec": 0.00432371161878109,
      "row_count": 4543,
      "total_relation_plus_continuations_sec": 0.06271140277385712,
      "unresolved_witness_count": 0,
      "witness_continuation_sec": 0.05714325327426195,
      "witness_kind_counts": {
        "1": 4539,
        "2": 4
      },
      "witness_metadata": {
        "all_rows_have_witness": true,
        "app_specific_engine_logic_allowed": false,
        "automatic_partner_selection_allowed": false,
        "exact_polygon_overlay_area": false,
        "full_overlay_area_claim_authorized": false,
        "input_contract": "shape_pair_relation_flags_with_ordinals_and_geometry_payload",
        "operation": "shape_pair_relation_witness_columns",
        "partner": "cupy",
        "public_speedup_claim_authorized": false,
        "release_authorized": false,
        "requires_geometry_payload_columns": true,
        "requires_relation_ordinals": true,
        "row_count": 4543,
        "rt_core_speedup_claim_authorized": false,
        "schema": "rtdl.v2_8.geometry_relation.witness_cupy.v1",
        "segment_witness_endpoint_tolerance": "denom_abs_at_least_1e-8_t_u_within_1e-5_for_native_segment_flag_rows",
        "true_zero_copy_claim_authorized": false,
        "witness_kind_counts": {
          "1": 4539,
          "2": 4
        },
        "witness_kind_semantics": {
          "0": "unset",
          "1": "segment_edge_intersection",
          "2": "left_first_vertex_inside_right",
          "3": "right_first_vertex_inside_left",
          "4": "segment_flag_without_found_edge_witness",
          "5": "containment_flag_without_found_vertex_witness"
        }
      }
    }
  ],
  "schema": "rtdl.goal3465.rayjoin_relation_continuation_packet.v1",
  "total_relation_plus_continuations_sec": {
    "max": 0.815237095579505,
    "median": 0.06580221792683005,
    "min": 0.060450620017945766
  },
  "witness_continuation_sec": {
    "max": 0.06823063921183348,
    "median": 0.05978891346603632,
    "min": 0.05526814330369234
  },
  "witness_unresolved_counts": [
    0,
    0,
    0,
    0
  ]
}
