{
  "app": "spatial_rayjoin",
  "backend": "optix",
  "benchmark_track": "current_best_primitive_first_rt_count_or_parity",
  "claim_boundary": {
    "canonical_harness_candidate": true,
    "native_engine_customization": false,
    "paper_reproduction_claim_authorized": false,
    "public_speedup_claim_authorized": false,
    "row_overlay_continuation_deferred_tier_b": true,
    "rtdl_beats_rayjoin_claim_authorized": false,
    "tier_a_count_or_parity_only": true,
    "true_zero_copy_claim_authorized": false,
    "whole_app_speedup_claim_authorized": false
  },
  "cuda_driver_query": "==============NVSMI LOG==============\n\nTimestamp                                 : Thu Jun  4 00:12:14 2026\nDriver Version                            : 570.211.01\nCUDA Version                              : 12.8\n\nAttached GPUs                             : 1\nGPU 00000000:CE:00.0\n    Compute Mode                          : Default",
  "dataset_policy": "per_workload_defaults_unless_overridden",
  "default_dataset_by_workload": {
    "lsi": "tests/fixtures/rayjoin/br_county_subset.cdb",
    "overlay_seed": "derived/authored_overlay_squares_tiled_x64",
    "pip": "tests/fixtures/rayjoin/br_county_subset.cdb"
  },
  "elapsed_sec": 1.4914093036204576,
  "execution_route_policy": "lsi_dense_count_else_prepared_optix_count",
  "goal": "Goal3220",
  "gpu": "NVIDIA A40, 570.211.01",
  "harness_version": "rtdl.goal3220.spatial_rayjoin_current_best_count_harness.v2",
  "include_rows": false,
  "nvcc_version": "nvcc: NVIDIA (R) Cuda compiler driver\nCopyright (c) 2005-2025 NVIDIA Corporation\nBuilt on Fri_Feb_21_20:23:50_PST_2025\nCuda compilation tools, release 12.8, V12.8.93\nBuild cuda_12.8.r12.8/compiler.35583870_0",
  "repeat": 5,
  "result_mode": "count",
  "row_count": 3,
  "rows": [
    {
      "backend": "optix",
      "cpu_output_contract": "point_to_polygon_positive_hit_rows",
      "dataset": "tests/fixtures/rayjoin/br_county_subset.cdb",
      "dataset_note": "County subset probe points against deterministic chain-derived polygons.",
      "elapsed_sec": 0.9525745380669832,
      "execution_route": "prepared_optix",
      "expected_count": 6,
      "generic_primitive": "POINT_CLOSED_SHAPE_MEMBERSHIP_2D",
      "include_rows": false,
      "matches_cpu_reference": true,
      "native_engine_boundary": "The native engine sees generic prepared point/shape, segment-pair, segment-pair left-id count, or shape-pair contracts; RayJoin workload interpretation stays in Python.",
      "observed_count": 6,
      "observed_counts": [
        6,
        6,
        6,
        6,
        6
      ],
      "phase_max_ms": {
        "prepare_static_scene_sec": 1.7383396625518799,
        "prepared_query_sec": 0.31941942870616913,
        "query_pack_sec": 0.017715618014335632,
        "static_shape_pack_sec": 0.03996118903160095
      },
      "phase_medians_ms": {
        "prepare_static_scene_sec": 0.19557029008865356,
        "prepared_query_sec": 0.14010630548000336,
        "query_pack_sec": 0.00877678394317627,
        "static_shape_pack_sec": 0.02323836088180542
      },
      "phase_min_ms": {
        "prepare_static_scene_sec": 0.1638326793909073,
        "prepared_query_sec": 0.13744458556175232,
        "query_pack_sec": 0.008275732398033142,
        "static_shape_pack_sec": 0.020602717995643616
      },
      "prepared_output_contract": "point_to_shape_positive_hit_count",
      "repeat": 5,
      "result_mode": "count",
      "status": "pass",
      "uses_prepared_optix_rt_backend": true,
      "warmup": 1,
      "workload": "pip"
    },
    {
      "backend": "optix",
      "cpu_output_contract": "segment_segment_intersection_rows",
      "dataset": "tests/fixtures/rayjoin/br_county_subset.cdb",
      "dataset_note": "Deterministic county-subset segment slice chosen to preserve CPU/Embree parity.",
      "elapsed_sec": 0.12650245055556297,
      "execution_route": "prepared_optix_left_id_dense_count",
      "expected_count": 1,
      "generic_primitive": "SEGMENT_PAIR_LEFT_ID_COUNT_DEVICE_COLUMNS_2D",
      "include_rows": false,
      "matches_cpu_reference": true,
      "native_engine_boundary": "The native engine sees generic prepared point/shape, segment-pair, segment-pair left-id count, or shape-pair contracts; RayJoin workload interpretation stays in Python.",
      "observed_count": 1,
      "observed_counts": [
        1,
        1,
        1,
        1,
        1
      ],
      "phase_max_ms": {
        "left_id_count_device_columns_sec": 0.14041922986507416
      },
      "phase_medians_ms": {
        "left_id_count_device_columns_sec": 0.12307055294513702
      },
      "phase_min_ms": {
        "left_id_count_device_columns_sec": 0.11997856199741364
      },
      "prepared_output_contract": "segment_segment_intersection_count_by_left_id_dense_device_column",
      "repeat": 5,
      "result_mode": "count",
      "status": "pass",
      "uses_prepared_optix_rt_backend": true,
      "warmup": 1,
      "workload": "lsi"
    },
    {
      "backend": "optix",
      "cpu_output_contract": "overlay_pair_dependency_rows_with_lsi_pip_flags",
      "dataset": "derived/authored_overlay_squares_tiled_x64",
      "dataset_note": "Authored overlapping-square overlay fixture tiled 64 times; one active dependency per tile.",
      "elapsed_sec": 0.4123043864965439,
      "execution_route": "prepared_optix",
      "expected_count": 64,
      "generic_primitive": "SHAPE_PAIR_RELATION_FLAGS_2D",
      "include_rows": false,
      "matches_cpu_reference": true,
      "native_engine_boundary": "The native engine sees generic prepared point/shape, segment-pair, segment-pair left-id count, or shape-pair contracts; RayJoin workload interpretation stays in Python.",
      "observed_count": 64,
      "observed_counts": [
        64,
        64,
        64,
        64,
        64
      ],
      "phase_max_ms": {
        "prepare_static_scene_sec": 0.21334178745746613,
        "prepared_query_sec": 0.39007142186164856,
        "query_pack_sec": 0.34795328974723816,
        "static_shape_pack_sec": 0.17434917390346527
      },
      "phase_medians_ms": {
        "prepare_static_scene_sec": 0.19774213433265686,
        "prepared_query_sec": 0.367727130651474,
        "query_pack_sec": 0.21408312022686005,
        "static_shape_pack_sec": 0.16785040497779846
      },
      "phase_min_ms": {
        "prepare_static_scene_sec": 0.16813166439533234,
        "prepared_query_sec": 0.33241696655750275,
        "query_pack_sec": 0.1616794615983963,
        "static_shape_pack_sec": 0.15163607895374298
      },
      "prepared_output_contract": "overlay_active_pair_dependency_count",
      "repeat": 5,
      "result_mode": "count",
      "status": "pass",
      "uses_prepared_optix_rt_backend": true,
      "warmup": 1,
      "workload": "overlay_seed"
    }
  ],
  "rtdl_optix_library": "/root/rtdl_goal3151/build/librtdl_optix.so",
  "source_commit": "824dc01950e629f307f03ef83233a58f7e87d4ce",
  "source_dirty": [
    "?? data/"
  ],
  "status": "pass",
  "warmup": 1,
  "workloads": [
    "pip",
    "lsi",
    "overlay_seed"
  ]
}
