[goal3834] Numba PIP baseline start
[goal3834] pip/numba_dense_all_pairs_scalar_count warmup 1/55 elapsed=0.415399s count=1417
[goal3834] pip/numba_dense_all_pairs_scalar_count warmup 2/55 elapsed=0.000579s count=1417
[goal3834] pip/numba_dense_all_pairs_scalar_count warmup 3/55 elapsed=0.000545s count=1417
[goal3834] pip/numba_dense_all_pairs_scalar_count warmup 4/55 elapsed=0.000508s count=1417
[goal3834] pip/numba_dense_all_pairs_scalar_count warmup 5/55 elapsed=0.000520s count=1417
[goal3834] pip/numba_dense_all_pairs_scalar_count repeat 6/55 elapsed=0.000508s count=1417
[goal3834] pip/numba_dense_all_pairs_scalar_count repeat 7/55 elapsed=0.000527s count=1417
[goal3834] pip/numba_dense_all_pairs_scalar_count repeat 8/55 elapsed=0.000510s count=1417
[goal3834] pip/numba_dense_all_pairs_scalar_count repeat 9/55 elapsed=0.000557s count=1417
[goal3834] pip/numba_dense_all_pairs_scalar_count repeat 10/55 elapsed=0.000520s count=1417
[goal3834] pip/numba_dense_all_pairs_scalar_count repeat 11/55 elapsed=0.000508s count=1417
[goal3834] pip/numba_dense_all_pairs_scalar_count repeat 12/55 elapsed=0.000503s count=1417
[goal3834] pip/numba_dense_all_pairs_scalar_count repeat 13/55 elapsed=0.000504s count=1417
[goal3834] pip/numba_dense_all_pairs_scalar_count repeat 14/55 elapsed=0.000649s count=1417
[goal3834] pip/numba_dense_all_pairs_scalar_count repeat 15/55 elapsed=0.000551s count=1417
[goal3834] pip/numba_dense_all_pairs_scalar_count repeat 16/55 elapsed=0.000496s count=1417
[goal3834] pip/numba_dense_all_pairs_scalar_count repeat 17/55 elapsed=0.000553s count=1417
[goal3834] pip/numba_dense_all_pairs_scalar_count repeat 18/55 elapsed=0.000541s count=1417
[goal3834] pip/numba_dense_all_pairs_scalar_count repeat 19/55 elapsed=0.000512s count=1417
[goal3834] pip/numba_dense_all_pairs_scalar_count repeat 20/55 elapsed=0.000518s count=1417
[goal3834] pip/numba_dense_all_pairs_scalar_count repeat 21/55 elapsed=0.000534s count=1417
[goal3834] pip/numba_dense_all_pairs_scalar_count repeat 22/55 elapsed=0.000519s count=1417
[goal3834] pip/numba_dense_all_pairs_scalar_count repeat 23/55 elapsed=0.000508s count=1417
[goal3834] pip/numba_dense_all_pairs_scalar_count repeat 24/55 elapsed=0.000524s count=1417
[goal3834] pip/numba_dense_all_pairs_scalar_count repeat 25/55 elapsed=0.000497s count=1417
[goal3834] pip/numba_dense_all_pairs_scalar_count repeat 26/55 elapsed=0.000462s count=1417
[goal3834] pip/numba_dense_all_pairs_scalar_count repeat 27/55 elapsed=0.000485s count=1417
[goal3834] pip/numba_dense_all_pairs_scalar_count repeat 28/55 elapsed=0.000533s count=1417
[goal3834] pip/numba_dense_all_pairs_scalar_count repeat 29/55 elapsed=0.000541s count=1417
[goal3834] pip/numba_dense_all_pairs_scalar_count repeat 30/55 elapsed=0.000542s count=1417
[goal3834] pip/numba_dense_all_pairs_scalar_count repeat 31/55 elapsed=0.000529s count=1417
[goal3834] pip/numba_dense_all_pairs_scalar_count repeat 32/55 elapsed=0.000527s count=1417
[goal3834] pip/numba_dense_all_pairs_scalar_count repeat 33/55 elapsed=0.000578s count=1417
[goal3834] pip/numba_dense_all_pairs_scalar_count repeat 34/55 elapsed=0.000508s count=1417
[goal3834] pip/numba_dense_all_pairs_scalar_count repeat 35/55 elapsed=0.000535s count=1417
[goal3834] pip/numba_dense_all_pairs_scalar_count repeat 36/55 elapsed=0.000522s count=1417
[goal3834] pip/numba_dense_all_pairs_scalar_count repeat 37/55 elapsed=0.000569s count=1417
[goal3834] pip/numba_dense_all_pairs_scalar_count repeat 38/55 elapsed=0.000551s count=1417
[goal3834] pip/numba_dense_all_pairs_scalar_count repeat 39/55 elapsed=0.000530s count=1417
[goal3834] pip/numba_dense_all_pairs_scalar_count repeat 40/55 elapsed=0.000485s count=1417
[goal3834] pip/numba_dense_all_pairs_scalar_count repeat 41/55 elapsed=0.000526s count=1417
[goal3834] pip/numba_dense_all_pairs_scalar_count repeat 42/55 elapsed=0.000576s count=1417
[goal3834] pip/numba_dense_all_pairs_scalar_count repeat 43/55 elapsed=0.000531s count=1417
[goal3834] pip/numba_dense_all_pairs_scalar_count repeat 44/55 elapsed=0.000556s count=1417
[goal3834] pip/numba_dense_all_pairs_scalar_count repeat 45/55 elapsed=0.000574s count=1417
[goal3834] pip/numba_dense_all_pairs_scalar_count repeat 46/55 elapsed=0.000529s count=1417
[goal3834] pip/numba_dense_all_pairs_scalar_count repeat 47/55 elapsed=0.000555s count=1417
[goal3834] pip/numba_dense_all_pairs_scalar_count repeat 48/55 elapsed=0.000476s count=1417
[goal3834] pip/numba_dense_all_pairs_scalar_count repeat 49/55 elapsed=0.000492s count=1417
[goal3834] pip/numba_dense_all_pairs_scalar_count repeat 50/55 elapsed=0.000502s count=1417
[goal3834] pip/numba_dense_all_pairs_scalar_count repeat 51/55 elapsed=0.000532s count=1417
[goal3834] pip/numba_dense_all_pairs_scalar_count repeat 52/55 elapsed=0.000509s count=1417
[goal3834] pip/numba_dense_all_pairs_scalar_count repeat 53/55 elapsed=0.000516s count=1417
[goal3834] pip/numba_dense_all_pairs_scalar_count repeat 54/55 elapsed=0.000495s count=1417
[goal3834] pip/numba_dense_all_pairs_scalar_count repeat 55/55 elapsed=0.000503s count=1417
[goal3834] RTDL/OptiX PIP route start
[goal3838] lsi_county512_soil512 Numba baseline start
[goal3838] lsi/numba_dense_all_pairs_scalar_count warmup 1/55 elapsed=0.131017s count=269
[goal3838] lsi/numba_dense_all_pairs_scalar_count warmup 2/55 elapsed=0.023738s count=269
[goal3838] lsi/numba_dense_all_pairs_scalar_count warmup 3/55 elapsed=0.023793s count=269
[goal3838] lsi/numba_dense_all_pairs_scalar_count warmup 4/55 elapsed=0.023838s count=269
[goal3838] lsi/numba_dense_all_pairs_scalar_count warmup 5/55 elapsed=0.023742s count=269
[goal3838] lsi/numba_dense_all_pairs_scalar_count repeat 6/55 elapsed=0.023707s count=269
[goal3838] lsi/numba_dense_all_pairs_scalar_count repeat 7/55 elapsed=0.020748s count=269
[goal3838] lsi/numba_dense_all_pairs_scalar_count repeat 8/55 elapsed=0.020655s count=269
[goal3838] lsi/numba_dense_all_pairs_scalar_count repeat 9/55 elapsed=0.020648s count=269
[goal3838] lsi/numba_dense_all_pairs_scalar_count repeat 10/55 elapsed=0.020678s count=269
[goal3838] lsi/numba_dense_all_pairs_scalar_count repeat 11/55 elapsed=0.020691s count=269
[goal3838] lsi/numba_dense_all_pairs_scalar_count repeat 12/55 elapsed=0.020664s count=269
[goal3838] lsi/numba_dense_all_pairs_scalar_count repeat 13/55 elapsed=0.020645s count=269
[goal3838] lsi/numba_dense_all_pairs_scalar_count repeat 14/55 elapsed=0.020719s count=269
[goal3838] lsi/numba_dense_all_pairs_scalar_count repeat 15/55 elapsed=0.020682s count=269
[goal3838] lsi/numba_dense_all_pairs_scalar_count repeat 16/55 elapsed=0.020666s count=269
[goal3838] lsi/numba_dense_all_pairs_scalar_count repeat 17/55 elapsed=0.020653s count=269
[goal3838] lsi/numba_dense_all_pairs_scalar_count repeat 18/55 elapsed=0.020644s count=269
[goal3838] lsi/numba_dense_all_pairs_scalar_count repeat 19/55 elapsed=0.020647s count=269
[goal3838] lsi/numba_dense_all_pairs_scalar_count repeat 20/55 elapsed=0.020648s count=269
[goal3838] lsi/numba_dense_all_pairs_scalar_count repeat 21/55 elapsed=0.020661s count=269
[goal3838] lsi/numba_dense_all_pairs_scalar_count repeat 22/55 elapsed=0.020667s count=269
[goal3838] lsi/numba_dense_all_pairs_scalar_count repeat 23/55 elapsed=0.020649s count=269
[goal3838] lsi/numba_dense_all_pairs_scalar_count repeat 24/55 elapsed=0.020644s count=269
[goal3838] lsi/numba_dense_all_pairs_scalar_count repeat 25/55 elapsed=0.020647s count=269
[goal3838] lsi/numba_dense_all_pairs_scalar_count repeat 26/55 elapsed=0.020653s count=269
[goal3838] lsi/numba_dense_all_pairs_scalar_count repeat 27/55 elapsed=0.020980s count=269
[goal3838] lsi/numba_dense_all_pairs_scalar_count repeat 28/55 elapsed=0.020784s count=269
[goal3838] lsi/numba_dense_all_pairs_scalar_count repeat 29/55 elapsed=0.020656s count=269
[goal3838] lsi/numba_dense_all_pairs_scalar_count repeat 30/55 elapsed=0.020674s count=269
[goal3838] lsi/numba_dense_all_pairs_scalar_count repeat 31/55 elapsed=0.020661s count=269
[goal3838] lsi/numba_dense_all_pairs_scalar_count repeat 32/55 elapsed=0.020652s count=269
[goal3838] lsi/numba_dense_all_pairs_scalar_count repeat 33/55 elapsed=0.020663s count=269
[goal3838] lsi/numba_dense_all_pairs_scalar_count repeat 34/55 elapsed=0.020662s count=269
[goal3838] lsi/numba_dense_all_pairs_scalar_count repeat 35/55 elapsed=0.020675s count=269
[goal3838] lsi/numba_dense_all_pairs_scalar_count repeat 36/55 elapsed=0.020677s count=269
[goal3838] lsi/numba_dense_all_pairs_scalar_count repeat 37/55 elapsed=0.020653s count=269
[goal3838] lsi/numba_dense_all_pairs_scalar_count repeat 38/55 elapsed=0.020674s count=269
[goal3838] lsi/numba_dense_all_pairs_scalar_count repeat 39/55 elapsed=0.020657s count=269
[goal3838] lsi/numba_dense_all_pairs_scalar_count repeat 40/55 elapsed=0.020652s count=269
[goal3838] lsi/numba_dense_all_pairs_scalar_count repeat 41/55 elapsed=0.020666s count=269
[goal3838] lsi/numba_dense_all_pairs_scalar_count repeat 42/55 elapsed=0.020653s count=269
[goal3838] lsi/numba_dense_all_pairs_scalar_count repeat 43/55 elapsed=0.020654s count=269
[goal3838] lsi/numba_dense_all_pairs_scalar_count repeat 44/55 elapsed=0.020662s count=269
[goal3838] lsi/numba_dense_all_pairs_scalar_count repeat 45/55 elapsed=0.020755s count=269
[goal3838] lsi/numba_dense_all_pairs_scalar_count repeat 46/55 elapsed=0.020657s count=269
[goal3838] lsi/numba_dense_all_pairs_scalar_count repeat 47/55 elapsed=0.020648s count=269
[goal3838] lsi/numba_dense_all_pairs_scalar_count repeat 48/55 elapsed=0.020658s count=269
[goal3838] lsi/numba_dense_all_pairs_scalar_count repeat 49/55 elapsed=0.020655s count=269
[goal3838] lsi/numba_dense_all_pairs_scalar_count repeat 50/55 elapsed=0.020651s count=269
[goal3838] lsi/numba_dense_all_pairs_scalar_count repeat 51/55 elapsed=0.020650s count=269
[goal3838] lsi/numba_dense_all_pairs_scalar_count repeat 52/55 elapsed=0.020646s count=269
[goal3838] lsi/numba_dense_all_pairs_scalar_count repeat 53/55 elapsed=0.020653s count=269
[goal3838] lsi/numba_dense_all_pairs_scalar_count repeat 54/55 elapsed=0.020658s count=269
[goal3838] lsi/numba_dense_all_pairs_scalar_count repeat 55/55 elapsed=0.020656s count=269
[goal3838] lsi_county512_soil512 RTDL/OptiX route start
[goal3838] overlay_county512_soil512 Numba baseline start
[goal3838] overlay_seed/numba_dense_all_pairs_scalar_count warmup 1/55 elapsed=0.681290s count=174
[goal3838] overlay_seed/numba_dense_all_pairs_scalar_count warmup 2/55 elapsed=0.048720s count=174
[goal3838] overlay_seed/numba_dense_all_pairs_scalar_count warmup 3/55 elapsed=0.049116s count=174
[goal3838] overlay_seed/numba_dense_all_pairs_scalar_count warmup 4/55 elapsed=0.049341s count=174
[goal3838] overlay_seed/numba_dense_all_pairs_scalar_count warmup 5/55 elapsed=0.048692s count=174
[goal3838] overlay_seed/numba_dense_all_pairs_scalar_count repeat 6/55 elapsed=0.048673s count=174
[goal3838] overlay_seed/numba_dense_all_pairs_scalar_count repeat 7/55 elapsed=0.049806s count=174
[goal3838] overlay_seed/numba_dense_all_pairs_scalar_count repeat 8/55 elapsed=0.048684s count=174
[goal3838] overlay_seed/numba_dense_all_pairs_scalar_count repeat 9/55 elapsed=0.049170s count=174
[goal3838] overlay_seed/numba_dense_all_pairs_scalar_count repeat 10/55 elapsed=0.049880s count=174
[goal3838] overlay_seed/numba_dense_all_pairs_scalar_count repeat 11/55 elapsed=0.049781s count=174
[goal3838] overlay_seed/numba_dense_all_pairs_scalar_count repeat 12/55 elapsed=0.048650s count=174
[goal3838] overlay_seed/numba_dense_all_pairs_scalar_count repeat 13/55 elapsed=0.048648s count=174
[goal3838] overlay_seed/numba_dense_all_pairs_scalar_count repeat 14/55 elapsed=0.048854s count=174
[goal3838] overlay_seed/numba_dense_all_pairs_scalar_count repeat 15/55 elapsed=0.048642s count=174
[goal3838] overlay_seed/numba_dense_all_pairs_scalar_count repeat 16/55 elapsed=0.048646s count=174
[goal3838] overlay_seed/numba_dense_all_pairs_scalar_count repeat 17/55 elapsed=0.048647s count=174
[goal3838] overlay_seed/numba_dense_all_pairs_scalar_count repeat 18/55 elapsed=0.048713s count=174
[goal3838] overlay_seed/numba_dense_all_pairs_scalar_count repeat 19/55 elapsed=0.048681s count=174
[goal3838] overlay_seed/numba_dense_all_pairs_scalar_count repeat 20/55 elapsed=0.048641s count=174
[goal3838] overlay_seed/numba_dense_all_pairs_scalar_count repeat 21/55 elapsed=0.048687s count=174
[goal3838] overlay_seed/numba_dense_all_pairs_scalar_count repeat 22/55 elapsed=0.050434s count=174
[goal3838] overlay_seed/numba_dense_all_pairs_scalar_count repeat 23/55 elapsed=0.048985s count=174
[goal3838] overlay_seed/numba_dense_all_pairs_scalar_count repeat 24/55 elapsed=0.048706s count=174
[goal3838] overlay_seed/numba_dense_all_pairs_scalar_count repeat 25/55 elapsed=0.048647s count=174
[goal3838] overlay_seed/numba_dense_all_pairs_scalar_count repeat 26/55 elapsed=0.048646s count=174
[goal3838] overlay_seed/numba_dense_all_pairs_scalar_count repeat 27/55 elapsed=0.051272s count=174
[goal3838] overlay_seed/numba_dense_all_pairs_scalar_count repeat 28/55 elapsed=0.048678s count=174
[goal3838] overlay_seed/numba_dense_all_pairs_scalar_count repeat 29/55 elapsed=0.049060s count=174
[goal3838] overlay_seed/numba_dense_all_pairs_scalar_count repeat 30/55 elapsed=0.048648s count=174
[goal3838] overlay_seed/numba_dense_all_pairs_scalar_count repeat 31/55 elapsed=0.048651s count=174
[goal3838] overlay_seed/numba_dense_all_pairs_scalar_count repeat 32/55 elapsed=0.048640s count=174
[goal3838] overlay_seed/numba_dense_all_pairs_scalar_count repeat 33/55 elapsed=0.048762s count=174
[goal3838] overlay_seed/numba_dense_all_pairs_scalar_count repeat 34/55 elapsed=0.048650s count=174
[goal3838] overlay_seed/numba_dense_all_pairs_scalar_count repeat 35/55 elapsed=0.048642s count=174
[goal3838] overlay_seed/numba_dense_all_pairs_scalar_count repeat 36/55 elapsed=0.049747s count=174
[goal3838] overlay_seed/numba_dense_all_pairs_scalar_count repeat 37/55 elapsed=0.048901s count=174
[goal3838] overlay_seed/numba_dense_all_pairs_scalar_count repeat 38/55 elapsed=0.049755s count=174
[goal3838] overlay_seed/numba_dense_all_pairs_scalar_count repeat 39/55 elapsed=0.048672s count=174
[goal3838] overlay_seed/numba_dense_all_pairs_scalar_count repeat 40/55 elapsed=0.048642s count=174
[goal3838] overlay_seed/numba_dense_all_pairs_scalar_count repeat 41/55 elapsed=0.049273s count=174
[goal3838] overlay_seed/numba_dense_all_pairs_scalar_count repeat 42/55 elapsed=0.048695s count=174
[goal3838] overlay_seed/numba_dense_all_pairs_scalar_count repeat 43/55 elapsed=0.049132s count=174
[goal3838] overlay_seed/numba_dense_all_pairs_scalar_count repeat 44/55 elapsed=0.050975s count=174
[goal3838] overlay_seed/numba_dense_all_pairs_scalar_count repeat 45/55 elapsed=0.048671s count=174
[goal3838] overlay_seed/numba_dense_all_pairs_scalar_count repeat 46/55 elapsed=0.048862s count=174
[goal3838] overlay_seed/numba_dense_all_pairs_scalar_count repeat 47/55 elapsed=0.048690s count=174
[goal3838] overlay_seed/numba_dense_all_pairs_scalar_count repeat 48/55 elapsed=0.050015s count=174
[goal3838] overlay_seed/numba_dense_all_pairs_scalar_count repeat 49/55 elapsed=0.050808s count=174
[goal3838] overlay_seed/numba_dense_all_pairs_scalar_count repeat 50/55 elapsed=0.050058s count=174
[goal3838] overlay_seed/numba_dense_all_pairs_scalar_count repeat 51/55 elapsed=0.048655s count=174
[goal3838] overlay_seed/numba_dense_all_pairs_scalar_count repeat 52/55 elapsed=0.048791s count=174
[goal3838] overlay_seed/numba_dense_all_pairs_scalar_count repeat 53/55 elapsed=0.048623s count=174
[goal3838] overlay_seed/numba_dense_all_pairs_scalar_count repeat 54/55 elapsed=0.048639s count=174
[goal3838] overlay_seed/numba_dense_all_pairs_scalar_count repeat 55/55 elapsed=0.048636s count=174
[goal3838] overlay_county512_soil512 RTDL/OptiX route start
[goal3310] load RayJoin PIP case
[goal3310] points=512 polygons=478
[goal3310] exact_count=1417
[goal3310] single warmup 1/3
[goal3310] single warmup 2/3
[goal3310] single warmup 3/3
[goal3310] single repeat 1/12 0.219644 ms
[goal3310] single repeat 2/12 0.209822 ms
[goal3310] single repeat 3/12 0.205588 ms
[goal3310] single repeat 4/12 0.207970 ms
[goal3310] single repeat 5/12 0.211086 ms
[goal3310] single repeat 6/12 0.202906 ms
[goal3310] single repeat 7/12 0.202414 ms
[goal3310] single repeat 8/12 0.202733 ms
[goal3310] single repeat 9/12 0.210645 ms
[goal3310] single repeat 10/12 0.203951 ms
[goal3310] single repeat 11/12 0.202681 ms
[goal3310] single repeat 12/12 0.202537 ms
[goal3310] batch 1 executor prepared effective_streams=1
[goal3310] batch 1 warmup 1/3
[goal3310] batch 1 warmup 2/3
[goal3310] batch 1 warmup 3/3
[goal3310] batch 1 repeat 1/8 total=0.200789 ms per=0.200789 ms
[goal3310] batch 1 repeat 2/8 total=0.214634 ms per=0.214634 ms
[goal3310] batch 1 repeat 3/8 total=0.199000 ms per=0.199000 ms
[goal3310] batch 1 repeat 4/8 total=0.196341 ms per=0.196341 ms
[goal3310] batch 1 repeat 5/8 total=0.203930 ms per=0.203930 ms
[goal3310] batch 1 repeat 6/8 total=0.202871 ms per=0.202871 ms
[goal3310] batch 1 repeat 7/8 total=0.195318 ms per=0.195318 ms
[goal3310] batch 1 repeat 8/8 total=0.196264 ms per=0.196264 ms
[goal3310] batch 100 executor prepared effective_streams=16
[goal3310] batch 100 warmup 1/3
[goal3310] batch 100 warmup 2/3
[goal3310] batch 100 warmup 3/3
[goal3310] batch 100 repeat 1/8 total=2.424541 ms per=0.024245 ms
[goal3310] batch 100 repeat 2/8 total=2.383986 ms per=0.023840 ms
[goal3310] batch 100 repeat 3/8 total=2.377737 ms per=0.023777 ms
[goal3310] batch 100 repeat 4/8 total=2.403408 ms per=0.024034 ms
[goal3310] batch 100 repeat 5/8 total=2.411680 ms per=0.024117 ms
[goal3310] batch 100 repeat 6/8 total=2.397819 ms per=0.023978 ms
[goal3310] batch 100 repeat 7/8 total=2.410825 ms per=0.024108 ms
[goal3310] batch 100 repeat 8/8 total=2.406152 ms per=0.024062 ms
