[goal3834] Numba PIP baseline start
[goal3834] pip/numba_dense_all_pairs_scalar_count warmup 1/55 elapsed=0.391544s count=1417
[goal3834] pip/numba_dense_all_pairs_scalar_count warmup 2/55 elapsed=0.000570s count=1417
[goal3834] pip/numba_dense_all_pairs_scalar_count warmup 3/55 elapsed=0.000549s count=1417
[goal3834] pip/numba_dense_all_pairs_scalar_count warmup 4/55 elapsed=0.000502s count=1417
[goal3834] pip/numba_dense_all_pairs_scalar_count warmup 5/55 elapsed=0.000525s count=1417
[goal3834] pip/numba_dense_all_pairs_scalar_count repeat 6/55 elapsed=0.000570s count=1417
[goal3834] pip/numba_dense_all_pairs_scalar_count repeat 7/55 elapsed=0.000568s count=1417
[goal3834] pip/numba_dense_all_pairs_scalar_count repeat 8/55 elapsed=0.000495s count=1417
[goal3834] pip/numba_dense_all_pairs_scalar_count repeat 9/55 elapsed=0.000479s count=1417
[goal3834] pip/numba_dense_all_pairs_scalar_count repeat 10/55 elapsed=0.000511s count=1417
[goal3834] pip/numba_dense_all_pairs_scalar_count repeat 11/55 elapsed=0.000513s count=1417
[goal3834] pip/numba_dense_all_pairs_scalar_count repeat 12/55 elapsed=0.000531s count=1417
[goal3834] pip/numba_dense_all_pairs_scalar_count repeat 13/55 elapsed=0.000519s count=1417
[goal3834] pip/numba_dense_all_pairs_scalar_count repeat 14/55 elapsed=0.000650s count=1417
[goal3834] pip/numba_dense_all_pairs_scalar_count repeat 15/55 elapsed=0.000576s count=1417
[goal3834] pip/numba_dense_all_pairs_scalar_count repeat 16/55 elapsed=0.000566s count=1417
[goal3834] pip/numba_dense_all_pairs_scalar_count repeat 17/55 elapsed=0.000535s count=1417
[goal3834] pip/numba_dense_all_pairs_scalar_count repeat 18/55 elapsed=0.000501s count=1417
[goal3834] pip/numba_dense_all_pairs_scalar_count repeat 19/55 elapsed=0.000514s count=1417
[goal3834] pip/numba_dense_all_pairs_scalar_count repeat 20/55 elapsed=0.000537s count=1417
[goal3834] pip/numba_dense_all_pairs_scalar_count repeat 21/55 elapsed=0.000502s count=1417
[goal3834] pip/numba_dense_all_pairs_scalar_count repeat 22/55 elapsed=0.000501s count=1417
[goal3834] pip/numba_dense_all_pairs_scalar_count repeat 23/55 elapsed=0.000518s count=1417
[goal3834] pip/numba_dense_all_pairs_scalar_count repeat 24/55 elapsed=0.000511s count=1417
[goal3834] pip/numba_dense_all_pairs_scalar_count repeat 25/55 elapsed=0.000487s count=1417
[goal3834] pip/numba_dense_all_pairs_scalar_count repeat 26/55 elapsed=0.000510s count=1417
[goal3834] pip/numba_dense_all_pairs_scalar_count repeat 27/55 elapsed=0.000516s count=1417
[goal3834] pip/numba_dense_all_pairs_scalar_count repeat 28/55 elapsed=0.000495s count=1417
[goal3834] pip/numba_dense_all_pairs_scalar_count repeat 29/55 elapsed=0.000590s count=1417
[goal3834] pip/numba_dense_all_pairs_scalar_count repeat 30/55 elapsed=0.000550s count=1417
[goal3834] pip/numba_dense_all_pairs_scalar_count repeat 31/55 elapsed=0.000503s count=1417
[goal3834] pip/numba_dense_all_pairs_scalar_count repeat 32/55 elapsed=0.000484s count=1417
[goal3834] pip/numba_dense_all_pairs_scalar_count repeat 33/55 elapsed=0.000507s count=1417
[goal3834] pip/numba_dense_all_pairs_scalar_count repeat 34/55 elapsed=0.000520s count=1417
[goal3834] pip/numba_dense_all_pairs_scalar_count repeat 35/55 elapsed=0.000525s count=1417
[goal3834] pip/numba_dense_all_pairs_scalar_count repeat 36/55 elapsed=0.000493s count=1417
[goal3834] pip/numba_dense_all_pairs_scalar_count repeat 37/55 elapsed=0.000551s count=1417
[goal3834] pip/numba_dense_all_pairs_scalar_count repeat 38/55 elapsed=0.000509s count=1417
[goal3834] pip/numba_dense_all_pairs_scalar_count repeat 39/55 elapsed=0.000524s count=1417
[goal3834] pip/numba_dense_all_pairs_scalar_count repeat 40/55 elapsed=0.000558s count=1417
[goal3834] pip/numba_dense_all_pairs_scalar_count repeat 41/55 elapsed=0.000538s count=1417
[goal3834] pip/numba_dense_all_pairs_scalar_count repeat 42/55 elapsed=0.000512s count=1417
[goal3834] pip/numba_dense_all_pairs_scalar_count repeat 43/55 elapsed=0.000531s count=1417
[goal3834] pip/numba_dense_all_pairs_scalar_count repeat 44/55 elapsed=0.000567s count=1417
[goal3834] pip/numba_dense_all_pairs_scalar_count repeat 45/55 elapsed=0.000483s count=1417
[goal3834] pip/numba_dense_all_pairs_scalar_count repeat 46/55 elapsed=0.000504s count=1417
[goal3834] pip/numba_dense_all_pairs_scalar_count repeat 47/55 elapsed=0.000495s count=1417
[goal3834] pip/numba_dense_all_pairs_scalar_count repeat 48/55 elapsed=0.000508s count=1417
[goal3834] pip/numba_dense_all_pairs_scalar_count repeat 49/55 elapsed=0.000558s count=1417
[goal3834] pip/numba_dense_all_pairs_scalar_count repeat 50/55 elapsed=0.000542s count=1417
[goal3834] pip/numba_dense_all_pairs_scalar_count repeat 51/55 elapsed=0.000495s count=1417
[goal3834] pip/numba_dense_all_pairs_scalar_count repeat 52/55 elapsed=0.000476s count=1417
[goal3834] pip/numba_dense_all_pairs_scalar_count repeat 53/55 elapsed=0.000518s count=1417
[goal3834] pip/numba_dense_all_pairs_scalar_count repeat 54/55 elapsed=0.000484s count=1417
[goal3834] pip/numba_dense_all_pairs_scalar_count repeat 55/55 elapsed=0.000484s count=1417
[goal3834] RTDL/OptiX PIP route start
[goal3838] lsi_county512_soil512 Numba baseline start
[goal3838] lsi/numba_dense_all_pairs_scalar_count warmup 1/55 elapsed=0.131018s count=269
[goal3838] lsi/numba_dense_all_pairs_scalar_count warmup 2/55 elapsed=0.023725s count=269
[goal3838] lsi/numba_dense_all_pairs_scalar_count warmup 3/55 elapsed=0.023725s count=269
[goal3838] lsi/numba_dense_all_pairs_scalar_count warmup 4/55 elapsed=0.023699s count=269
[goal3838] lsi/numba_dense_all_pairs_scalar_count warmup 5/55 elapsed=0.023699s count=269
[goal3838] lsi/numba_dense_all_pairs_scalar_count repeat 6/55 elapsed=0.023716s count=269
[goal3838] lsi/numba_dense_all_pairs_scalar_count repeat 7/55 elapsed=0.023681s count=269
[goal3838] lsi/numba_dense_all_pairs_scalar_count repeat 8/55 elapsed=0.022399s count=269
[goal3838] lsi/numba_dense_all_pairs_scalar_count repeat 9/55 elapsed=0.020605s count=269
[goal3838] lsi/numba_dense_all_pairs_scalar_count repeat 10/55 elapsed=0.020990s count=269
[goal3838] lsi/numba_dense_all_pairs_scalar_count repeat 11/55 elapsed=0.020797s count=269
[goal3838] lsi/numba_dense_all_pairs_scalar_count repeat 12/55 elapsed=0.020634s count=269
[goal3838] lsi/numba_dense_all_pairs_scalar_count repeat 13/55 elapsed=0.020610s count=269
[goal3838] lsi/numba_dense_all_pairs_scalar_count repeat 14/55 elapsed=0.020622s count=269
[goal3838] lsi/numba_dense_all_pairs_scalar_count repeat 15/55 elapsed=0.020626s count=269
[goal3838] lsi/numba_dense_all_pairs_scalar_count repeat 16/55 elapsed=0.020614s count=269
[goal3838] lsi/numba_dense_all_pairs_scalar_count repeat 17/55 elapsed=0.020617s count=269
[goal3838] lsi/numba_dense_all_pairs_scalar_count repeat 18/55 elapsed=0.020620s count=269
[goal3838] lsi/numba_dense_all_pairs_scalar_count repeat 19/55 elapsed=0.020614s count=269
[goal3838] lsi/numba_dense_all_pairs_scalar_count repeat 20/55 elapsed=0.020616s count=269
[goal3838] lsi/numba_dense_all_pairs_scalar_count repeat 21/55 elapsed=0.020611s count=269
[goal3838] lsi/numba_dense_all_pairs_scalar_count repeat 22/55 elapsed=0.020609s count=269
[goal3838] lsi/numba_dense_all_pairs_scalar_count repeat 23/55 elapsed=0.020604s count=269
[goal3838] lsi/numba_dense_all_pairs_scalar_count repeat 24/55 elapsed=0.020588s count=269
[goal3838] lsi/numba_dense_all_pairs_scalar_count repeat 25/55 elapsed=0.020897s count=269
[goal3838] lsi/numba_dense_all_pairs_scalar_count repeat 26/55 elapsed=0.020625s count=269
[goal3838] lsi/numba_dense_all_pairs_scalar_count repeat 27/55 elapsed=0.020617s count=269
[goal3838] lsi/numba_dense_all_pairs_scalar_count repeat 28/55 elapsed=0.020602s count=269
[goal3838] lsi/numba_dense_all_pairs_scalar_count repeat 29/55 elapsed=0.020605s count=269
[goal3838] lsi/numba_dense_all_pairs_scalar_count repeat 30/55 elapsed=0.020608s count=269
[goal3838] lsi/numba_dense_all_pairs_scalar_count repeat 31/55 elapsed=0.020608s count=269
[goal3838] lsi/numba_dense_all_pairs_scalar_count repeat 32/55 elapsed=0.020596s count=269
[goal3838] lsi/numba_dense_all_pairs_scalar_count repeat 33/55 elapsed=0.020601s count=269
[goal3838] lsi/numba_dense_all_pairs_scalar_count repeat 34/55 elapsed=0.020609s count=269
[goal3838] lsi/numba_dense_all_pairs_scalar_count repeat 35/55 elapsed=0.020610s count=269
[goal3838] lsi/numba_dense_all_pairs_scalar_count repeat 36/55 elapsed=0.020608s count=269
[goal3838] lsi/numba_dense_all_pairs_scalar_count repeat 37/55 elapsed=0.020602s count=269
[goal3838] lsi/numba_dense_all_pairs_scalar_count repeat 38/55 elapsed=0.020604s count=269
[goal3838] lsi/numba_dense_all_pairs_scalar_count repeat 39/55 elapsed=0.020611s count=269
[goal3838] lsi/numba_dense_all_pairs_scalar_count repeat 40/55 elapsed=0.020607s count=269
[goal3838] lsi/numba_dense_all_pairs_scalar_count repeat 41/55 elapsed=0.020609s count=269
[goal3838] lsi/numba_dense_all_pairs_scalar_count repeat 42/55 elapsed=0.020601s count=269
[goal3838] lsi/numba_dense_all_pairs_scalar_count repeat 43/55 elapsed=0.020604s count=269
[goal3838] lsi/numba_dense_all_pairs_scalar_count repeat 44/55 elapsed=0.020608s count=269
[goal3838] lsi/numba_dense_all_pairs_scalar_count repeat 45/55 elapsed=0.020681s count=269
[goal3838] lsi/numba_dense_all_pairs_scalar_count repeat 46/55 elapsed=0.020617s count=269
[goal3838] lsi/numba_dense_all_pairs_scalar_count repeat 47/55 elapsed=0.020663s count=269
[goal3838] lsi/numba_dense_all_pairs_scalar_count repeat 48/55 elapsed=0.020627s count=269
[goal3838] lsi/numba_dense_all_pairs_scalar_count repeat 49/55 elapsed=0.020614s count=269
[goal3838] lsi/numba_dense_all_pairs_scalar_count repeat 50/55 elapsed=0.020601s count=269
[goal3838] lsi/numba_dense_all_pairs_scalar_count repeat 51/55 elapsed=0.020604s count=269
[goal3838] lsi/numba_dense_all_pairs_scalar_count repeat 52/55 elapsed=0.020601s count=269
[goal3838] lsi/numba_dense_all_pairs_scalar_count repeat 53/55 elapsed=0.020605s count=269
[goal3838] lsi/numba_dense_all_pairs_scalar_count repeat 54/55 elapsed=0.020607s count=269
[goal3838] lsi/numba_dense_all_pairs_scalar_count repeat 55/55 elapsed=0.020605s count=269
[goal3838] lsi_county512_soil512 RTDL/OptiX route start
[goal3838] overlay_county512_soil512 Numba baseline start
[goal3838] overlay_seed/numba_dense_all_pairs_scalar_count warmup 1/55 elapsed=0.670211s count=174
[goal3838] overlay_seed/numba_dense_all_pairs_scalar_count warmup 2/55 elapsed=0.049859s count=174
[goal3838] overlay_seed/numba_dense_all_pairs_scalar_count warmup 3/55 elapsed=0.049220s count=174
[goal3838] overlay_seed/numba_dense_all_pairs_scalar_count warmup 4/55 elapsed=0.048716s count=174
[goal3838] overlay_seed/numba_dense_all_pairs_scalar_count warmup 5/55 elapsed=0.048709s count=174
[goal3838] overlay_seed/numba_dense_all_pairs_scalar_count repeat 6/55 elapsed=0.049845s count=174
[goal3838] overlay_seed/numba_dense_all_pairs_scalar_count repeat 7/55 elapsed=0.048696s count=174
[goal3838] overlay_seed/numba_dense_all_pairs_scalar_count repeat 8/55 elapsed=0.048687s count=174
[goal3838] overlay_seed/numba_dense_all_pairs_scalar_count repeat 9/55 elapsed=0.048678s count=174
[goal3838] overlay_seed/numba_dense_all_pairs_scalar_count repeat 10/55 elapsed=0.051822s count=174
[goal3838] overlay_seed/numba_dense_all_pairs_scalar_count repeat 11/55 elapsed=0.049047s count=174
[goal3838] overlay_seed/numba_dense_all_pairs_scalar_count repeat 12/55 elapsed=0.048688s count=174
[goal3838] overlay_seed/numba_dense_all_pairs_scalar_count repeat 13/55 elapsed=0.048839s count=174
[goal3838] overlay_seed/numba_dense_all_pairs_scalar_count repeat 14/55 elapsed=0.048671s count=174
[goal3838] overlay_seed/numba_dense_all_pairs_scalar_count repeat 15/55 elapsed=0.048870s count=174
[goal3838] overlay_seed/numba_dense_all_pairs_scalar_count repeat 16/55 elapsed=0.048800s count=174
[goal3838] overlay_seed/numba_dense_all_pairs_scalar_count repeat 17/55 elapsed=0.048802s count=174
[goal3838] overlay_seed/numba_dense_all_pairs_scalar_count repeat 18/55 elapsed=0.048825s count=174
[goal3838] overlay_seed/numba_dense_all_pairs_scalar_count repeat 19/55 elapsed=0.048669s count=174
[goal3838] overlay_seed/numba_dense_all_pairs_scalar_count repeat 20/55 elapsed=0.048673s count=174
[goal3838] overlay_seed/numba_dense_all_pairs_scalar_count repeat 21/55 elapsed=0.048683s count=174
[goal3838] overlay_seed/numba_dense_all_pairs_scalar_count repeat 22/55 elapsed=0.048682s count=174
[goal3838] overlay_seed/numba_dense_all_pairs_scalar_count repeat 23/55 elapsed=0.048670s count=174
[goal3838] overlay_seed/numba_dense_all_pairs_scalar_count repeat 24/55 elapsed=0.049279s count=174
[goal3838] overlay_seed/numba_dense_all_pairs_scalar_count repeat 25/55 elapsed=0.048669s count=174
[goal3838] overlay_seed/numba_dense_all_pairs_scalar_count repeat 26/55 elapsed=0.049324s count=174
[goal3838] overlay_seed/numba_dense_all_pairs_scalar_count repeat 27/55 elapsed=0.051517s count=174
[goal3838] overlay_seed/numba_dense_all_pairs_scalar_count repeat 28/55 elapsed=0.049241s count=174
[goal3838] overlay_seed/numba_dense_all_pairs_scalar_count repeat 29/55 elapsed=0.049074s count=174
[goal3838] overlay_seed/numba_dense_all_pairs_scalar_count repeat 30/55 elapsed=0.049761s count=174
[goal3838] overlay_seed/numba_dense_all_pairs_scalar_count repeat 31/55 elapsed=0.049384s count=174
[goal3838] overlay_seed/numba_dense_all_pairs_scalar_count repeat 32/55 elapsed=0.048836s count=174
[goal3838] overlay_seed/numba_dense_all_pairs_scalar_count repeat 33/55 elapsed=0.049896s count=174
[goal3838] overlay_seed/numba_dense_all_pairs_scalar_count repeat 34/55 elapsed=0.048984s count=174
[goal3838] overlay_seed/numba_dense_all_pairs_scalar_count repeat 35/55 elapsed=0.048747s count=174
[goal3838] overlay_seed/numba_dense_all_pairs_scalar_count repeat 36/55 elapsed=0.048755s count=174
[goal3838] overlay_seed/numba_dense_all_pairs_scalar_count repeat 37/55 elapsed=0.048694s count=174
[goal3838] overlay_seed/numba_dense_all_pairs_scalar_count repeat 38/55 elapsed=0.049172s count=174
[goal3838] overlay_seed/numba_dense_all_pairs_scalar_count repeat 39/55 elapsed=0.048726s count=174
[goal3838] overlay_seed/numba_dense_all_pairs_scalar_count repeat 40/55 elapsed=0.048696s count=174
[goal3838] overlay_seed/numba_dense_all_pairs_scalar_count repeat 41/55 elapsed=0.048732s count=174
[goal3838] overlay_seed/numba_dense_all_pairs_scalar_count repeat 42/55 elapsed=0.049515s count=174
[goal3838] overlay_seed/numba_dense_all_pairs_scalar_count repeat 43/55 elapsed=0.050145s count=174
[goal3838] overlay_seed/numba_dense_all_pairs_scalar_count repeat 44/55 elapsed=0.048914s count=174
[goal3838] overlay_seed/numba_dense_all_pairs_scalar_count repeat 45/55 elapsed=0.048674s count=174
[goal3838] overlay_seed/numba_dense_all_pairs_scalar_count repeat 46/55 elapsed=0.049277s count=174
[goal3838] overlay_seed/numba_dense_all_pairs_scalar_count repeat 47/55 elapsed=0.048673s count=174
[goal3838] overlay_seed/numba_dense_all_pairs_scalar_count repeat 48/55 elapsed=0.049365s count=174
[goal3838] overlay_seed/numba_dense_all_pairs_scalar_count repeat 49/55 elapsed=0.048881s count=174
[goal3838] overlay_seed/numba_dense_all_pairs_scalar_count repeat 50/55 elapsed=0.048671s count=174
[goal3838] overlay_seed/numba_dense_all_pairs_scalar_count repeat 51/55 elapsed=0.048882s count=174
[goal3838] overlay_seed/numba_dense_all_pairs_scalar_count repeat 52/55 elapsed=0.049759s count=174
[goal3838] overlay_seed/numba_dense_all_pairs_scalar_count repeat 53/55 elapsed=0.048825s count=174
[goal3838] overlay_seed/numba_dense_all_pairs_scalar_count repeat 54/55 elapsed=0.048839s count=174
[goal3838] overlay_seed/numba_dense_all_pairs_scalar_count repeat 55/55 elapsed=0.048882s count=174
[goal3838] overlay_county512_soil512 RTDL/OptiX route start
[goal3310] load RayJoin PIP case
[goal3310] points=512 polygons=478
[goal3310] exact_count=1417
[goal3310] single warmup 1/3
[goal3310] single warmup 2/3
[goal3310] single warmup 3/3
[goal3310] single repeat 1/12 0.227120 ms
[goal3310] single repeat 2/12 0.231223 ms
[goal3310] single repeat 3/12 0.227127 ms
[goal3310] single repeat 4/12 0.221466 ms
[goal3310] single repeat 5/12 0.212562 ms
[goal3310] single repeat 6/12 0.212673 ms
[goal3310] single repeat 7/12 0.211279 ms
[goal3310] single repeat 8/12 0.211398 ms
[goal3310] single repeat 9/12 0.210855 ms
[goal3310] single repeat 10/12 0.218876 ms
[goal3310] single repeat 11/12 0.211656 ms
[goal3310] single repeat 12/12 0.211341 ms
[goal3310] batch 1 executor prepared effective_streams=1
[goal3310] batch 1 warmup 1/3
[goal3310] batch 1 warmup 2/3
[goal3310] batch 1 warmup 3/3
[goal3310] batch 1 repeat 1/8 total=0.205252 ms per=0.205252 ms
[goal3310] batch 1 repeat 2/8 total=0.211669 ms per=0.211669 ms
[goal3310] batch 1 repeat 3/8 total=0.239179 ms per=0.239179 ms
[goal3310] batch 1 repeat 4/8 total=0.209959 ms per=0.209959 ms
[goal3310] batch 1 repeat 5/8 total=0.205132 ms per=0.205132 ms
[goal3310] batch 1 repeat 6/8 total=0.204984 ms per=0.204984 ms
[goal3310] batch 1 repeat 7/8 total=0.206152 ms per=0.206152 ms
[goal3310] batch 1 repeat 8/8 total=0.204345 ms per=0.204345 ms
[goal3310] batch 100 executor prepared effective_streams=16
[goal3310] batch 100 warmup 1/3
[goal3310] batch 100 warmup 2/3
[goal3310] batch 100 warmup 3/3
[goal3310] batch 100 repeat 1/8 total=2.424331 ms per=0.024243 ms
[goal3310] batch 100 repeat 2/8 total=2.415802 ms per=0.024158 ms
[goal3310] batch 100 repeat 3/8 total=2.414146 ms per=0.024141 ms
[goal3310] batch 100 repeat 4/8 total=2.385379 ms per=0.023854 ms
[goal3310] batch 100 repeat 5/8 total=2.449087 ms per=0.024491 ms
[goal3310] batch 100 repeat 6/8 total=2.421100 ms per=0.024211 ms
[goal3310] batch 100 repeat 7/8 total=2.421778 ms per=0.024218 ms
[goal3310] batch 100 repeat 8/8 total=2.414846 ms per=0.024148 ms
