I20260607 04:31:03.988682 391211 planar_graph.h:117] Map test/dataset/br_county_clean_25_odyssey_final.txt is loaded, chains: 16545 points: 342738 edges: 326193, min seg len: 1.00231e-06, max seg len: 1.70957, avg seg len: 0.0139987, stdev: 0.0167057
I20260607 04:31:06.208915 391211 planar_graph.h:117] Map test/dataset/br_soil_ascii_odyssey_final.txt is loaded, chains: 7950 points: 258961 edges: 251011, min seg len: 0.0001, max seg len: 3.51433, avg seg len: 0.021172, stdev: 0.028759
I20260607 04:31:06.209805 391211 context.h:51] Bounding Box, Bottom-left: (-73.9909, -35.8075), Top-right: (-25.7463, 7.0518)
I20260607 04:31:06.209818 391211 context.h:58] Scaled Bounding Box, Bottom-left: (-67567699565941, -67231435116770), Top-right: (67567699565940, 67231435116769)
I20260607 04:31:06.209827 391211 context.h:61] Unscaled Bounding Box, Bottom-left: (-73.9909, -35.8075), Top-right: (-25.7463, 7.0518)
I20260607 04:31:06.333698 391211 rt_engine.cu:282] Info: Pipeline statistics
	module(s)                            :     1
	entry function(s)                    :     2
	trace call(s)                        :     1
	continuation callable call(s)        :     0
	direct callable call(s)              :     0
	basic block(s) in entry functions    :    23
	instruction(s) in entry functions    :   646
	non-entry function(s)                :     1
	basic block(s) in non-entry functions:     1
	instruction(s) in non-entry functions:     1
	debug information                    :    no
I20260607 04:31:06.343643 391211 rt_engine.cu:282] Info: Pipeline statistics
	module(s)                            :     1
	entry function(s)                    :     2
	trace call(s)                        :     1
	continuation callable call(s)        :     0
	direct callable call(s)              :     0
	basic block(s) in entry functions    :    51
	instruction(s) in entry functions    :   775
	non-entry function(s)                :     1
	basic block(s) in non-entry functions:     1
	instruction(s) in non-entry functions:     1
	debug information                    :    no
I20260607 04:31:06.345357 391211 run_query.cu:231] Queue capacity: 57720
I20260607 04:31:06.345376 391211 lsi.h:22] Queue size: 2 MB
I20260607 04:31:06.346168 391211 primitive.h:256] Enlarge limit: 5 max iter:5 ne: 326193 aabbs: 29033 Compress ratio: 0.910994 Time: 0.381 ms
I20260607 04:31:06.346289 391211 rt_engine.cu:397] Building AS, num prims: 29033, Required Temp Size: 2213504 Output Size: 1087872
I20260607 04:31:06.346949 391211 lsi_rt.h:50] queries: 251011
I20260607 04:31:06.347011 391211 rt_engine.h:159] Parm size: 176
I20260607 04:31:06.347031 391211 rt_engine.cu:554] optixLaunch, [w,h,d] = 251011,1,1
I20260607 04:31:06.347940 391211 run_query.cu:303] Iter: 0
I20260607 04:31:06.347947 391211 lsi_rt.h:50] queries: 251011
I20260607 04:31:06.347961 391211 rt_engine.h:159] Parm size: 176
I20260607 04:31:06.347973 391211 rt_engine.cu:554] optixLaunch, [w,h,d] = 251011,1,1
I20260607 04:31:06.348839 391211 run_query.cu:308] Intersections: 20860 Queue Load Factor: 0.3614
Timing results:
 - Read map 0: 3629.96 ms

 - Read map 1: 2219.55 ms

 - Create App: 134.213 ms

 - Load Data: 1.29318 ms

 - Init: 0.427008 ms

 - Adaptive Grouping: 0.452995 ms

 - Build Index: 0.715017 ms

 - Warmup: 0.990868 ms

 - Query: 4.48799 ms

 - Cleanup: 11.729 ms

