I20260607 04:09:27.050292 390722 planar_graph.h:117] Map test/dataset/br_county_clean_25_odyssey_final.txt is loaded, chains: 16545 points: 342738 edges: 326193, min seg len: 1.00231e-06, max seg len: 1.70957, avg seg len: 0.0139987, stdev: 0.0167057
I20260607 04:09:29.520699 390722 planar_graph.h:117] Map test/dataset/br_soil_ascii_odyssey_final.txt is loaded, chains: 7950 points: 258961 edges: 251011, min seg len: 0.0001, max seg len: 3.51433, avg seg len: 0.021172, stdev: 0.028759
I20260607 04:09:29.521744 390722 context.h:51] Bounding Box, Bottom-left: (-73.9909, -35.8075), Top-right: (-25.7463, 7.0518)
I20260607 04:09:29.521762 390722 context.h:58] Scaled Bounding Box, Bottom-left: (-67567699565941, -67231435116770), Top-right: (67567699565940, 67231435116769)
I20260607 04:09:29.521771 390722 context.h:61] Unscaled Bounding Box, Bottom-left: (-73.9909, -35.8075), Top-right: (-25.7463, 7.0518)
I20260607 04:09:29.666879 390722 rt_engine.cu:282] Info: Pipeline statistics
	module(s)                            :     1
	entry function(s)                    :     2
	trace call(s)                        :     1
	continuation callable call(s)        :     0
	direct callable call(s)              :     0
	basic block(s) in entry functions    :    23
	instruction(s) in entry functions    :   646
	non-entry function(s)                :     1
	basic block(s) in non-entry functions:     1
	instruction(s) in non-entry functions:     1
	debug information                    :    no
I20260607 04:09:29.678942 390722 rt_engine.cu:282] Info: Pipeline statistics
	module(s)                            :     1
	entry function(s)                    :     2
	trace call(s)                        :     1
	continuation callable call(s)        :     0
	direct callable call(s)              :     0
	basic block(s) in entry functions    :    51
	instruction(s) in entry functions    :   775
	non-entry function(s)                :     1
	basic block(s) in non-entry functions:     1
	instruction(s) in non-entry functions:     1
	debug information                    :    no
I20260607 04:09:29.686833 390722 run_query.cu:231] Queue capacity: 57720
I20260607 04:09:29.686862 390722 lsi.h:22] Queue size: 2 MB
I20260607 04:09:29.692880 390722 primitive.h:256] Enlarge limit: 5 max iter:5 ne: 326193 aabbs: 29033 Compress ratio: 0.910994 Time: 0.412 ms
I20260607 04:09:29.692989 390722 rt_engine.cu:397] Building AS, num prims: 29033, Required Temp Size: 2213504 Output Size: 1087872
I20260607 04:09:29.695125 390722 lsi_rt.h:50] queries: 251011
I20260607 04:09:29.695235 390722 rt_engine.h:159] Parm size: 176
I20260607 04:09:29.695261 390722 rt_engine.cu:554] optixLaunch, [w,h,d] = 251011,1,1
I20260607 04:09:29.696202 390722 run_query.cu:303] Iter: 0
I20260607 04:09:29.696213 390722 lsi_rt.h:50] queries: 251011
I20260607 04:09:29.696229 390722 rt_engine.h:159] Parm size: 176
I20260607 04:09:29.696244 390722 rt_engine.cu:554] optixLaunch, [w,h,d] = 251011,1,1
I20260607 04:09:29.697113 390722 run_query.cu:308] Intersections: 20860 Queue Load Factor: 0.3614
Timing results:
 - Read map 0: 3607.5 ms

 - Read map 1: 2469.88 ms

 - Create App: 158.738 ms

 - Load Data: 6.29711 ms

 - Init: 5.63192 ms

 - Adaptive Grouping: 0.460148 ms

 - Build Index: 2.20084 ms

 - Warmup: 1.07908 ms

 - Query: 5.14889 ms

 - Cleanup: 23.9401 ms

