{
  "app": "rayjoin_v2_spatial_join",
  "backend": "optix",
  "claim_boundary": {
    "full_rayjoin_reproduction": false,
    "paper_scale_perf_claim_authorized": false,
    "requires_pod_for_optix_perf": false,
    "rtdl_beats_rayjoin_claim_authorized": false,
    "v2_0_release_authorized": false,
    "whole_app_speedup_claim_authorized": false
  },
  "count_mode": "exact",
  "dataset": "tests/fixtures/rayjoin/br_county_subset.cdb",
  "dataset_note": "County subset probe points against deterministic chain-derived polygons.",
  "device_resident_continuation_status": "not_complete: prepared query can avoid Python row materialization for counts, but generic downstream row-stream continuation still needs pod/native work",
  "execution_route": "prepared_optix",
  "native_engine_boundary": "The engine sees generic prepared point/closed-shape, segment-pair, or shape-pair contracts. RayJoin application policy and paper-specific interpretation stay in Python.",
  "native_phase_timings": {
    "candidate_count_pass": 0.0,
    "candidate_download": 6.651e-06,
    "candidate_write_pass": 2.6661e-05,
    "emitted_count": 6,
    "exact_refine": 2.24e-06,
    "mode": "count",
    "point_pack": 9e-08,
    "point_upload": 1.8981e-05,
    "raw_candidate_count": 6
  },
  "phases_sec": {
    "prepare_static_scene_sec": 1.2325040847063065,
    "prepared_query_sec": 9.775161743164062e-05,
    "prepared_query_sec_repeat": 2000,
    "prepared_query_sec_total_sec": 0.19963493943214417,
    "prepared_query_sec_warmup": 10,
    "query_pack_sec": 2.022087574005127e-05,
    "query_point_order_sec": 4.7460198402404785e-06,
    "static_shape_pack_sec": 9.113550186157227e-05
  },
  "point_order_mode": "natural",
  "repeat_protocol": {
    "measured_query_total_sec": 0.19963493943214417,
    "repeat": 2000,
    "reported_query_metric": "prepared_query_median",
    "warmup": 10
  },
  "result_mode": "count",
  "row_count": 6,
  "segment_order_mode": null,
  "summary": {
    "boundary_event_contract_not_positive_membership": null,
    "boundary_event_grouped_count_device_columns": null,
    "boundary_event_row_count": null,
    "count_mode": "exact",
    "device_filtered_boundary_mode": null,
    "device_filtered_count_matches_exact": null,
    "device_filtered_is_exact_authority": false,
    "exact_prepared_points_matches_host_exact": null,
    "exact_prepared_points_reuses_query_columns": null,
    "output_contract": "point_to_shape_positive_hit_count",
    "point_id_count_device_columns": null,
    "point_order_mode": "natural",
    "positive_assignment_count": 6,
    "positive_hit_row_count": 6,
    "prepared_point_batch_executor": null,
    "prepared_point_probe_columns": null,
    "validation_exact_count": null
  },
  "workload": "pip"
}
