[goal2348] RTDL batched 3D start backend=embree queries=65536 search=65536 batch_size=65536 batches=1 result_mode=ranked-summary-raw
[goal2348] RTDL batched 3D repeat 1/80 ok=True sec=0.157162
[goal2348] RTDL batched 3D repeat 2/80 ok=True sec=0.128469
[goal2348] RTDL batched 3D repeat 3/80 ok=True sec=0.122713
[goal2348] RTDL batched 3D repeat 4/80 ok=True sec=0.124007
[goal2348] RTDL batched 3D repeat 5/80 ok=True sec=0.121090
[goal2348] RTDL batched 3D repeat 6/80 ok=True sec=0.122190
[goal2348] RTDL batched 3D repeat 7/80 ok=True sec=0.122834
[goal2348] RTDL batched 3D repeat 8/80 ok=True sec=0.121728
[goal2348] RTDL batched 3D repeat 9/80 ok=True sec=0.122849
[goal2348] RTDL batched 3D repeat 10/80 ok=True sec=0.123721
[goal2348] RTDL batched 3D repeat 11/80 ok=True sec=0.122718
[goal2348] RTDL batched 3D repeat 12/80 ok=True sec=0.123437
[goal2348] RTDL batched 3D repeat 13/80 ok=True sec=0.123952
[goal2348] RTDL batched 3D repeat 14/80 ok=True sec=0.123047
[goal2348] RTDL batched 3D repeat 15/80 ok=True sec=0.123276
[goal2348] RTDL batched 3D repeat 16/80 ok=True sec=0.123658
[goal2348] RTDL batched 3D repeat 17/80 ok=True sec=0.121800
[goal2348] RTDL batched 3D repeat 18/80 ok=True sec=0.125563
[goal2348] RTDL batched 3D repeat 19/80 ok=True sec=0.123783
[goal2348] RTDL batched 3D repeat 20/80 ok=True sec=0.121039
[goal2348] RTDL batched 3D repeat 21/80 ok=True sec=0.123530
[goal2348] RTDL batched 3D repeat 22/80 ok=True sec=0.123644
[goal2348] RTDL batched 3D repeat 23/80 ok=True sec=0.123688
[goal2348] RTDL batched 3D repeat 24/80 ok=True sec=0.122395
[goal2348] RTDL batched 3D repeat 25/80 ok=True sec=0.123657
[goal2348] RTDL batched 3D repeat 26/80 ok=True sec=0.120495
[goal2348] RTDL batched 3D repeat 27/80 ok=True sec=0.121563
[goal2348] RTDL batched 3D repeat 28/80 ok=True sec=0.124783
[goal2348] RTDL batched 3D repeat 29/80 ok=True sec=0.121563
[goal2348] RTDL batched 3D repeat 30/80 ok=True sec=0.122200
[goal2348] RTDL batched 3D repeat 31/80 ok=True sec=0.123808
[goal2348] RTDL batched 3D repeat 32/80 ok=True sec=0.121637
[goal2348] RTDL batched 3D repeat 33/80 ok=True sec=0.121004
[goal2348] RTDL batched 3D repeat 34/80 ok=True sec=0.120811
[goal2348] RTDL batched 3D repeat 35/80 ok=True sec=0.123066
[goal2348] RTDL batched 3D repeat 36/80 ok=True sec=0.123584
[goal2348] RTDL batched 3D repeat 37/80 ok=True sec=0.122056
[goal2348] RTDL batched 3D repeat 38/80 ok=True sec=0.121374
[goal2348] RTDL batched 3D repeat 39/80 ok=True sec=0.123014
[goal2348] RTDL batched 3D repeat 40/80 ok=True sec=0.124211
[goal2348] RTDL batched 3D repeat 41/80 ok=True sec=0.121492
[goal2348] RTDL batched 3D repeat 42/80 ok=True sec=0.123613
[goal2348] RTDL batched 3D repeat 43/80 ok=True sec=0.123156
[goal2348] RTDL batched 3D repeat 44/80 ok=True sec=0.123936
[goal2348] RTDL batched 3D repeat 45/80 ok=True sec=0.123149
[goal2348] RTDL batched 3D repeat 46/80 ok=True sec=0.123723
[goal2348] RTDL batched 3D repeat 47/80 ok=True sec=0.123749
[goal2348] RTDL batched 3D repeat 48/80 ok=True sec=0.122895
[goal2348] RTDL batched 3D repeat 49/80 ok=True sec=0.122940
[goal2348] RTDL batched 3D repeat 50/80 ok=True sec=0.121171
[goal2348] RTDL batched 3D repeat 51/80 ok=True sec=0.122321
[goal2348] RTDL batched 3D repeat 52/80 ok=True sec=0.123033
[goal2348] RTDL batched 3D repeat 53/80 ok=True sec=0.121787
[goal2348] RTDL batched 3D repeat 54/80 ok=True sec=0.122949
[goal2348] RTDL batched 3D repeat 55/80 ok=True sec=0.122247
[goal2348] RTDL batched 3D repeat 56/80 ok=True sec=0.123015
[goal2348] RTDL batched 3D repeat 57/80 ok=True sec=0.123447
[goal2348] RTDL batched 3D repeat 58/80 ok=True sec=0.123525
[goal2348] RTDL batched 3D repeat 59/80 ok=True sec=0.123916
[goal2348] RTDL batched 3D repeat 60/80 ok=True sec=0.123518
[goal2348] RTDL batched 3D repeat 61/80 ok=True sec=0.124992
[goal2348] RTDL batched 3D repeat 62/80 ok=True sec=0.123462
[goal2348] RTDL batched 3D repeat 63/80 ok=True sec=0.123145
[goal2348] RTDL batched 3D repeat 64/80 ok=True sec=0.124282
[goal2348] RTDL batched 3D repeat 65/80 ok=True sec=0.122216
[goal2348] RTDL batched 3D repeat 66/80 ok=True sec=0.124122
[goal2348] RTDL batched 3D repeat 67/80 ok=True sec=0.123875
[goal2348] RTDL batched 3D repeat 68/80 ok=True sec=0.122319
[goal2348] RTDL batched 3D repeat 69/80 ok=True sec=0.124494
[goal2348] RTDL batched 3D repeat 70/80 ok=True sec=0.123670
[goal2348] RTDL batched 3D repeat 71/80 ok=True sec=0.122250
[goal2348] RTDL batched 3D repeat 72/80 ok=True sec=0.124689
[goal2348] RTDL batched 3D repeat 73/80 ok=True sec=0.123879
[goal2348] RTDL batched 3D repeat 74/80 ok=True sec=0.121737
[goal2348] RTDL batched 3D repeat 75/80 ok=True sec=0.124845
[goal2348] RTDL batched 3D repeat 76/80 ok=True sec=0.124062
[goal2348] RTDL batched 3D repeat 77/80 ok=True sec=0.123112
[goal2348] RTDL batched 3D repeat 78/80 ok=True sec=0.122811
[goal2348] RTDL batched 3D repeat 79/80 ok=True sec=0.128557
[goal2348] RTDL batched 3D repeat 80/80 ok=True sec=0.123051
{
  "backend": "embree",
  "batch_count": 1,
  "batch_phase_timings": [
    {
      "backend": "embree",
      "materializes_neighbor_rows": false,
      "mode": "embree_prepared_fixed_radius_ranked_summary_rows",
      "native_aggregate": false,
      "native_traversal_seconds": 0.013628849,
      "prepared_search_structure": true,
      "summary_rows_materialized": true,
      "wall_seconds": 0.12303968518972397
    }
  ],
  "claim_boundary": {
    "aggregate_requests_batched": false,
    "broad_rt_core_speedup_claim_authorized": false,
    "device_ranked_summary_aggregate": false,
    "device_ranked_summary_rows": false,
    "device_resident_query_points": false,
    "embree_ranked_summary_aggregate": false,
    "embree_ranked_summary_rows": true,
    "float32_precision": false,
    "materializes_neighbor_rows": false,
    "materializes_summary_rows": true,
    "paper_equivalent_rtnn_row": false,
    "partitioned_or_batched_like_rtnn": true,
    "prepared_cuda_graph_replay": false,
    "rt_core_neighbor_search_claim_authorized": false,
    "rtdl_speedup_claim_authorized": false,
    "same_stream_partner_consumer": false
  },
  "contract": {
    "aggregate_batch_request_mode": "not_batched",
    "aggregate_batch_requests": [],
    "aggregate_request_count": 1,
    "approximate": false,
    "batched_queries": true,
    "bounded_k": 50,
    "exact": true,
    "execution_path_policy_version": null,
    "family": "fixed_radius_neighbors_3d",
    "mode": "ranked-summary-raw",
    "precision": "float64",
    "prepared_cuda_graph_replay": false,
    "prepared_query_points": false,
    "prepared_search_structure": true,
    "same_stream_partner_consumer": false
  },
  "elapsed_max_sec": 0.15716226398944855,
  "elapsed_median_sec": 0.1231468915939331,
  "elapsed_min_sec": 0.1204952746629715,
  "elapsed_runs_sec": [
    0.15716226398944855,
    0.1284690871834755,
    0.12271349132061005,
    0.12400651723146439,
    0.12109046429395676,
    0.12218987196683884,
    0.12283407896757126,
    0.1217283383011818,
    0.12284879386425018,
    0.12372072786092758,
    0.1227182000875473,
    0.12343709915876389,
    0.12395237386226654,
    0.12304675579071045,
    0.12327627837657928,
    0.12365760654211044,
    0.12179975211620331,
    0.12556282430887222,
    0.12378330528736115,
    0.12103946506977081,
    0.12353023141622543,
    0.12364424765110016,
    0.12368760257959366,
    0.12239517271518707,
    0.1236574798822403,
    0.1204952746629715,
    0.1215631440281868,
    0.12478284537792206,
    0.12156303972005844,
    0.12219966948032379,
    0.12380845099687576,
    0.12163668870925903,
    0.12100374698638916,
    0.12081059068441391,
    0.1230659931898117,
    0.12358387559652328,
    0.12205611914396286,
    0.12137366086244583,
    0.12301427870988846,
    0.12421078234910965,
    0.12149180471897125,
    0.12361346185207367,
    0.12315596640110016,
    0.12393609434366226,
    0.12314913421869278,
    0.12372270226478577,
    0.12374941259622574,
    0.12289513647556305,
    0.12294022738933563,
    0.12117093801498413,
    0.12232129275798798,
    0.12303295731544495,
    0.12178713083267212,
    0.12294910848140717,
    0.12224650382995605,
    0.12301523983478546,
    0.12344672530889511,
    0.12352484464645386,
    0.12391630560159683,
    0.12351841479539871,
    0.1249917522072792,
    0.12346156686544418,
    0.12314464896917343,
    0.12428180873394012,
    0.12221596390008926,
    0.12412191927433014,
    0.12387467175722122,
    0.12231901288032532,
    0.12449442595243454,
    0.12366989254951477,
    0.12224994599819183,
    0.124688521027565,
    0.12387902289628983,
    0.1217367947101593,
    0.12484472244977951,
    0.12406206130981445,
    0.12311238050460815,
    0.12281107157468796,
    0.12855727225542068,
    0.12305071949958801
  ],
  "elapsed_sec": 0.12305071949958801,
  "error": "",
  "execution_path_plan": null,
  "execution_prepare_sec": 0.18191789835691452,
  "external": "RTDL current",
  "input_load_sec": 0.13510119169950485,
  "input_pack_sec": 0.035354092717170715,
  "k_max": 50,
  "mode": "current_3d_fixed_radius_neighbors_embree_batched",
  "ok": true,
  "query_batch_size": 65536,
  "query_count": 65536,
  "radius": 0.02,
  "ranked_aggregate_batch_summaries": null,
  "ranked_aggregate_summary": null,
  "raw_ranked_summary_aggregate": {
    "bounded_neighbor_count": 206434,
    "kth_id_checksum": 2148001918,
    "max_neighbor_count": 13,
    "min_neighbor_count": 1,
    "nearest_id_checksum": 2147450880,
    "query_count": 65536,
    "sum_distance": 2110.9291638399195,
    "zero_neighbor_query_count": 0
  },
  "raw_ranked_summary_batch_summaries": [
    {
      "bounded_neighbor_count": 206434,
      "kth_id_checksum": 2148001918,
      "max_neighbor_count": 13,
      "min_neighbor_count": 1,
      "nearest_id_checksum": 2147450880,
      "query_count": 65536,
      "sum_distance": 2110.9291638399195,
      "zero_neighbor_query_count": 0
    }
  ],
  "repeat": 80,
  "result_mode": "ranked-summary-raw",
  "row": "human_scale_rtnn_embree_t8",
  "row_count": 65536,
  "runner": "goal2348_rtnn_v2_2_external_runner",
  "same_stream_entrypoint_metadata": null,
  "search_count": 65536
}
