[goal2348] RTDL batched 3D start backend=optix queries=65536 search=65536 batch_size=65536 batches=1 result_mode=ranked-summary-raw
[goal2348] RTDL batched 3D repeat 1/40 ok=True sec=0.122085
[goal2348] RTDL batched 3D repeat 2/40 ok=True sec=0.107102
[goal2348] RTDL batched 3D repeat 3/40 ok=True sec=0.104761
[goal2348] RTDL batched 3D repeat 4/40 ok=True sec=0.104339
[goal2348] RTDL batched 3D repeat 5/40 ok=True sec=0.106359
[goal2348] RTDL batched 3D repeat 6/40 ok=True sec=0.105544
[goal2348] RTDL batched 3D repeat 7/40 ok=True sec=0.105175
[goal2348] RTDL batched 3D repeat 8/40 ok=True sec=0.107443
[goal2348] RTDL batched 3D repeat 9/40 ok=True sec=0.104791
[goal2348] RTDL batched 3D repeat 10/40 ok=True sec=0.112455
[goal2348] RTDL batched 3D repeat 11/40 ok=True sec=0.105949
[goal2348] RTDL batched 3D repeat 12/40 ok=True sec=0.104845
[goal2348] RTDL batched 3D repeat 13/40 ok=True sec=0.105049
[goal2348] RTDL batched 3D repeat 14/40 ok=True sec=0.106696
[goal2348] RTDL batched 3D repeat 15/40 ok=True sec=0.105938
[goal2348] RTDL batched 3D repeat 16/40 ok=True sec=0.105563
[goal2348] RTDL batched 3D repeat 17/40 ok=True sec=0.106170
[goal2348] RTDL batched 3D repeat 18/40 ok=True sec=0.104981
[goal2348] RTDL batched 3D repeat 19/40 ok=True sec=0.104933
[goal2348] RTDL batched 3D repeat 20/40 ok=True sec=0.106669
[goal2348] RTDL batched 3D repeat 21/40 ok=True sec=0.104412
[goal2348] RTDL batched 3D repeat 22/40 ok=True sec=0.104484
[goal2348] RTDL batched 3D repeat 23/40 ok=True sec=0.106026
[goal2348] RTDL batched 3D repeat 24/40 ok=True sec=0.105334
[goal2348] RTDL batched 3D repeat 25/40 ok=True sec=0.104574
[goal2348] RTDL batched 3D repeat 26/40 ok=True sec=0.106369
[goal2348] RTDL batched 3D repeat 27/40 ok=True sec=0.115673
[goal2348] RTDL batched 3D repeat 28/40 ok=True sec=0.128683
[goal2348] RTDL batched 3D repeat 29/40 ok=True sec=0.106959
[goal2348] RTDL batched 3D repeat 30/40 ok=True sec=0.104228
[goal2348] RTDL batched 3D repeat 31/40 ok=True sec=0.107070
[goal2348] RTDL batched 3D repeat 32/40 ok=True sec=0.106793
[goal2348] RTDL batched 3D repeat 33/40 ok=True sec=0.104390
[goal2348] RTDL batched 3D repeat 34/40 ok=True sec=0.104377
[goal2348] RTDL batched 3D repeat 35/40 ok=True sec=0.105869
[goal2348] RTDL batched 3D repeat 36/40 ok=True sec=0.105114
[goal2348] RTDL batched 3D repeat 37/40 ok=True sec=0.104835
[goal2348] RTDL batched 3D repeat 38/40 ok=True sec=0.106542
[goal2348] RTDL batched 3D repeat 39/40 ok=True sec=0.108849
[goal2348] RTDL batched 3D repeat 40/40 ok=True sec=0.104156
{
  "backend": "optix",
  "batch_count": 1,
  "batch_phase_timings": [
    {
      "candidate_count_pass": 0.000401702,
      "candidate_write_pass": 0.0,
      "count_download_and_prefix": 0.0,
      "emitted_count": 65536,
      "exact_refine": 0.0,
      "mode": "prepared_uniform_cell_ranked_summary_rows",
      "prepare": 0.0,
      "raw_candidate_count": 206434,
      "row_download": 0.000241397,
      "row_offset_upload": 0.0,
      "upload": 0.000505605
    }
  ],
  "claim_boundary": {
    "aggregate_requests_batched": false,
    "broad_rt_core_speedup_claim_authorized": false,
    "device_ranked_summary_aggregate": false,
    "device_ranked_summary_rows": true,
    "device_resident_query_points": false,
    "embree_ranked_summary_aggregate": false,
    "embree_ranked_summary_rows": false,
    "float32_precision": false,
    "materializes_neighbor_rows": false,
    "materializes_summary_rows": true,
    "paper_equivalent_rtnn_row": false,
    "partitioned_or_batched_like_rtnn": true,
    "prepared_cuda_graph_replay": false,
    "rt_core_neighbor_search_claim_authorized": false,
    "rtdl_speedup_claim_authorized": false,
    "same_stream_partner_consumer": false
  },
  "contract": {
    "aggregate_batch_request_mode": "not_batched",
    "aggregate_batch_requests": [],
    "aggregate_request_count": 1,
    "approximate": false,
    "batched_queries": true,
    "bounded_k": 50,
    "exact": true,
    "execution_path_policy_version": null,
    "family": "fixed_radius_neighbors_3d",
    "mode": "ranked-summary-raw",
    "precision": "float64",
    "prepared_cuda_graph_replay": false,
    "prepared_query_points": false,
    "prepared_search_structure": true,
    "same_stream_partner_consumer": false
  },
  "elapsed_max_sec": 0.12868336588144302,
  "elapsed_median_sec": 0.1057160384953022,
  "elapsed_min_sec": 0.10415580868721008,
  "elapsed_runs_sec": [
    0.12208451330661774,
    0.1071019172668457,
    0.10476086288690567,
    0.10433927923440933,
    0.10635904222726822,
    0.10554365068674088,
    0.10517504811286926,
    0.10744323581457138,
    0.10479091852903366,
    0.1124548465013504,
    0.10594911128282547,
    0.10484505444765091,
    0.10504892468452454,
    0.10669617354869843,
    0.10593832284212112,
    0.10556337982416153,
    0.10617045313119888,
    0.10498060286045074,
    0.10493329912424088,
    0.10666941106319427,
    0.10441169887781143,
    0.10448350757360458,
    0.10602647811174393,
    0.10533395409584045,
    0.1045743003487587,
    0.10636891424655914,
    0.11567314714193344,
    0.12868336588144302,
    0.1069592535495758,
    0.10422758758068085,
    0.10706955194473267,
    0.1067926287651062,
    0.10439010709524155,
    0.1043773964047432,
    0.10586869716644287,
    0.10511372983455658,
    0.10483522713184357,
    0.10654247552156448,
    0.10884877294301987,
    0.10415580868721008
  ],
  "elapsed_sec": 0.10415580868721008,
  "error": "",
  "execution_path_plan": null,
  "execution_prepare_sec": 2.852177619934082,
  "external": "RTDL current",
  "input_load_sec": 0.152706116437912,
  "input_pack_sec": 0.0327330082654953,
  "k_max": 50,
  "mode": "current_3d_fixed_radius_neighbors_optix_batched",
  "ok": true,
  "query_batch_size": 65536,
  "query_count": 65536,
  "radius": 0.02,
  "ranked_aggregate_batch_summaries": null,
  "ranked_aggregate_summary": null,
  "raw_ranked_summary_aggregate": {
    "bounded_neighbor_count": 206434,
    "kth_id_checksum": 2148001918,
    "max_neighbor_count": 13,
    "min_neighbor_count": 1,
    "nearest_id_checksum": 2147450880,
    "query_count": 65536,
    "sum_distance": 2110.9291638399195,
    "zero_neighbor_query_count": 0
  },
  "raw_ranked_summary_batch_summaries": [
    {
      "bounded_neighbor_count": 206434,
      "kth_id_checksum": 2148001918,
      "max_neighbor_count": 13,
      "min_neighbor_count": 1,
      "nearest_id_checksum": 2147450880,
      "query_count": 65536,
      "sum_distance": 2110.9291638399195,
      "zero_neighbor_query_count": 0
    }
  ],
  "repeat": 40,
  "result_mode": "ranked-summary-raw",
  "row": "human_scale_rtnn_optix",
  "row_count": 65536,
  "runner": "goal2348_rtnn_v2_2_external_runner",
  "same_stream_entrypoint_metadata": null,
  "search_count": 65536
}
