{
  "app": "triangle_counting",
  "authors_code_reproduction": false,
  "backend": "optix",
  "claim_boundary": {
    "app_specific_native_engine_logic_allowed": false,
    "automatic_partner_selection_authorized": false,
    "benchmark_app": true,
    "bfs_in_benchmark": false,
    "distributed_graph_claim": false,
    "full_graph_database_claim": false,
    "generic_ray_triangle_rt_core_subpath_authorized": true,
    "native_engine_customization": false,
    "paper_code_intake_complete": true,
    "paper_reproduction": false,
    "public_speedup_claim_authorized": false,
    "rt_graph_1a2_generic_rt_mapping": true,
    "rt_graph_2a1_generic_rt_mapping": true,
    "rt_graph_id_ascending_adapter": true,
    "rt_graph_preprocessing_oracle": true,
    "triangle_count_rt_core_claim_authorized": false,
    "true_zero_copy_claim_authorized": false,
    "visibility_edges_in_benchmark": false,
    "whole_app_speedup_claim_authorized": false
  },
  "contract": "rt_graph_2a1_mapped_to_generic_ray_triangle_any_hit",
  "generic_rt_summary": {
    "backend": "optix",
    "claim_boundary": {
      "native_app_api": false,
      "public_speedup_claim": false,
      "row_witnesses": false,
      "true_zero_copy": false
    },
    "contract": "PREPARED_TRIANGLE_SCENE_3D_RAY_ANY_HIT_WEIGHTED_SUM_V1",
    "phase_timing_seconds": {
      "prepare_build": 0.1360783576965332,
      "query_pack": 7.860362529754639e-06,
      "traversal": 3.2251e-05
    },
    "prepared_reused": true,
    "prepared_run_index": 20005,
    "prepared_scene_used": true,
    "ray_count": 4096,
    "result_kind": "uint64_weighted_any_hit_sum",
    "rows_materialized": false,
    "transfer_metadata": {
      "per_ray_records_downloaded_to_host": false,
      "query_rays_uploaded_each_run": true,
      "ray_weights_uploaded_each_run": true,
      "scalar_sum_returned_to_python": true,
      "static_scene_prepared_on_device": true,
      "true_zero_copy_authorized": false
    },
    "triangle_count": 10240,
    "weighted_hit_sum": 4096
  },
  "generic_rt_weighted_triangle_count": 4096,
  "hit_rows": {
    "materialized": false,
    "row_count": 4096,
    "summary_primitive": "PREPARED_TRIANGLE_SCENE_3D_RAY_ANY_HIT_WEIGHTED_SUM_V1"
  },
  "input_source": {
    "kind": "fixture",
    "name": "degree_oriented_two_triangles",
    "rt_graph_copies": "2048"
  },
  "mode": "rt_graph_2a1_generic_rt",
  "oracle_triangle_count": 4096,
  "partner": "none",
  "partner_summary_contract_used": false,
  "partner_timing_ms": null,
  "prepared_session_residency": {
    "automatic_partner_selection_authorized": false,
    "cache_enabled_by_default": false,
    "cache_key": {
      "app_specific_native_engine_logic_allowed": false,
      "automatic_partner_selection_authorized": false,
      "backend": "optix",
      "contract_version": "rtdl.v2_10.prepared_session_residency.goal3873.v1",
      "device": "cuda:0",
      "explicit_key_required": true,
      "input_fingerprints": [
        [
          "rays",
          "2d9b52d156fc93117031ee5f"
        ],
        [
          "triangles",
          "0011645e07bb2ee3feabc239"
        ]
      ],
      "parameter_fingerprint": [
        [
          "detail",
          "fa7209f7c1fdc81517fd09d6"
        ],
        [
          "summary",
          "b5bea41b6c623f7c09f1bf24"
        ]
      ],
      "partner": "none",
      "primitive": "ray_triangle_weighted_any_hit_sum_3d",
      "stable_id": "9cba9330a1ba2c8d8cd5ba4b"
    },
    "cold_hot_phase_split_required": true,
    "explicit_reuse_helper": "get_or_prepare_explicit_session",
    "policy": {
      "app_specific_native_engine_logic_allowed": false,
      "automatic_partner_selection_authorized": false,
      "broad_rt_core_claim_authorized": false,
      "cache_enabled": false,
      "cache_key": {
        "app_specific_native_engine_logic_allowed": false,
        "automatic_partner_selection_authorized": false,
        "backend": "optix",
        "contract_version": "rtdl.v2_10.prepared_session_residency.goal3873.v1",
        "device": "cuda:0",
        "explicit_key_required": true,
        "input_fingerprints": [
          [
            "rays",
            "2d9b52d156fc93117031ee5f"
          ],
          [
            "triangles",
            "0011645e07bb2ee3feabc239"
          ]
        ],
        "parameter_fingerprint": [
          [
            "detail",
            "fa7209f7c1fdc81517fd09d6"
          ],
          [
            "summary",
            "b5bea41b6c623f7c09f1bf24"
          ]
        ],
        "partner": "none",
        "primitive": "ray_triangle_weighted_any_hit_sum_3d",
        "stable_id": "9cba9330a1ba2c8d8cd5ba4b"
      },
      "claim_boundary": "Prepared-session residency records explicit cache keys, lifetimes, invalidation events, and cold/hot timing phases. It does not authorize release action, public speedup wording, broad RT-core wording, true-zero-copy wording, automatic partner/backend selection, or app-specific native-engine logic.",
      "cold_prepare_phase": "prepare_scene_or_payload",
      "contract_version": "rtdl.v2_10.prepared_session_residency.goal3873.v1",
      "hot_query_phase": "prepared_query",
      "invalidation_events": [
        "explicit_invalidate",
        "backend_context_reset",
        "close"
      ],
      "lifetime_state": "session_retained",
      "public_speedup_claim_authorized": false,
      "release_authorized": false,
      "reuse_scope": "explicit_user_session",
      "status": "internal_contract_not_release_authorization",
      "true_zero_copy_claim_authorized": false
    },
    "prepare_once_query_many_pattern": true,
    "public_speedup_claim_authorized": false,
    "true_zero_copy_claim_authorized": false
  },
  "primitive_count": 10240,
  "primitive_layout": {
    "axis_offset": [
      4096.0,
      0.0,
      4096.0
    ],
    "device_column_lowering": false,
    "paper_method": "RT-2A1",
    "primitive_side": "directed 1-hop edges as Triangle3D primitives",
    "ray_side": "compacted 2-hop relations as Ray3D probes with add-value weights",
    "ray_tmax": 0.2,
    "triangle_eps": 0.2
  },
  "ray_count": 4096,
  "ray_tracing_accelerated": true,
  "ray_weights": {
    "count": 4096,
    "sum": 4096
  },
  "rt_core_accelerated": true,
  "rt_core_path": "generic_prepared_triangle_scene_3d_any_hit_weighted_sum",
  "rt_graph_contract": {
    "compacted_vertex_count": 8192,
    "directed_edge_count": 10240,
    "directed_vertex_count": 8192,
    "duplicate_two_hop_relation_count": 4096,
    "id_ascending_adapter_materialized": false,
    "id_ascending_edge_count": 0,
    "id_ascending_triangle_count": 0,
    "original_edge_count": 10240,
    "partner": "python",
    "partner_timing_ms": null,
    "removed_duplicate_or_self_edge_count": 0,
    "removed_low_degree_edge_count": 0,
    "removed_low_degree_vertex_count": 0,
    "triangle_count": 4096,
    "two_hop_ray_count_2a1": 4096
  },
  "rt_graph_fixture_copies": 2048,
  "same_contract_native_timing": true,
  "timing_ms": {
    "build_contract": 73.70106130838394,
    "build_geometry": 5.611874163150787,
    "load_edges": 5.855195224285126,
    "prepare_scene_ms": 294.724203646183,
    "query_max_ms": 15.667341649532318,
    "query_mean_ms": 0.14874030873179436,
    "query_measured_runs": 20000,
    "query_median_ms": 0.14578551054000854,
    "query_min_ms": 0.13541430234909058,
    "query_repeat": 20000,
    "query_total_ms": 2974.806174635887,
    "query_warmup": 5,
    "reduce_hits": 0.0001564621925354004,
    "run_backend": 4099.433682858944,
    "total": 4184.601970016956
  },
  "triangle_count_matches_oracle": true,
  "v2_4_phase_timing": {
    "phase_contract_version": "rtdl.partner.v2.4",
    "phases_sec": {
      "materialization": 1.564621925354004e-07,
      "query_preparation": 0.005611874163150787,
      "rt_traversal": 0.00014578551054000854,
      "scene_build": 0.294724203646183
    },
    "promoted_performance_path": true,
    "same_phase_contract_as_basis": true,
    "source": "triangle_counting.rt_graph_2a1_generic_rt",
    "validation": {
      "errors": [],
      "known_phases": [
        "scene_build",
        "query_preparation",
        "rt_traversal",
        "materialization"
      ],
      "status": "accept"
    }
  },
  "v2_4_prepared_session": {
    "app_owned_preprocessing": "Graph orientation, two-hop relation construction, and RT-Graph interpretation remain benchmark/app code. RTDL sees generic rays, triangles, optional weights, and a scalar summary.",
    "app_specific_native_vocab_allowed": false,
    "backend": "optix",
    "descriptor_only": true,
    "device_column_lowering": false,
    "input_buffers": [
      {
        "access_mode": "read",
        "alignment_bytes": 1,
        "byte_offset": 0,
        "capacity_elements": 10240,
        "data_ptr_observed": false,
        "device": "cpu:0",
        "dtype": "rtdl_packed_triangle3d",
        "element_count": 10240,
        "lifetime": "session_retained",
        "memory_manager_boundary": "not_a_general_purpose_memory_manager",
        "mutability": "immutable",
        "name": "triangles",
        "scope": "rtdl_primitive_handoff_only",
        "shape": [
          10240
        ],
        "source_protocol": "rtdl_packed_host_buffer",
        "stream_handle": 0,
        "strides_bytes": null
      },
      {
        "access_mode": "read",
        "alignment_bytes": 1,
        "byte_offset": 0,
        "capacity_elements": 4096,
        "data_ptr_observed": false,
        "device": "cpu:0",
        "dtype": "rtdl_packed_ray3d",
        "element_count": 4096,
        "lifetime": "session_retained",
        "memory_manager_boundary": "not_a_general_purpose_memory_manager",
        "mutability": "immutable",
        "name": "rays",
        "scope": "rtdl_primitive_handoff_only",
        "shape": [
          4096
        ],
        "source_protocol": "rtdl_packed_host_buffer",
        "stream_handle": 0,
        "strides_bytes": null
      },
      {
        "access_mode": "read",
        "alignment_bytes": 1,
        "byte_offset": 0,
        "capacity_elements": 4096,
        "data_ptr_observed": false,
        "device": "cpu:0",
        "dtype": "uint64",
        "element_count": 4096,
        "lifetime": "session_retained",
        "memory_manager_boundary": "not_a_general_purpose_memory_manager",
        "mutability": "immutable",
        "name": "ray_weights",
        "scope": "rtdl_primitive_handoff_only",
        "shape": [
          4096
        ],
        "source_protocol": "rtdl_packed_host_buffer",
        "stream_handle": 0,
        "strides_bytes": null
      }
    ],
    "native_engine_boundary": "app_agnostic_native_engine",
    "native_symbols": [
      "rtdl_optix_static_triangle_scene_3d_ray_any_hit_weighted_sum"
    ],
    "output_buffers": [
      {
        "access_mode": "write",
        "alignment_bytes": 1,
        "byte_offset": 0,
        "capacity_elements": 1,
        "data_ptr_observed": false,
        "device": "cpu:0",
        "dtype": "uint64",
        "element_count": 1,
        "lifetime": "session_retained",
        "memory_manager_boundary": "not_a_general_purpose_memory_manager",
        "mutability": "mutable",
        "name": "weighted_hit_sum",
        "scope": "rtdl_primitive_handoff_only",
        "shape": [
          1
        ],
        "source_protocol": "rtdl_scalar_summary",
        "stream_handle": 0,
        "strides_bytes": null
      }
    ],
    "paper_method": "RT-2A1",
    "partner": "none",
    "phase_contract": "prepared_ray_triangle_summary",
    "primitive": "ray_triangle_weighted_any_hit_sum_3d",
    "requires_phase_timing": true,
    "reusable_output_buffers": true,
    "reusable_query_buffers": true,
    "reusable_scene": true,
    "same_phase_contract_as_basis_required": true,
    "session_id": "generic_ray_triangle_summary_rt2a1_optix_10240x4096",
    "status": "protocol_descriptor_only",
    "v2_4_protocol_version": "rtdl.partner.v2.4"
  }
}
