I20260604 02:34:19.171175 42029 context.h:51] Bounding Box, Bottom-left: (-70.0561, -12.7706), Top-right: (-46.1528, 4.32571)
I20260604 02:34:19.171262 42029 context.h:58] Scaled Bounding Box, Bottom-left: (-64935557024364, -62998848342965), Top-right: (64935557024363, 62998848342964)
I20260604 02:34:19.171269 42029 context.h:61] Unscaled Bounding Box, Bottom-left: (-70.0561, -12.7706), Top-right: (-46.1528, 4.32571)
I20260604 02:34:19.336161 42029 run_query.cu:229] Queue capacity: 5362
I20260604 02:34:19.336206 42029 lsi.h:22] Queue size: 0 MB
I20260604 02:34:19.336431 42029 primitive.h:256] Enlarge limit: 5 max iter:5 ne: 19987 aabbs: 1383 Compress ratio: 0.930805 Time: 0.14 ms
I20260604 02:34:19.336887 42029 lsi_rt.h:50] queries: 6825
I20260604 02:34:19.336953 42029 rt_engine.cu:554] optixLaunch, [w,h,d] = 6825,1,1
I20260604 02:34:19.337210 42029 lsi_rt.h:50] queries: 6825
I20260604 02:34:19.337237 42029 rt_engine.cu:554] optixLaunch, [w,h,d] = 6825,1,1
I20260604 02:34:19.337440 42029 lsi_rt.h:50] queries: 6825
I20260604 02:34:19.337466 42029 rt_engine.cu:554] optixLaunch, [w,h,d] = 6825,1,1
I20260604 02:34:19.337669 42029 run_query.cu:301] Iter: 0
I20260604 02:34:19.337677 42029 lsi_rt.h:50] queries: 6825
I20260604 02:34:19.337699 42029 rt_engine.cu:554] optixLaunch, [w,h,d] = 6825,1,1
I20260604 02:34:19.337903 42029 run_query.cu:301] Iter: 1
I20260604 02:34:19.337910 42029 lsi_rt.h:50] queries: 6825
I20260604 02:34:19.337932 42029 rt_engine.cu:554] optixLaunch, [w,h,d] = 6825,1,1
I20260604 02:34:19.338135 42029 run_query.cu:301] Iter: 2
I20260604 02:34:19.338141 42029 lsi_rt.h:50] queries: 6825
I20260604 02:34:19.338164 42029 rt_engine.cu:554] optixLaunch, [w,h,d] = 6825,1,1
I20260604 02:34:19.338368 42029 run_query.cu:301] Iter: 3
I20260604 02:34:19.338375 42029 lsi_rt.h:50] queries: 6825
I20260604 02:34:19.338397 42029 rt_engine.cu:554] optixLaunch, [w,h,d] = 6825,1,1
I20260604 02:34:19.338599 42029 run_query.cu:301] Iter: 4
I20260604 02:34:19.338608 42029 lsi_rt.h:50] queries: 6825
I20260604 02:34:19.338629 42029 rt_engine.cu:554] optixLaunch, [w,h,d] = 6825,1,1
I20260604 02:34:19.338828 42029 run_query.cu:301] Iter: 5
I20260604 02:34:19.338835 42029 lsi_rt.h:50] queries: 6825
I20260604 02:34:19.338857 42029 rt_engine.cu:554] optixLaunch, [w,h,d] = 6825,1,1
I20260604 02:34:19.339059 42029 run_query.cu:301] Iter: 6
I20260604 02:34:19.339066 42029 lsi_rt.h:50] queries: 6825
I20260604 02:34:19.339088 42029 rt_engine.cu:554] optixLaunch, [w,h,d] = 6825,1,1
I20260604 02:34:19.339291 42029 run_query.cu:301] Iter: 7
I20260604 02:34:19.339298 42029 lsi_rt.h:50] queries: 6825
I20260604 02:34:19.339321 42029 rt_engine.cu:554] optixLaunch, [w,h,d] = 6825,1,1
I20260604 02:34:19.339524 42029 run_query.cu:301] Iter: 8
I20260604 02:34:19.339530 42029 lsi_rt.h:50] queries: 6825
I20260604 02:34:19.339552 42029 rt_engine.cu:554] optixLaunch, [w,h,d] = 6825,1,1
I20260604 02:34:19.339752 42029 run_query.cu:301] Iter: 9
I20260604 02:34:19.339759 42029 lsi_rt.h:50] queries: 6825
I20260604 02:34:19.339781 42029 rt_engine.cu:554] optixLaunch, [w,h,d] = 6825,1,1
I20260604 02:34:19.339987 42029 run_query.cu:301] Iter: 10
I20260604 02:34:19.339995 42029 lsi_rt.h:50] queries: 6825
I20260604 02:34:19.340018 42029 rt_engine.cu:554] optixLaunch, [w,h,d] = 6825,1,1
I20260604 02:34:19.340219 42029 run_query.cu:301] Iter: 11
I20260604 02:34:19.340227 42029 lsi_rt.h:50] queries: 6825
I20260604 02:34:19.340250 42029 rt_engine.cu:554] optixLaunch, [w,h,d] = 6825,1,1
I20260604 02:34:19.340452 42029 run_query.cu:301] Iter: 12
I20260604 02:34:19.340459 42029 lsi_rt.h:50] queries: 6825
I20260604 02:34:19.340481 42029 rt_engine.cu:554] optixLaunch, [w,h,d] = 6825,1,1
I20260604 02:34:19.340683 42029 run_query.cu:301] Iter: 13
I20260604 02:34:19.340690 42029 lsi_rt.h:50] queries: 6825
I20260604 02:34:19.340713 42029 rt_engine.cu:554] optixLaunch, [w,h,d] = 6825,1,1
I20260604 02:34:19.340915 42029 run_query.cu:301] Iter: 14
I20260604 02:34:19.340922 42029 lsi_rt.h:50] queries: 6825
I20260604 02:34:19.340943 42029 rt_engine.cu:554] optixLaunch, [w,h,d] = 6825,1,1
I20260604 02:34:19.341169 42029 run_query.cu:306] Intersections: 269 Queue Load Factor: 0.0501678
Timing results:
 - Read map 0: 476.741 ms

 - Read map 1: 81.0258 ms

 - Create App: 162.829 ms

 - Load Data: 2.038 ms

 - Init: 0.128984 ms

 - Adaptive Grouping: 0.174999 ms

 - Build Index: 0.425816 ms

 - Warmup: 0.783205 ms

 - Query: 0.234063 ms

 - Cleanup: 10.57 ms

