I20260604 02:34:26.163888 42050 context.h:51] Bounding Box, Bottom-left: (-73.9909, -32.1834), Top-right: (-46.2494, 4.32571)
I20260604 02:34:26.163959 42050 context.h:58] Scaled Bounding Box, Bottom-left: (-65636720292236, -66714089603448), Top-right: (65636720292235, 66714089603447)
I20260604 02:34:26.163967 42050 context.h:61] Unscaled Bounding Box, Bottom-left: (-73.9909, -32.1834), Top-right: (-46.2494, 4.32571)
I20260604 02:34:26.344604 42050 primitive.h:256] Enlarge limit: 5 max iter:5 ne: 24880 aabbs: 1756 Compress ratio: 0.929421 Time: 0.167 ms
I20260604 02:34:26.345186 42050 rt_engine.cu:554] optixLaunch, [w,h,d] = 25392,1,1
I20260604 02:34:26.345402 42050 rt_engine.cu:554] optixLaunch, [w,h,d] = 25392,1,1
I20260604 02:34:26.345597 42050 rt_engine.cu:554] optixLaunch, [w,h,d] = 25392,1,1
I20260604 02:34:26.345793 42050 rt_engine.cu:554] optixLaunch, [w,h,d] = 25392,1,1
I20260604 02:34:26.345986 42050 rt_engine.cu:554] optixLaunch, [w,h,d] = 25392,1,1
I20260604 02:34:26.346180 42050 rt_engine.cu:554] optixLaunch, [w,h,d] = 25392,1,1
I20260604 02:34:26.346374 42050 rt_engine.cu:554] optixLaunch, [w,h,d] = 25392,1,1
I20260604 02:34:26.346567 42050 rt_engine.cu:554] optixLaunch, [w,h,d] = 25392,1,1
I20260604 02:34:26.346760 42050 rt_engine.cu:554] optixLaunch, [w,h,d] = 25392,1,1
I20260604 02:34:26.346953 42050 rt_engine.cu:554] optixLaunch, [w,h,d] = 25392,1,1
I20260604 02:34:26.347146 42050 rt_engine.cu:554] optixLaunch, [w,h,d] = 25392,1,1
I20260604 02:34:26.347339 42050 rt_engine.cu:554] optixLaunch, [w,h,d] = 25392,1,1
I20260604 02:34:26.347533 42050 rt_engine.cu:554] optixLaunch, [w,h,d] = 25392,1,1
I20260604 02:34:26.347726 42050 rt_engine.cu:554] optixLaunch, [w,h,d] = 25392,1,1
I20260604 02:34:26.347919 42050 rt_engine.cu:554] optixLaunch, [w,h,d] = 25392,1,1
I20260604 02:34:26.348112 42050 rt_engine.cu:554] optixLaunch, [w,h,d] = 25392,1,1
I20260604 02:34:26.348307 42050 rt_engine.cu:554] optixLaunch, [w,h,d] = 25392,1,1
I20260604 02:34:26.348500 42050 rt_engine.cu:554] optixLaunch, [w,h,d] = 25392,1,1
Timing results:
 - Read map 0: 516.673 ms

 - Read map 1: 258.228 ms

 - Load Data: 7.59101 ms

 - Create App: 172.639 ms

 - Init: 0.213146 ms

 - Adaptive Grouping: 0.233889 ms

 - Build Index: 0.448942 ms

 - Warmup: 0.658035 ms

 - Query: 0.193469 ms

 - Cleanup: 1.64604 ms

