I20260604 02:34:19.981135 42032 context.h:51] Bounding Box, Bottom-left: (-70.0561, -12.7706), Top-right: (-46.1528, 4.32571)
I20260604 02:34:19.981218 42032 context.h:58] Scaled Bounding Box, Bottom-left: (-64935557024364, -62998848342965), Top-right: (64935557024363, 62998848342964)
I20260604 02:34:19.981226 42032 context.h:61] Unscaled Bounding Box, Bottom-left: (-70.0561, -12.7706), Top-right: (-46.1528, 4.32571)
I20260604 02:34:20.124614 42032 run_query.cu:229] Queue capacity: 5362
I20260604 02:34:20.124653 42032 lsi.h:22] Queue size: 0 MB
I20260604 02:34:20.124874 42032 primitive.h:256] Enlarge limit: 5 max iter:5 ne: 19987 aabbs: 1383 Compress ratio: 0.930805 Time: 0.141 ms
I20260604 02:34:20.125334 42032 lsi_rt.h:50] queries: 6825
I20260604 02:34:20.125406 42032 rt_engine.cu:554] optixLaunch, [w,h,d] = 6825,1,1
I20260604 02:34:20.125660 42032 lsi_rt.h:50] queries: 6825
I20260604 02:34:20.125687 42032 rt_engine.cu:554] optixLaunch, [w,h,d] = 6825,1,1
I20260604 02:34:20.125888 42032 lsi_rt.h:50] queries: 6825
I20260604 02:34:20.125913 42032 rt_engine.cu:554] optixLaunch, [w,h,d] = 6825,1,1
I20260604 02:34:20.126116 42032 run_query.cu:301] Iter: 0
I20260604 02:34:20.126122 42032 lsi_rt.h:50] queries: 6825
I20260604 02:34:20.126145 42032 rt_engine.cu:554] optixLaunch, [w,h,d] = 6825,1,1
I20260604 02:34:20.126348 42032 run_query.cu:301] Iter: 1
I20260604 02:34:20.126354 42032 lsi_rt.h:50] queries: 6825
I20260604 02:34:20.126377 42032 rt_engine.cu:554] optixLaunch, [w,h,d] = 6825,1,1
I20260604 02:34:20.126578 42032 run_query.cu:301] Iter: 2
I20260604 02:34:20.126585 42032 lsi_rt.h:50] queries: 6825
I20260604 02:34:20.126606 42032 rt_engine.cu:554] optixLaunch, [w,h,d] = 6825,1,1
I20260604 02:34:20.126808 42032 run_query.cu:301] Iter: 3
I20260604 02:34:20.126816 42032 lsi_rt.h:50] queries: 6825
I20260604 02:34:20.126837 42032 rt_engine.cu:554] optixLaunch, [w,h,d] = 6825,1,1
I20260604 02:34:20.127038 42032 run_query.cu:301] Iter: 4
I20260604 02:34:20.127045 42032 lsi_rt.h:50] queries: 6825
I20260604 02:34:20.127071 42032 rt_engine.cu:554] optixLaunch, [w,h,d] = 6825,1,1
I20260604 02:34:20.127272 42032 run_query.cu:301] Iter: 5
I20260604 02:34:20.127278 42032 lsi_rt.h:50] queries: 6825
I20260604 02:34:20.127301 42032 rt_engine.cu:554] optixLaunch, [w,h,d] = 6825,1,1
I20260604 02:34:20.127502 42032 run_query.cu:301] Iter: 6
I20260604 02:34:20.127509 42032 lsi_rt.h:50] queries: 6825
I20260604 02:34:20.127532 42032 rt_engine.cu:554] optixLaunch, [w,h,d] = 6825,1,1
I20260604 02:34:20.127734 42032 run_query.cu:301] Iter: 7
I20260604 02:34:20.127741 42032 lsi_rt.h:50] queries: 6825
I20260604 02:34:20.127763 42032 rt_engine.cu:554] optixLaunch, [w,h,d] = 6825,1,1
I20260604 02:34:20.127965 42032 run_query.cu:301] Iter: 8
I20260604 02:34:20.127972 42032 lsi_rt.h:50] queries: 6825
I20260604 02:34:20.127995 42032 rt_engine.cu:554] optixLaunch, [w,h,d] = 6825,1,1
I20260604 02:34:20.128197 42032 run_query.cu:301] Iter: 9
I20260604 02:34:20.128206 42032 lsi_rt.h:50] queries: 6825
I20260604 02:34:20.128227 42032 rt_engine.cu:554] optixLaunch, [w,h,d] = 6825,1,1
I20260604 02:34:20.128434 42032 run_query.cu:301] Iter: 10
I20260604 02:34:20.128441 42032 lsi_rt.h:50] queries: 6825
I20260604 02:34:20.128463 42032 rt_engine.cu:554] optixLaunch, [w,h,d] = 6825,1,1
I20260604 02:34:20.128664 42032 run_query.cu:301] Iter: 11
I20260604 02:34:20.128670 42032 lsi_rt.h:50] queries: 6825
I20260604 02:34:20.128692 42032 rt_engine.cu:554] optixLaunch, [w,h,d] = 6825,1,1
I20260604 02:34:20.128895 42032 run_query.cu:301] Iter: 12
I20260604 02:34:20.128902 42032 lsi_rt.h:50] queries: 6825
I20260604 02:34:20.128924 42032 rt_engine.cu:554] optixLaunch, [w,h,d] = 6825,1,1
I20260604 02:34:20.129128 42032 run_query.cu:301] Iter: 13
I20260604 02:34:20.129135 42032 lsi_rt.h:50] queries: 6825
I20260604 02:34:20.129158 42032 rt_engine.cu:554] optixLaunch, [w,h,d] = 6825,1,1
I20260604 02:34:20.129360 42032 run_query.cu:301] Iter: 14
I20260604 02:34:20.129367 42032 lsi_rt.h:50] queries: 6825
I20260604 02:34:20.129390 42032 rt_engine.cu:554] optixLaunch, [w,h,d] = 6825,1,1
I20260604 02:34:20.129612 42032 run_query.cu:306] Intersections: 269 Queue Load Factor: 0.0501678
Timing results:
 - Read map 0: 394.848 ms

 - Read map 1: 80.1809 ms

 - Create App: 143.066 ms

 - Load Data: 0.296831 ms

 - Init: 0.118017 ms

 - Adaptive Grouping: 0.177145 ms

 - Build Index: 0.428915 ms

 - Warmup: 0.781059 ms

 - Query: 0.233857 ms

 - Cleanup: 3.61204 ms

