I20260604 02:34:18.305356 42026 context.h:51] Bounding Box, Bottom-left: (-70.0561, -12.7706), Top-right: (-46.1528, 4.32571)
I20260604 02:34:18.305433 42026 context.h:58] Scaled Bounding Box, Bottom-left: (-64935557024364, -62998848342965), Top-right: (64935557024363, 62998848342964)
I20260604 02:34:18.305440 42026 context.h:61] Unscaled Bounding Box, Bottom-left: (-70.0561, -12.7706), Top-right: (-46.1528, 4.32571)
I20260604 02:34:18.449734 42026 run_query.cu:229] Queue capacity: 5362
I20260604 02:34:18.449772 42026 lsi.h:22] Queue size: 0 MB
I20260604 02:34:18.449994 42026 primitive.h:256] Enlarge limit: 5 max iter:5 ne: 19987 aabbs: 1383 Compress ratio: 0.930805 Time: 0.141 ms
I20260604 02:34:18.450457 42026 lsi_rt.h:50] queries: 6825
I20260604 02:34:18.450529 42026 rt_engine.cu:554] optixLaunch, [w,h,d] = 6825,1,1
I20260604 02:34:18.450784 42026 lsi_rt.h:50] queries: 6825
I20260604 02:34:18.450811 42026 rt_engine.cu:554] optixLaunch, [w,h,d] = 6825,1,1
I20260604 02:34:18.451012 42026 lsi_rt.h:50] queries: 6825
I20260604 02:34:18.451037 42026 rt_engine.cu:554] optixLaunch, [w,h,d] = 6825,1,1
I20260604 02:34:18.451239 42026 run_query.cu:301] Iter: 0
I20260604 02:34:18.451247 42026 lsi_rt.h:50] queries: 6825
I20260604 02:34:18.451269 42026 rt_engine.cu:554] optixLaunch, [w,h,d] = 6825,1,1
I20260604 02:34:18.451473 42026 run_query.cu:301] Iter: 1
I20260604 02:34:18.451481 42026 lsi_rt.h:50] queries: 6825
I20260604 02:34:18.451504 42026 rt_engine.cu:554] optixLaunch, [w,h,d] = 6825,1,1
I20260604 02:34:18.451707 42026 run_query.cu:301] Iter: 2
I20260604 02:34:18.451714 42026 lsi_rt.h:50] queries: 6825
I20260604 02:34:18.451737 42026 rt_engine.cu:554] optixLaunch, [w,h,d] = 6825,1,1
I20260604 02:34:18.451941 42026 run_query.cu:301] Iter: 3
I20260604 02:34:18.451948 42026 lsi_rt.h:50] queries: 6825
I20260604 02:34:18.451972 42026 rt_engine.cu:554] optixLaunch, [w,h,d] = 6825,1,1
I20260604 02:34:18.452174 42026 run_query.cu:301] Iter: 4
I20260604 02:34:18.452183 42026 lsi_rt.h:50] queries: 6825
I20260604 02:34:18.452205 42026 rt_engine.cu:554] optixLaunch, [w,h,d] = 6825,1,1
I20260604 02:34:18.452405 42026 run_query.cu:301] Iter: 5
I20260604 02:34:18.452412 42026 lsi_rt.h:50] queries: 6825
I20260604 02:34:18.452435 42026 rt_engine.cu:554] optixLaunch, [w,h,d] = 6825,1,1
I20260604 02:34:18.452636 42026 run_query.cu:301] Iter: 6
I20260604 02:34:18.452643 42026 lsi_rt.h:50] queries: 6825
I20260604 02:34:18.452665 42026 rt_engine.cu:554] optixLaunch, [w,h,d] = 6825,1,1
I20260604 02:34:18.452867 42026 run_query.cu:301] Iter: 7
I20260604 02:34:18.452875 42026 lsi_rt.h:50] queries: 6825
I20260604 02:34:18.452898 42026 rt_engine.cu:554] optixLaunch, [w,h,d] = 6825,1,1
I20260604 02:34:18.453099 42026 run_query.cu:301] Iter: 8
I20260604 02:34:18.453105 42026 lsi_rt.h:50] queries: 6825
I20260604 02:34:18.453127 42026 rt_engine.cu:554] optixLaunch, [w,h,d] = 6825,1,1
I20260604 02:34:18.453327 42026 run_query.cu:301] Iter: 9
I20260604 02:34:18.453334 42026 lsi_rt.h:50] queries: 6825
I20260604 02:34:18.453356 42026 rt_engine.cu:554] optixLaunch, [w,h,d] = 6825,1,1
I20260604 02:34:18.453558 42026 run_query.cu:301] Iter: 10
I20260604 02:34:18.453565 42026 lsi_rt.h:50] queries: 6825
I20260604 02:34:18.453586 42026 rt_engine.cu:554] optixLaunch, [w,h,d] = 6825,1,1
I20260604 02:34:18.453786 42026 run_query.cu:301] Iter: 11
I20260604 02:34:18.453792 42026 lsi_rt.h:50] queries: 6825
I20260604 02:34:18.453814 42026 rt_engine.cu:554] optixLaunch, [w,h,d] = 6825,1,1
I20260604 02:34:18.454016 42026 run_query.cu:301] Iter: 12
I20260604 02:34:18.454022 42026 lsi_rt.h:50] queries: 6825
I20260604 02:34:18.454044 42026 rt_engine.cu:554] optixLaunch, [w,h,d] = 6825,1,1
I20260604 02:34:18.454252 42026 run_query.cu:301] Iter: 13
I20260604 02:34:18.454258 42026 lsi_rt.h:50] queries: 6825
I20260604 02:34:18.454280 42026 rt_engine.cu:554] optixLaunch, [w,h,d] = 6825,1,1
I20260604 02:34:18.454483 42026 run_query.cu:301] Iter: 14
I20260604 02:34:18.454488 42026 lsi_rt.h:50] queries: 6825
I20260604 02:34:18.454510 42026 rt_engine.cu:554] optixLaunch, [w,h,d] = 6825,1,1
I20260604 02:34:18.454735 42026 run_query.cu:306] Intersections: 269 Queue Load Factor: 0.0501678
Timing results:
 - Read map 0: 506.717 ms

 - Read map 1: 80.2739 ms

 - Create App: 143.974 ms

 - Load Data: 0.29707 ms

 - Init: 0.115871 ms

 - Adaptive Grouping: 0.178099 ms

 - Build Index: 0.432014 ms

 - Warmup: 0.782013 ms

 - Query: 0.233793 ms

 - Cleanup: 3.618 ms

