[goal2348] RTDL batched 3D start backend=embree queries=65536 search=65536 batch_size=65536 batches=1 result_mode=ranked-summary-raw
[goal2348] RTDL batched 3D repeat 1/80 ok=True sec=0.116819
[goal2348] RTDL batched 3D repeat 2/80 ok=True sec=0.116910
[goal2348] RTDL batched 3D repeat 3/80 ok=True sec=0.115020
[goal2348] RTDL batched 3D repeat 4/80 ok=True sec=0.114978
[goal2348] RTDL batched 3D repeat 5/80 ok=True sec=0.114389
[goal2348] RTDL batched 3D repeat 6/80 ok=True sec=0.115445
[goal2348] RTDL batched 3D repeat 7/80 ok=True sec=0.113488
[goal2348] RTDL batched 3D repeat 8/80 ok=True sec=0.114936
[goal2348] RTDL batched 3D repeat 9/80 ok=True sec=0.115357
[goal2348] RTDL batched 3D repeat 10/80 ok=True sec=0.114865
[goal2348] RTDL batched 3D repeat 11/80 ok=True sec=0.114476
[goal2348] RTDL batched 3D repeat 12/80 ok=True sec=0.115532
[goal2348] RTDL batched 3D repeat 13/80 ok=True sec=0.114245
[goal2348] RTDL batched 3D repeat 14/80 ok=True sec=0.115221
[goal2348] RTDL batched 3D repeat 15/80 ok=True sec=0.115597
[goal2348] RTDL batched 3D repeat 16/80 ok=True sec=0.115922
[goal2348] RTDL batched 3D repeat 17/80 ok=True sec=0.115198
[goal2348] RTDL batched 3D repeat 18/80 ok=True sec=0.115830
[goal2348] RTDL batched 3D repeat 19/80 ok=True sec=0.115063
[goal2348] RTDL batched 3D repeat 20/80 ok=True sec=0.114800
[goal2348] RTDL batched 3D repeat 21/80 ok=True sec=0.116004
[goal2348] RTDL batched 3D repeat 22/80 ok=True sec=0.114192
[goal2348] RTDL batched 3D repeat 23/80 ok=True sec=0.114093
[goal2348] RTDL batched 3D repeat 24/80 ok=True sec=0.113943
[goal2348] RTDL batched 3D repeat 25/80 ok=True sec=0.115207
[goal2348] RTDL batched 3D repeat 26/80 ok=True sec=0.114907
[goal2348] RTDL batched 3D repeat 27/80 ok=True sec=0.113377
[goal2348] RTDL batched 3D repeat 28/80 ok=True sec=0.113779
[goal2348] RTDL batched 3D repeat 29/80 ok=True sec=0.114408
[goal2348] RTDL batched 3D repeat 30/80 ok=True sec=0.114908
[goal2348] RTDL batched 3D repeat 31/80 ok=True sec=0.114427
[goal2348] RTDL batched 3D repeat 32/80 ok=True sec=0.114306
[goal2348] RTDL batched 3D repeat 33/80 ok=True sec=0.115307
[goal2348] RTDL batched 3D repeat 34/80 ok=True sec=0.116598
[goal2348] RTDL batched 3D repeat 35/80 ok=True sec=0.114578
[goal2348] RTDL batched 3D repeat 36/80 ok=True sec=0.114207
[goal2348] RTDL batched 3D repeat 37/80 ok=True sec=0.114572
[goal2348] RTDL batched 3D repeat 38/80 ok=True sec=0.114654
[goal2348] RTDL batched 3D repeat 39/80 ok=True sec=0.114712
[goal2348] RTDL batched 3D repeat 40/80 ok=True sec=0.113884
[goal2348] RTDL batched 3D repeat 41/80 ok=True sec=0.114272
[goal2348] RTDL batched 3D repeat 42/80 ok=True sec=0.115169
[goal2348] RTDL batched 3D repeat 43/80 ok=True sec=0.115385
[goal2348] RTDL batched 3D repeat 44/80 ok=True sec=0.114449
[goal2348] RTDL batched 3D repeat 45/80 ok=True sec=0.114860
[goal2348] RTDL batched 3D repeat 46/80 ok=True sec=0.114544
[goal2348] RTDL batched 3D repeat 47/80 ok=True sec=0.114970
[goal2348] RTDL batched 3D repeat 48/80 ok=True sec=0.114256
[goal2348] RTDL batched 3D repeat 49/80 ok=True sec=0.114220
[goal2348] RTDL batched 3D repeat 50/80 ok=True sec=0.113051
[goal2348] RTDL batched 3D repeat 51/80 ok=True sec=0.114170
[goal2348] RTDL batched 3D repeat 52/80 ok=True sec=0.114644
[goal2348] RTDL batched 3D repeat 53/80 ok=True sec=0.115181
[goal2348] RTDL batched 3D repeat 54/80 ok=True sec=0.115482
[goal2348] RTDL batched 3D repeat 55/80 ok=True sec=0.113706
[goal2348] RTDL batched 3D repeat 56/80 ok=True sec=0.114582
[goal2348] RTDL batched 3D repeat 57/80 ok=True sec=0.114915
[goal2348] RTDL batched 3D repeat 58/80 ok=True sec=0.114313
[goal2348] RTDL batched 3D repeat 59/80 ok=True sec=0.114322
[goal2348] RTDL batched 3D repeat 60/80 ok=True sec=0.113196
[goal2348] RTDL batched 3D repeat 61/80 ok=True sec=0.115062
[goal2348] RTDL batched 3D repeat 62/80 ok=True sec=0.113702
[goal2348] RTDL batched 3D repeat 63/80 ok=True sec=0.113179
[goal2348] RTDL batched 3D repeat 64/80 ok=True sec=0.114403
[goal2348] RTDL batched 3D repeat 65/80 ok=True sec=0.113752
[goal2348] RTDL batched 3D repeat 66/80 ok=True sec=0.113882
[goal2348] RTDL batched 3D repeat 67/80 ok=True sec=0.115526
[goal2348] RTDL batched 3D repeat 68/80 ok=True sec=0.113791
[goal2348] RTDL batched 3D repeat 69/80 ok=True sec=0.114748
[goal2348] RTDL batched 3D repeat 70/80 ok=True sec=0.114834
[goal2348] RTDL batched 3D repeat 71/80 ok=True sec=0.114066
[goal2348] RTDL batched 3D repeat 72/80 ok=True sec=0.114411
[goal2348] RTDL batched 3D repeat 73/80 ok=True sec=0.113562
[goal2348] RTDL batched 3D repeat 74/80 ok=True sec=0.114420
[goal2348] RTDL batched 3D repeat 75/80 ok=True sec=0.115027
[goal2348] RTDL batched 3D repeat 76/80 ok=True sec=0.114370
[goal2348] RTDL batched 3D repeat 77/80 ok=True sec=0.115416
[goal2348] RTDL batched 3D repeat 78/80 ok=True sec=0.114221
[goal2348] RTDL batched 3D repeat 79/80 ok=True sec=0.114653
[goal2348] RTDL batched 3D repeat 80/80 ok=True sec=0.114013
{
  "backend": "embree",
  "batch_count": 1,
  "batch_phase_timings": [
    {
      "backend": "embree",
      "materializes_neighbor_rows": false,
      "mode": "embree_prepared_fixed_radius_ranked_summary_rows",
      "native_traversal_seconds": 0.012229587,
      "prepared_search_structure": true,
      "summary_rows_materialized": true,
      "wall_seconds": 0.11400788277387619
    }
  ],
  "claim_boundary": {
    "aggregate_requests_batched": false,
    "broad_rt_core_speedup_claim_authorized": false,
    "device_ranked_summary_aggregate": false,
    "device_ranked_summary_rows": false,
    "device_resident_query_points": false,
    "embree_ranked_summary_rows": true,
    "float32_precision": false,
    "materializes_neighbor_rows": false,
    "paper_equivalent_rtnn_row": false,
    "partitioned_or_batched_like_rtnn": true,
    "prepared_cuda_graph_replay": false,
    "rt_core_neighbor_search_claim_authorized": false,
    "rtdl_speedup_claim_authorized": false,
    "same_stream_partner_consumer": false
  },
  "contract": {
    "aggregate_batch_request_mode": "not_batched",
    "aggregate_batch_requests": [],
    "aggregate_request_count": 1,
    "approximate": false,
    "batched_queries": true,
    "bounded_k": 50,
    "exact": true,
    "execution_path_policy_version": null,
    "family": "fixed_radius_neighbors_3d",
    "mode": "ranked-summary-raw",
    "precision": "float64",
    "prepared_cuda_graph_replay": false,
    "prepared_query_points": false,
    "prepared_search_structure": true,
    "same_stream_partner_consumer": false
  },
  "elapsed_max_sec": 0.11690978705883026,
  "elapsed_median_sec": 0.1145799495279789,
  "elapsed_min_sec": 0.11305052787065506,
  "elapsed_runs_sec": [
    0.1168193593621254,
    0.11690978705883026,
    0.11501999944448471,
    0.11497758328914642,
    0.11438903212547302,
    0.1154453232884407,
    0.11348849534988403,
    0.11493580788373947,
    0.11535673588514328,
    0.11486509442329407,
    0.11447611451148987,
    0.11553169786930084,
    0.1142452135682106,
    0.1152205541729927,
    0.11559675633907318,
    0.11592191457748413,
    0.11519775539636612,
    0.11582966148853302,
    0.11506257951259613,
    0.11480030417442322,
    0.11600424349308014,
    0.11419162154197693,
    0.11409306526184082,
    0.11394326388835907,
    0.11520734429359436,
    0.11490707099437714,
    0.1133773922920227,
    0.1137792319059372,
    0.11440767347812653,
    0.11490753293037415,
    0.11442716419696808,
    0.11430639773607254,
    0.11530708521604538,
    0.11659824103116989,
    0.1145782470703125,
    0.11420661211013794,
    0.11457157880067825,
    0.11465428024530411,
    0.11471165716648102,
    0.11388416588306427,
    0.11427153646945953,
    0.11516864597797394,
    0.11538515985012054,
    0.11444899439811707,
    0.11485998332500458,
    0.1145443320274353,
    0.11496984958648682,
    0.11425649374723434,
    0.11421988904476166,
    0.11305052787065506,
    0.11416998505592346,
    0.11464430391788483,
    0.11518145352602005,
    0.11548235267400742,
    0.11370622366666794,
    0.1145816519856453,
    0.11491517722606659,
    0.11431284993886948,
    0.1143215149641037,
    0.11319644004106522,
    0.11506190896034241,
    0.11370155215263367,
    0.11317907273769379,
    0.11440260708332062,
    0.11375152319669724,
    0.1138816699385643,
    0.11552595347166061,
    0.11379130929708481,
    0.11474771052598953,
    0.11483382433652878,
    0.11406565457582474,
    0.11441139131784439,
    0.11356206238269806,
    0.1144198477268219,
    0.11502730846405029,
    0.11437002569437027,
    0.11541564017534256,
    0.11422085016965866,
    0.11465293169021606,
    0.11401311308145523
  ],
  "elapsed_sec": 0.11401311308145523,
  "error": "",
  "execution_path_plan": null,
  "execution_prepare_sec": 0.11807386577129364,
  "external": "RTDL current",
  "input_load_sec": 0.17389213293790817,
  "input_pack_sec": 0.031543634831905365,
  "k_max": 50,
  "mode": "current_3d_fixed_radius_neighbors_embree_batched",
  "ok": true,
  "query_batch_size": 65536,
  "query_count": 65536,
  "radius": 0.02,
  "ranked_aggregate_batch_summaries": null,
  "ranked_aggregate_summary": null,
  "raw_ranked_summary_aggregate": {
    "bounded_neighbor_count": 206434,
    "kth_id_checksum": 2148001918,
    "max_neighbor_count": 13,
    "min_neighbor_count": 1,
    "nearest_id_checksum": 2147450880,
    "query_count": 65536,
    "sum_distance": 2110.9291638399195,
    "zero_neighbor_query_count": 0
  },
  "raw_ranked_summary_batch_summaries": [
    {
      "bounded_neighbor_count": 206434,
      "kth_id_checksum": 2148001918,
      "max_neighbor_count": 13,
      "min_neighbor_count": 1,
      "nearest_id_checksum": 2147450880,
      "query_count": 65536,
      "sum_distance": 2110.9291638399195,
      "zero_neighbor_query_count": 0
    }
  ],
  "repeat": 80,
  "result_mode": "ranked-summary-raw",
  "row": "human_scale_rtnn_embree_t8",
  "row_count": 65536,
  "runner": "goal2348_rtnn_v2_2_external_runner",
  "same_stream_entrypoint_metadata": null,
  "search_count": 65536
}
