[goal3536] v23 1/11 hausdorff_optix_threshold: wrapper_repeat_subprocess target_plan=False
[goal3536] v23 2/11 spatial_rayjoin_optix_prepared_full_route: wrapper_repeat_subprocess target_plan=False
[goal3536] v23 3/11 rt_dbscan_optix_grouped_stream: wrapper_repeat_subprocess target_plan=True
[goal3536] v23 4/11 robot_collision_optix_prepared_device_buffers: partial_base_repeat_wall_guard target_plan=False
[goal3536] v23 5/11 raydb_optix_partner_resident_count: internal_repeat_knob target_plan=True
[goal3536] v23 6/11 raydb_optix_partner_resident_sum: internal_repeat_knob target_plan=True
[goal3536] v23 7/11 barnes_hut_optix_node_coverage: wrapper_repeat_subprocess target_plan=False
[goal3536] v23 8/11 librts_optix_aabb_index: wrapper_repeat_subprocess target_plan=False
[goal3536] v23 9/11 rtnn_optix_prepared_3d_ranked_summary: internal_repeat_knob target_plan=True
[goal3536] v23 10/11 triangle_counting_optix_rt_graph_2a1_partner: internal_repeat_knob target_plan=True
[goal3536] v23 11/11 contact_manifold_optix_aabb_broadphase_collect_k: internal_repeat_knob target_plan=True
[goal3536] v28 1/11 hausdorff_optix_threshold: wrapper_repeat_subprocess target_plan=False
[goal3536] v28 2/11 spatial_rayjoin_optix_prepared_full_route: wrapper_repeat_subprocess target_plan=False
[goal3536] v28 3/11 rt_dbscan_optix_grouped_stream: wrapper_repeat_subprocess target_plan=True
[goal3536] v28 4/11 robot_collision_optix_prepared_device_buffers: partial_base_repeat_wall_guard target_plan=False
[goal3536] v28 5/11 raydb_optix_partner_resident_count: internal_repeat_knob target_plan=True
[goal3536] v28 6/11 raydb_optix_partner_resident_sum: internal_repeat_knob target_plan=True
[goal3536] v28 7/11 barnes_hut_optix_node_coverage: wrapper_repeat_subprocess target_plan=False
[goal3536] v28 8/11 librts_optix_aabb_index: wrapper_repeat_subprocess target_plan=False
[goal3536] v28 9/11 rtnn_optix_prepared_3d_ranked_summary: internal_repeat_knob target_plan=True
[goal3536] v28 10/11 triangle_counting_optix_rt_graph_2a1_partner: internal_repeat_knob target_plan=True
[goal3536] v28 11/11 contact_manifold_optix_aabb_broadphase_collect_k: internal_repeat_knob target_plan=True
[goal3536] wrote docs/reports/goal3536_v2_8_vs_v2_3_10s_steady_state_a5000/summary_target10_safety15.json
[goal3536] wrote docs/reports/goal3536_v2_8_vs_v2_3_10s_steady_state_a5000/summary.md
