[goal3834] Numba PIP baseline start
[goal3834] pip/numba_dense_all_pairs_scalar_count warmup 1/55 elapsed=0.499791s count=1417
[goal3834] pip/numba_dense_all_pairs_scalar_count warmup 2/55 elapsed=0.000598s count=1417
[goal3834] pip/numba_dense_all_pairs_scalar_count warmup 3/55 elapsed=0.000551s count=1417
[goal3834] pip/numba_dense_all_pairs_scalar_count warmup 4/55 elapsed=0.000548s count=1417
[goal3834] pip/numba_dense_all_pairs_scalar_count warmup 5/55 elapsed=0.000502s count=1417
[goal3834] pip/numba_dense_all_pairs_scalar_count repeat 6/55 elapsed=0.000502s count=1417
[goal3834] pip/numba_dense_all_pairs_scalar_count repeat 7/55 elapsed=0.000539s count=1417
[goal3834] pip/numba_dense_all_pairs_scalar_count repeat 8/55 elapsed=0.000495s count=1417
[goal3834] pip/numba_dense_all_pairs_scalar_count repeat 9/55 elapsed=0.000519s count=1417
[goal3834] pip/numba_dense_all_pairs_scalar_count repeat 10/55 elapsed=0.000512s count=1417
[goal3834] pip/numba_dense_all_pairs_scalar_count repeat 11/55 elapsed=0.000536s count=1417
[goal3834] pip/numba_dense_all_pairs_scalar_count repeat 12/55 elapsed=0.000525s count=1417
[goal3834] pip/numba_dense_all_pairs_scalar_count repeat 13/55 elapsed=0.000510s count=1417
[goal3834] pip/numba_dense_all_pairs_scalar_count repeat 14/55 elapsed=0.000719s count=1417
[goal3834] pip/numba_dense_all_pairs_scalar_count repeat 15/55 elapsed=0.000584s count=1417
[goal3834] pip/numba_dense_all_pairs_scalar_count repeat 16/55 elapsed=0.000528s count=1417
[goal3834] pip/numba_dense_all_pairs_scalar_count repeat 17/55 elapsed=0.000557s count=1417
[goal3834] pip/numba_dense_all_pairs_scalar_count repeat 18/55 elapsed=0.000545s count=1417
[goal3834] pip/numba_dense_all_pairs_scalar_count repeat 19/55 elapsed=0.000507s count=1417
[goal3834] pip/numba_dense_all_pairs_scalar_count repeat 20/55 elapsed=0.000553s count=1417
[goal3834] pip/numba_dense_all_pairs_scalar_count repeat 21/55 elapsed=0.000563s count=1417
[goal3834] pip/numba_dense_all_pairs_scalar_count repeat 22/55 elapsed=0.000521s count=1417
[goal3834] pip/numba_dense_all_pairs_scalar_count repeat 23/55 elapsed=0.000502s count=1417
[goal3834] pip/numba_dense_all_pairs_scalar_count repeat 24/55 elapsed=0.000533s count=1417
[goal3834] pip/numba_dense_all_pairs_scalar_count repeat 25/55 elapsed=0.000584s count=1417
[goal3834] pip/numba_dense_all_pairs_scalar_count repeat 26/55 elapsed=0.000560s count=1417
[goal3834] pip/numba_dense_all_pairs_scalar_count repeat 27/55 elapsed=0.000501s count=1417
[goal3834] pip/numba_dense_all_pairs_scalar_count repeat 28/55 elapsed=0.000630s count=1417
[goal3834] pip/numba_dense_all_pairs_scalar_count repeat 29/55 elapsed=0.000514s count=1417
[goal3834] pip/numba_dense_all_pairs_scalar_count repeat 30/55 elapsed=0.000548s count=1417
[goal3834] pip/numba_dense_all_pairs_scalar_count repeat 31/55 elapsed=0.000531s count=1417
[goal3834] pip/numba_dense_all_pairs_scalar_count repeat 32/55 elapsed=0.000534s count=1417
[goal3834] pip/numba_dense_all_pairs_scalar_count repeat 33/55 elapsed=0.000533s count=1417
[goal3834] pip/numba_dense_all_pairs_scalar_count repeat 34/55 elapsed=0.000565s count=1417
[goal3834] pip/numba_dense_all_pairs_scalar_count repeat 35/55 elapsed=0.000546s count=1417
[goal3834] pip/numba_dense_all_pairs_scalar_count repeat 36/55 elapsed=0.000500s count=1417
[goal3834] pip/numba_dense_all_pairs_scalar_count repeat 37/55 elapsed=0.000524s count=1417
[goal3834] pip/numba_dense_all_pairs_scalar_count repeat 38/55 elapsed=0.000492s count=1417
[goal3834] pip/numba_dense_all_pairs_scalar_count repeat 39/55 elapsed=0.000548s count=1417
[goal3834] pip/numba_dense_all_pairs_scalar_count repeat 40/55 elapsed=0.000507s count=1417
[goal3834] pip/numba_dense_all_pairs_scalar_count repeat 41/55 elapsed=0.000555s count=1417
[goal3834] pip/numba_dense_all_pairs_scalar_count repeat 42/55 elapsed=0.000522s count=1417
[goal3834] pip/numba_dense_all_pairs_scalar_count repeat 43/55 elapsed=0.000592s count=1417
[goal3834] pip/numba_dense_all_pairs_scalar_count repeat 44/55 elapsed=0.000595s count=1417
[goal3834] pip/numba_dense_all_pairs_scalar_count repeat 45/55 elapsed=0.000541s count=1417
[goal3834] pip/numba_dense_all_pairs_scalar_count repeat 46/55 elapsed=0.000504s count=1417
[goal3834] pip/numba_dense_all_pairs_scalar_count repeat 47/55 elapsed=0.000501s count=1417
[goal3834] pip/numba_dense_all_pairs_scalar_count repeat 48/55 elapsed=0.000541s count=1417
[goal3834] pip/numba_dense_all_pairs_scalar_count repeat 49/55 elapsed=0.000550s count=1417
[goal3834] pip/numba_dense_all_pairs_scalar_count repeat 50/55 elapsed=0.000510s count=1417
[goal3834] pip/numba_dense_all_pairs_scalar_count repeat 51/55 elapsed=0.000533s count=1417
[goal3834] pip/numba_dense_all_pairs_scalar_count repeat 52/55 elapsed=0.000570s count=1417
[goal3834] pip/numba_dense_all_pairs_scalar_count repeat 53/55 elapsed=0.000520s count=1417
[goal3834] pip/numba_dense_all_pairs_scalar_count repeat 54/55 elapsed=0.000530s count=1417
[goal3834] pip/numba_dense_all_pairs_scalar_count repeat 55/55 elapsed=0.000517s count=1417
[goal3834] RTDL/OptiX PIP route start
[goal3838] lsi_county512_soil512 Numba baseline start
[goal3838] lsi/numba_dense_all_pairs_scalar_count warmup 1/55 elapsed=0.131001s count=269
[goal3838] lsi/numba_dense_all_pairs_scalar_count warmup 2/55 elapsed=0.023732s count=269
[goal3838] lsi/numba_dense_all_pairs_scalar_count warmup 3/55 elapsed=0.023708s count=269
[goal3838] lsi/numba_dense_all_pairs_scalar_count warmup 4/55 elapsed=0.023690s count=269
[goal3838] lsi/numba_dense_all_pairs_scalar_count warmup 5/55 elapsed=0.023696s count=269
[goal3838] lsi/numba_dense_all_pairs_scalar_count repeat 6/55 elapsed=0.023694s count=269
[goal3838] lsi/numba_dense_all_pairs_scalar_count repeat 7/55 elapsed=0.023691s count=269
[goal3838] lsi/numba_dense_all_pairs_scalar_count repeat 8/55 elapsed=0.023688s count=269
[goal3838] lsi/numba_dense_all_pairs_scalar_count repeat 9/55 elapsed=0.022548s count=269
[goal3838] lsi/numba_dense_all_pairs_scalar_count repeat 10/55 elapsed=0.020564s count=269
[goal3838] lsi/numba_dense_all_pairs_scalar_count repeat 11/55 elapsed=0.020579s count=269
[goal3838] lsi/numba_dense_all_pairs_scalar_count repeat 12/55 elapsed=0.020568s count=269
[goal3838] lsi/numba_dense_all_pairs_scalar_count repeat 13/55 elapsed=0.020570s count=269
[goal3838] lsi/numba_dense_all_pairs_scalar_count repeat 14/55 elapsed=0.020576s count=269
[goal3838] lsi/numba_dense_all_pairs_scalar_count repeat 15/55 elapsed=0.020583s count=269
[goal3838] lsi/numba_dense_all_pairs_scalar_count repeat 16/55 elapsed=0.020584s count=269
[goal3838] lsi/numba_dense_all_pairs_scalar_count repeat 17/55 elapsed=0.020698s count=269
[goal3838] lsi/numba_dense_all_pairs_scalar_count repeat 18/55 elapsed=0.021400s count=269
[goal3838] lsi/numba_dense_all_pairs_scalar_count repeat 19/55 elapsed=0.020872s count=269
[goal3838] lsi/numba_dense_all_pairs_scalar_count repeat 20/55 elapsed=0.020745s count=269
[goal3838] lsi/numba_dense_all_pairs_scalar_count repeat 21/55 elapsed=0.020763s count=269
[goal3838] lsi/numba_dense_all_pairs_scalar_count repeat 22/55 elapsed=0.020733s count=269
[goal3838] lsi/numba_dense_all_pairs_scalar_count repeat 23/55 elapsed=0.020745s count=269
[goal3838] lsi/numba_dense_all_pairs_scalar_count repeat 24/55 elapsed=0.020728s count=269
[goal3838] lsi/numba_dense_all_pairs_scalar_count repeat 25/55 elapsed=0.020762s count=269
[goal3838] lsi/numba_dense_all_pairs_scalar_count repeat 26/55 elapsed=0.020737s count=269
[goal3838] lsi/numba_dense_all_pairs_scalar_count repeat 27/55 elapsed=0.020742s count=269
[goal3838] lsi/numba_dense_all_pairs_scalar_count repeat 28/55 elapsed=0.020730s count=269
[goal3838] lsi/numba_dense_all_pairs_scalar_count repeat 29/55 elapsed=0.020742s count=269
[goal3838] lsi/numba_dense_all_pairs_scalar_count repeat 30/55 elapsed=0.020736s count=269
[goal3838] lsi/numba_dense_all_pairs_scalar_count repeat 31/55 elapsed=0.020733s count=269
[goal3838] lsi/numba_dense_all_pairs_scalar_count repeat 32/55 elapsed=0.020748s count=269
[goal3838] lsi/numba_dense_all_pairs_scalar_count repeat 33/55 elapsed=0.020736s count=269
[goal3838] lsi/numba_dense_all_pairs_scalar_count repeat 34/55 elapsed=0.020722s count=269
[goal3838] lsi/numba_dense_all_pairs_scalar_count repeat 35/55 elapsed=0.020725s count=269
[goal3838] lsi/numba_dense_all_pairs_scalar_count repeat 36/55 elapsed=0.020727s count=269
[goal3838] lsi/numba_dense_all_pairs_scalar_count repeat 37/55 elapsed=0.020723s count=269
[goal3838] lsi/numba_dense_all_pairs_scalar_count repeat 38/55 elapsed=0.020729s count=269
[goal3838] lsi/numba_dense_all_pairs_scalar_count repeat 39/55 elapsed=0.020734s count=269
[goal3838] lsi/numba_dense_all_pairs_scalar_count repeat 40/55 elapsed=0.020730s count=269
[goal3838] lsi/numba_dense_all_pairs_scalar_count repeat 41/55 elapsed=0.020729s count=269
[goal3838] lsi/numba_dense_all_pairs_scalar_count repeat 42/55 elapsed=0.020728s count=269
[goal3838] lsi/numba_dense_all_pairs_scalar_count repeat 43/55 elapsed=0.020719s count=269
[goal3838] lsi/numba_dense_all_pairs_scalar_count repeat 44/55 elapsed=0.020723s count=269
[goal3838] lsi/numba_dense_all_pairs_scalar_count repeat 45/55 elapsed=0.020826s count=269
[goal3838] lsi/numba_dense_all_pairs_scalar_count repeat 46/55 elapsed=0.020747s count=269
[goal3838] lsi/numba_dense_all_pairs_scalar_count repeat 47/55 elapsed=0.020728s count=269
[goal3838] lsi/numba_dense_all_pairs_scalar_count repeat 48/55 elapsed=0.020728s count=269
[goal3838] lsi/numba_dense_all_pairs_scalar_count repeat 49/55 elapsed=0.020734s count=269
[goal3838] lsi/numba_dense_all_pairs_scalar_count repeat 50/55 elapsed=0.020751s count=269
[goal3838] lsi/numba_dense_all_pairs_scalar_count repeat 51/55 elapsed=0.020753s count=269
[goal3838] lsi/numba_dense_all_pairs_scalar_count repeat 52/55 elapsed=0.020731s count=269
[goal3838] lsi/numba_dense_all_pairs_scalar_count repeat 53/55 elapsed=0.020727s count=269
[goal3838] lsi/numba_dense_all_pairs_scalar_count repeat 54/55 elapsed=0.020729s count=269
[goal3838] lsi/numba_dense_all_pairs_scalar_count repeat 55/55 elapsed=0.020735s count=269
[goal3838] lsi_county512_soil512 RTDL/OptiX route start
[goal3838] overlay_county512_soil512 Numba baseline start
[goal3838] overlay_seed/numba_dense_all_pairs_scalar_count warmup 1/55 elapsed=0.689051s count=174
[goal3838] overlay_seed/numba_dense_all_pairs_scalar_count warmup 2/55 elapsed=0.049514s count=174
[goal3838] overlay_seed/numba_dense_all_pairs_scalar_count warmup 3/55 elapsed=0.050600s count=174
[goal3838] overlay_seed/numba_dense_all_pairs_scalar_count warmup 4/55 elapsed=0.048757s count=174
[goal3838] overlay_seed/numba_dense_all_pairs_scalar_count warmup 5/55 elapsed=0.048727s count=174
[goal3838] overlay_seed/numba_dense_all_pairs_scalar_count repeat 6/55 elapsed=0.048738s count=174
[goal3838] overlay_seed/numba_dense_all_pairs_scalar_count repeat 7/55 elapsed=0.048722s count=174
[goal3838] overlay_seed/numba_dense_all_pairs_scalar_count repeat 8/55 elapsed=0.048713s count=174
[goal3838] overlay_seed/numba_dense_all_pairs_scalar_count repeat 9/55 elapsed=0.048951s count=174
[goal3838] overlay_seed/numba_dense_all_pairs_scalar_count repeat 10/55 elapsed=0.048700s count=174
[goal3838] overlay_seed/numba_dense_all_pairs_scalar_count repeat 11/55 elapsed=0.048705s count=174
[goal3838] overlay_seed/numba_dense_all_pairs_scalar_count repeat 12/55 elapsed=0.049040s count=174
[goal3838] overlay_seed/numba_dense_all_pairs_scalar_count repeat 13/55 elapsed=0.049348s count=174
[goal3838] overlay_seed/numba_dense_all_pairs_scalar_count repeat 14/55 elapsed=0.048762s count=174
[goal3838] overlay_seed/numba_dense_all_pairs_scalar_count repeat 15/55 elapsed=0.048811s count=174
[goal3838] overlay_seed/numba_dense_all_pairs_scalar_count repeat 16/55 elapsed=0.049054s count=174
[goal3838] overlay_seed/numba_dense_all_pairs_scalar_count repeat 17/55 elapsed=0.048820s count=174
[goal3838] overlay_seed/numba_dense_all_pairs_scalar_count repeat 18/55 elapsed=0.048880s count=174
[goal3838] overlay_seed/numba_dense_all_pairs_scalar_count repeat 19/55 elapsed=0.048830s count=174
[goal3838] overlay_seed/numba_dense_all_pairs_scalar_count repeat 20/55 elapsed=0.049082s count=174
[goal3838] overlay_seed/numba_dense_all_pairs_scalar_count repeat 21/55 elapsed=0.048711s count=174
[goal3838] overlay_seed/numba_dense_all_pairs_scalar_count repeat 22/55 elapsed=0.048736s count=174
[goal3838] overlay_seed/numba_dense_all_pairs_scalar_count repeat 23/55 elapsed=0.049053s count=174
[goal3838] overlay_seed/numba_dense_all_pairs_scalar_count repeat 24/55 elapsed=0.050259s count=174
[goal3838] overlay_seed/numba_dense_all_pairs_scalar_count repeat 25/55 elapsed=0.049102s count=174
[goal3838] overlay_seed/numba_dense_all_pairs_scalar_count repeat 26/55 elapsed=0.048772s count=174
[goal3838] overlay_seed/numba_dense_all_pairs_scalar_count repeat 27/55 elapsed=0.048699s count=174
[goal3838] overlay_seed/numba_dense_all_pairs_scalar_count repeat 28/55 elapsed=0.059291s count=174
[goal3838] overlay_seed/numba_dense_all_pairs_scalar_count repeat 29/55 elapsed=0.049505s count=174
[goal3838] overlay_seed/numba_dense_all_pairs_scalar_count repeat 30/55 elapsed=0.051569s count=174
[goal3838] overlay_seed/numba_dense_all_pairs_scalar_count repeat 31/55 elapsed=0.048803s count=174
[goal3838] overlay_seed/numba_dense_all_pairs_scalar_count repeat 32/55 elapsed=0.048802s count=174
[goal3838] overlay_seed/numba_dense_all_pairs_scalar_count repeat 33/55 elapsed=0.048822s count=174
[goal3838] overlay_seed/numba_dense_all_pairs_scalar_count repeat 34/55 elapsed=0.049817s count=174
[goal3838] overlay_seed/numba_dense_all_pairs_scalar_count repeat 35/55 elapsed=0.048801s count=174
[goal3838] overlay_seed/numba_dense_all_pairs_scalar_count repeat 36/55 elapsed=0.049906s count=174
[goal3838] overlay_seed/numba_dense_all_pairs_scalar_count repeat 37/55 elapsed=0.048886s count=174
[goal3838] overlay_seed/numba_dense_all_pairs_scalar_count repeat 38/55 elapsed=0.048943s count=174
[goal3838] overlay_seed/numba_dense_all_pairs_scalar_count repeat 39/55 elapsed=0.048801s count=174
[goal3838] overlay_seed/numba_dense_all_pairs_scalar_count repeat 40/55 elapsed=0.048761s count=174
[goal3838] overlay_seed/numba_dense_all_pairs_scalar_count repeat 41/55 elapsed=0.048928s count=174
[goal3838] overlay_seed/numba_dense_all_pairs_scalar_count repeat 42/55 elapsed=0.048753s count=174
[goal3838] overlay_seed/numba_dense_all_pairs_scalar_count repeat 43/55 elapsed=0.048935s count=174
[goal3838] overlay_seed/numba_dense_all_pairs_scalar_count repeat 44/55 elapsed=0.048771s count=174
[goal3838] overlay_seed/numba_dense_all_pairs_scalar_count repeat 45/55 elapsed=0.048696s count=174
[goal3838] overlay_seed/numba_dense_all_pairs_scalar_count repeat 46/55 elapsed=0.048825s count=174
[goal3838] overlay_seed/numba_dense_all_pairs_scalar_count repeat 47/55 elapsed=0.048681s count=174
[goal3838] overlay_seed/numba_dense_all_pairs_scalar_count repeat 48/55 elapsed=0.048709s count=174
[goal3838] overlay_seed/numba_dense_all_pairs_scalar_count repeat 49/55 elapsed=0.048683s count=174
[goal3838] overlay_seed/numba_dense_all_pairs_scalar_count repeat 50/55 elapsed=0.048683s count=174
[goal3838] overlay_seed/numba_dense_all_pairs_scalar_count repeat 51/55 elapsed=0.048690s count=174
[goal3838] overlay_seed/numba_dense_all_pairs_scalar_count repeat 52/55 elapsed=0.053814s count=174
[goal3838] overlay_seed/numba_dense_all_pairs_scalar_count repeat 53/55 elapsed=0.048666s count=174
[goal3838] overlay_seed/numba_dense_all_pairs_scalar_count repeat 54/55 elapsed=0.048664s count=174
[goal3838] overlay_seed/numba_dense_all_pairs_scalar_count repeat 55/55 elapsed=0.049272s count=174
[goal3838] overlay_county512_soil512 RTDL/OptiX route start
[goal3310] load RayJoin PIP case
[goal3310] points=512 polygons=478
[goal3310] exact_count=1417
[goal3310] single warmup 1/3
[goal3310] single warmup 2/3
[goal3310] single warmup 3/3
[goal3310] single repeat 1/12 0.224258 ms
[goal3310] single repeat 2/12 0.219902 ms
[goal3310] single repeat 3/12 0.218065 ms
[goal3310] single repeat 4/12 0.219342 ms
[goal3310] single repeat 5/12 0.215493 ms
[goal3310] single repeat 6/12 0.216468 ms
[goal3310] single repeat 7/12 0.214240 ms
[goal3310] single repeat 8/12 0.214756 ms
[goal3310] single repeat 9/12 0.214841 ms
[goal3310] single repeat 10/12 0.216124 ms
[goal3310] single repeat 11/12 0.214914 ms
[goal3310] single repeat 12/12 0.258901 ms
[goal3310] batch 1 executor prepared effective_streams=1
[goal3310] batch 1 warmup 1/3
[goal3310] batch 1 warmup 2/3
[goal3310] batch 1 warmup 3/3
[goal3310] batch 1 repeat 1/8 total=0.209338 ms per=0.209338 ms
[goal3310] batch 1 repeat 2/8 total=0.218908 ms per=0.218908 ms
[goal3310] batch 1 repeat 3/8 total=0.211379 ms per=0.211379 ms
[goal3310] batch 1 repeat 4/8 total=0.211395 ms per=0.211395 ms
[goal3310] batch 1 repeat 5/8 total=0.210891 ms per=0.210891 ms
[goal3310] batch 1 repeat 6/8 total=0.209554 ms per=0.209554 ms
[goal3310] batch 1 repeat 7/8 total=0.208858 ms per=0.208858 ms
[goal3310] batch 1 repeat 8/8 total=0.208072 ms per=0.208072 ms
[goal3310] batch 100 executor prepared effective_streams=16
[goal3310] batch 100 warmup 1/3
[goal3310] batch 100 warmup 2/3
[goal3310] batch 100 warmup 3/3
[goal3310] batch 100 repeat 1/8 total=2.418637 ms per=0.024186 ms
[goal3310] batch 100 repeat 2/8 total=2.426775 ms per=0.024268 ms
[goal3310] batch 100 repeat 3/8 total=2.437137 ms per=0.024371 ms
[goal3310] batch 100 repeat 4/8 total=2.428673 ms per=0.024287 ms
[goal3310] batch 100 repeat 5/8 total=2.417700 ms per=0.024177 ms
[goal3310] batch 100 repeat 6/8 total=2.433837 ms per=0.024338 ms
[goal3310] batch 100 repeat 7/8 total=2.432044 ms per=0.024320 ms
[goal3310] batch 100 repeat 8/8 total=2.413745 ms per=0.024137 ms
