[goal4654] BEGIN v2_14_rt_dbscan
[goal4654] END v2_14_rt_dbscan rc=0 elapsed=14.071s
[goal4654] BEGIN v2_14_rt_dbscan_parity
[goal4654] END v2_14_rt_dbscan_parity rc=0 elapsed=5.178s
[goal4654] BEGIN v2_14_raydb_style
[goal4654] END v2_14_raydb_style rc=0 elapsed=9.763s
[goal4654] BEGIN v2_14_triangle_counting
[goal4654] END v2_14_triangle_counting rc=0 elapsed=2.530s
[goal4654] BEGIN v2_14_librts_spatial_index
[goal4654] END v2_14_librts_spatial_index rc=0 elapsed=106.028s
[goal4654] BEGIN v2_14_hausdorff_xhd
[goal4654] END v2_14_hausdorff_xhd rc=0 elapsed=811.594s
[goal4654] BEGIN v3_0_2_rt_dbscan
[goal4654] END v3_0_2_rt_dbscan rc=0 elapsed=14.509s
[goal4654] BEGIN v3_0_2_rt_dbscan_parity
[goal4654] END v3_0_2_rt_dbscan_parity rc=0 elapsed=5.678s
[goal4654] BEGIN v3_0_2_raydb_style
[goal4654] END v3_0_2_raydb_style rc=0 elapsed=5.931s
[goal4654] BEGIN v3_0_2_triangle_counting
[goal4654] END v3_0_2_triangle_counting rc=0 elapsed=3.712s
[goal4654] BEGIN v3_0_2_librts_spatial_index
[goal4654] END v3_0_2_librts_spatial_index rc=0 elapsed=107.051s
[goal4654] BEGIN v3_0_2_hausdorff_xhd
[goal4654] END v3_0_2_hausdorff_xhd rc=0 elapsed=9.665s
[goal4654] BEGIN v4_current_rt_dbscan
[goal4654] END v4_current_rt_dbscan rc=0 elapsed=14.816s
[goal4654] BEGIN v4_current_rt_dbscan_parity
[goal4654] END v4_current_rt_dbscan_parity rc=0 elapsed=5.721s
[goal4654] BEGIN v4_current_raydb_style
[goal4654] END v4_current_raydb_style rc=0 elapsed=6.052s
[goal4654] BEGIN v4_current_triangle_counting
[goal4654] END v4_current_triangle_counting rc=0 elapsed=3.693s
[goal4654] BEGIN v4_current_librts_spatial_index
[goal4654] END v4_current_librts_spatial_index rc=0 elapsed=110.174s
[goal4654] BEGIN v4_current_hausdorff_xhd
[goal4654] END v4_current_hausdorff_xhd rc=0 elapsed=8.790s
[goal4654] BEGIN v4_current_hausdorff_xhd_correctness_1m
[goal4654] END v4_current_hausdorff_xhd_correctness_1m rc=0 elapsed=37.217s
{
  "analysis": {
    "all_full_rows_have_hot_metric": true,
    "all_rows_json_parse_ok": true,
    "all_rows_returncode_zero": true,
    "app_scorecard": [
      {
        "all_correctness_parity_or_skipped_oracle": true,
        "all_json_parse_ok": true,
        "all_returncode_zero": true,
        "app": "rt_dbscan",
        "correctness_supported_by_companion": true,
        "v2_14_hot_sec": 1.6791960280388594,
        "v2_14_primary_wall_sec": 1.6791960280388594,
        "v3_0_2_hot_sec": 1.674543371424079,
        "v3_0_2_primary_wall_sec": 1.674543371424079,
        "v3_0_2_vs_v2_14_hot_speedup": 1.0027784628897511,
        "v3_0_2_vs_v2_14_primary_wall_speedup": 1.0027784628897511,
        "v4_hot_sec": 1.5460389368236065,
        "v4_prepare_vs_v3_0_2_speedup": null,
        "v4_primary_wall_sec": 1.5634950418025255,
        "v4_vs_v2_14_hot_speedup": 1.086127902760864,
        "v4_vs_v2_14_primary_wall_speedup": 1.074001505053028,
        "v4_vs_v3_0_2_hot_speedup": 1.083118498208389,
        "v4_vs_v3_0_2_primary_wall_speedup": 1.0710256998919088
      },
      {
        "all_correctness_parity_or_skipped_oracle": true,
        "all_json_parse_ok": true,
        "all_returncode_zero": true,
        "app": "raydb_style",
        "correctness_supported_by_companion": false,
        "v2_14_hot_sec": 0.005526907742023468,
        "v2_14_primary_wall_sec": 0.005526907742023468,
        "v3_0_2_hot_sec": 0.005697812885046005,
        "v3_0_2_primary_wall_sec": 0.005697812885046005,
        "v3_0_2_vs_v2_14_hot_speedup": 0.970005132412986,
        "v3_0_2_vs_v2_14_primary_wall_speedup": 0.970005132412986,
        "v4_hot_sec": 0.005672071129083633,
        "v4_prepare_vs_v3_0_2_speedup": null,
        "v4_primary_wall_sec": 0.005672071129083633,
        "v4_vs_v2_14_hot_speedup": 0.9744073401484975,
        "v4_vs_v2_14_primary_wall_speedup": 0.9744073401484975,
        "v4_vs_v3_0_2_hot_speedup": 1.0045383344772214,
        "v4_vs_v3_0_2_primary_wall_speedup": 1.0045383344772214
      },
      {
        "all_correctness_parity_or_skipped_oracle": true,
        "all_json_parse_ok": true,
        "all_returncode_zero": true,
        "app": "triangle_counting",
        "correctness_supported_by_companion": false,
        "v2_14_hot_sec": 0.0008075833320617676,
        "v2_14_primary_wall_sec": 0.0008075833320617676,
        "v3_0_2_hot_sec": 0.0001888088881969452,
        "v3_0_2_primary_wall_sec": 0.0001888088881969452,
        "v3_0_2_vs_v2_14_hot_speedup": 4.277252727739084,
        "v3_0_2_vs_v2_14_primary_wall_speedup": 4.277252727739084,
        "v4_hot_sec": 0.0001991651952266693,
        "v4_prepare_vs_v3_0_2_speedup": null,
        "v4_primary_wall_sec": 0.0001991651952266693,
        "v4_vs_v2_14_hot_speedup": 4.054841666199054,
        "v4_vs_v2_14_primary_wall_speedup": 4.054841666199054,
        "v4_vs_v3_0_2_hot_speedup": 0.9480014215438715,
        "v4_vs_v3_0_2_primary_wall_speedup": 0.9480014215438715
      },
      {
        "all_correctness_parity_or_skipped_oracle": true,
        "all_json_parse_ok": true,
        "all_returncode_zero": true,
        "app": "librts_spatial_index",
        "correctness_supported_by_companion": false,
        "v2_14_hot_sec": 0.3843375574797392,
        "v2_14_primary_wall_sec": 3.8737401012331247,
        "v3_0_2_hot_sec": 0.3847433775663376,
        "v3_0_2_primary_wall_sec": 4.413821265101433,
        "v3_0_2_vs_v2_14_hot_speedup": 0.9989452187867004,
        "v3_0_2_vs_v2_14_primary_wall_speedup": 0.87763864202238,
        "v4_hot_sec": 0.3832451142370701,
        "v4_prepare_vs_v3_0_2_speedup": null,
        "v4_primary_wall_sec": 3.6930699311196804,
        "v4_vs_v2_14_hot_speedup": 1.002850507944097,
        "v4_vs_v2_14_primary_wall_speedup": 1.0489214050865991,
        "v4_vs_v3_0_2_hot_speedup": 1.0039094127325017,
        "v4_vs_v3_0_2_primary_wall_speedup": 1.1951631968591594
      },
      {
        "all_correctness_parity_or_skipped_oracle": true,
        "all_json_parse_ok": true,
        "all_returncode_zero": true,
        "app": "hausdorff_xhd",
        "coordinate_normalized_1m_correctness_probe_passed": true,
        "correctness_supported_by_companion": false,
        "hausdorff_frozen_bar_passed": true,
        "v2_14_hot_sec": 809.9659277759492,
        "v2_14_primary_wall_sec": 809.9659277759492,
        "v3_0_2_hot_sec": 0.010228972882032394,
        "v3_0_2_primary_wall_sec": 7.847415883094072,
        "v3_0_2_vs_v2_14_hot_speedup": 79183.50523723522,
        "v3_0_2_vs_v2_14_primary_wall_speedup": 103.21434977352017,
        "v4_hot_sec": 0.0040180496871471405,
        "v4_prepare_vs_v3_0_2_speedup": 1.147769144760024,
        "v4_primary_wall_sec": 7.053993444889784,
        "v4_vs_v2_14_hot_speedup": 201581.8595690473,
        "v4_vs_v2_14_primary_wall_speedup": 114.8237426223756,
        "v4_vs_v3_0_2_hot_speedup": 2.545755697036957,
        "v4_vs_v3_0_2_primary_wall_speedup": 1.1124784768235187
      }
    ],
    "formal_release_blocker": "v2_14/v3_0_2 OptiX libraries could not be built on this POD because OptiX SDK headers are absent; OptiX-dependent old-version rows use a declared V4 compatibility native library",
    "formal_tag_native_optix_purity": false,
    "hausdorff_correctness_probe": {
      "app": "hausdorff_xhd_correctness_1m",
      "command": [
        "/root/rtdl_v4_venv/bin/python",
        "examples/current/research_benchmarks/hausdorff_xhd/rtdl_hausdorff_distance_app.py",
        "--backend",
        "optix_device_max_nearest",
        "--partner",
        "cupy",
        "--copies",
        "262144",
        "--repeat",
        "9",
        "--warmup",
        "5",
        "--coordinate-normalization-span",
        "1000000.0"
      ],
      "cwd": "/root/rtdl_v4_candidate_pod",
      "ended_unix": 1782427044.156868,
      "error": null,
      "optix_library_note": "uses V4 candidate prebuilt native library in its own tree",
      "payload_metrics": {
        "coordinate_normalization_used": true,
        "copies": 262144,
        "correctness_parity": true,
        "hot_sec": 0.010494984686374664,
        "json_parse_ok": true,
        "materialize_sec": 0.0006040036678314209,
        "points_per_side": 1048576,
        "prepare_sec": 10.098909199237823,
        "primary_wall_sec": 32.660662449896336,
        "route": "optix_device_max_nearest"
      },
      "returncode": 0,
      "runner_elapsed_sec": 37.21723223850131,
      "started_unix": 1782427006.9395688,
      "stderr": "/root/v4_goal4669_serious_20260625/raw/v4_current_hausdorff_xhd_correctness_1m.stderr.txt",
      "stdout_json": "/root/v4_goal4669_serious_20260625/raw/v4_current_hausdorff_xhd_correctness_1m.json",
      "tag_native_optix_build": true,
      "timed_out": false,
      "version": "v4_current",
      "version_label": "V4 current candidate"
    },
    "rows": [
      {
        "app": "rt_dbscan",
        "command": [
          "/root/rtdl_v4_venv/bin/python",
          "examples/current/research_benchmarks/rt_dbscan/rtdl_rt_dbscan_benchmark_app.py",
          "--mode",
          "optix_rt_core_grouped_stream_cupy_column_signature_3d",
          "--dataset",
          "clustered3d",
          "--point-count",
          "262144",
          "--radius",
          "3.0",
          "--min-neighbors",
          "4",
          "--partner",
          "cupy",
          "--repeat",
          "5",
          "--warmup",
          "1",
          "--no-validation"
        ],
        "cwd": "/root/rtdl_v2_14_tag",
        "ended_unix": 1782425776.0501308,
        "error": null,
        "optix_library_note": "uses V4 candidate prebuilt librtdl_optix.so as compatibility library because OptiX SDK headers are absent on this POD",
        "payload_metrics": {
          "correctness_parity": false,
          "hot_sec": 1.6791960280388594,
          "json_parse_ok": true,
          "point_count": 262144,
          "primary_wall_sec": 1.6791960280388594,
          "route": "optix_rt_core_grouped_stream_cupy_column_signature_3d"
        },
        "returncode": 0,
        "runner_elapsed_sec": 14.070615589618683,
        "started_unix": 1782425761.9794395,
        "stderr": "/root/v4_goal4669_serious_20260625/raw/v2_14_rt_dbscan.stderr.txt",
        "stdout_json": "/root/v4_goal4669_serious_20260625/raw/v2_14_rt_dbscan.json",
        "tag_native_optix_build": false,
        "timed_out": false,
        "version": "v2_14",
        "version_label": "V2.14 tag"
      },
      {
        "app": "rt_dbscan_parity",
        "command": [
          "/root/rtdl_v4_venv/bin/python",
          "examples/current/research_benchmarks/rt_dbscan/rtdl_rt_dbscan_benchmark_app.py",
          "--mode",
          "optix_rt_core_grouped_stream_cupy_column_signature_3d",
          "--dataset",
          "clustered3d",
          "--point-count",
          "2048",
          "--radius",
          "3.0",
          "--min-neighbors",
          "4",
          "--partner",
          "cupy",
          "--repeat",
          "1",
          "--warmup",
          "0"
        ],
        "cwd": "/root/rtdl_v2_14_tag",
        "ended_unix": 1782425781.2277868,
        "error": null,
        "optix_library_note": "uses V4 candidate prebuilt librtdl_optix.so as compatibility library because OptiX SDK headers are absent on this POD",
        "payload_metrics": {
          "correctness_parity": true,
          "hot_sec": 0.5846138000488281,
          "json_parse_ok": true,
          "point_count": 2048,
          "primary_wall_sec": 0.5846138000488281,
          "route": "optix_rt_core_grouped_stream_cupy_column_signature_3d"
        },
        "returncode": 0,
        "runner_elapsed_sec": 5.177502993494272,
        "started_unix": 1782425776.050243,
        "stderr": "/root/v4_goal4669_serious_20260625/raw/v2_14_rt_dbscan_parity.stderr.txt",
        "stdout_json": "/root/v4_goal4669_serious_20260625/raw/v2_14_rt_dbscan_parity.json",
        "tag_native_optix_build": false,
        "timed_out": false,
        "version": "v2_14",
        "version_label": "V2.14 tag"
      },
      {
        "app": "raydb_style",
        "command": [
          "/root/rtdl_v4_venv/bin/python",
          "examples/current/research_benchmarks/raydb_style/rtdl_raydb_style_benchmark_app.py",
          "--mode",
          "sum",
          "--backend",
          "paper_rt_optix_prepared_grouped_reduction",
          "--fixture-kind",
          "generated",
          "--generated-rows",
          "131072",
          "--generated-groups",
          "1024",
          "--repeat",
          "7",
          "--warmup",
          "2",
          "--summary-only-iterations"
        ],
        "cwd": "/root/rtdl_v2_14_tag",
        "ended_unix": 1782425790.9910944,
        "error": null,
        "optix_library_note": "uses V4 candidate prebuilt librtdl_optix.so as compatibility library because OptiX SDK headers are absent on this POD",
        "payload_metrics": {
          "correctness_parity": true,
          "hot_sec": 0.005526907742023468,
          "json_parse_ok": true,
          "primary_wall_sec": 0.005526907742023468,
          "route": "paper_rt_optix_prepared_grouped_reduction",
          "row_count": 131072
        },
        "returncode": 0,
        "runner_elapsed_sec": 9.763228107243776,
        "started_unix": 1782425781.2278259,
        "stderr": "/root/v4_goal4669_serious_20260625/raw/v2_14_raydb_style.stderr.txt",
        "stdout_json": "/root/v4_goal4669_serious_20260625/raw/v2_14_raydb_style.json",
        "tag_native_optix_build": false,
        "timed_out": false,
        "version": "v2_14",
        "version_label": "V2.14 tag"
      },
      {
        "app": "triangle_counting",
        "command": [
          "/root/rtdl_v4_venv/bin/python",
          "examples/current/research_benchmarks/triangle_counting/rtdl_triangle_counting_benchmark_app.py",
          "--mode",
          "rt_graph_2a1_generic_rt",
          "--edge-file",
          "/root/v4_goal4669_serious_20260625/k4_32768.edgebin",
          "--edge-format",
          "binary",
          "--backend",
          "optix",
          "--detail",
          "summary",
          "--partner",
          "cupy",
          "--warmup",
          "2",
          "--repeat",
          "7"
        ],
        "cwd": "/root/rtdl_v2_14_tag",
        "ended_unix": 1782425793.521693,
        "error": null,
        "optix_library_note": "uses V4 candidate prebuilt librtdl_optix.so as compatibility library because OptiX SDK headers are absent on this POD",
        "payload_metrics": {
          "correctness_parity": true,
          "hot_sec": 0.0008075833320617676,
          "json_parse_ok": true,
          "logical_ray_count": null,
          "primary_wall_sec": 0.0008075833320617676,
          "ray_count": 98304,
          "route": "rt_graph_2a1_generic_rt"
        },
        "returncode": 0,
        "runner_elapsed_sec": 2.5304963663220406,
        "started_unix": 1782425790.991131,
        "stderr": "/root/v4_goal4669_serious_20260625/raw/v2_14_triangle_counting.stderr.txt",
        "stdout_json": "/root/v4_goal4669_serious_20260625/raw/v2_14_triangle_counting.json",
        "tag_native_optix_build": false,
        "timed_out": false,
        "version": "v2_14",
        "version_label": "V2.14 tag"
      },
      {
        "app": "librts_spatial_index",
        "command": [
          "/root/rtdl_v4_venv/bin/python",
          "examples/current/research_benchmarks/librts_spatial_index/rtdl_librts_spatial_index_benchmark_app.py",
          "--mode",
          "optix_aabb_index",
          "--dataset",
          "uniform",
          "--operation",
          "all",
          "--box-count",
          "1000000",
          "--query-count",
          "1000",
          "--repeat",
          "240",
          "--warmup",
          "1",
          "--skip-counts"
        ],
        "cwd": "/root/rtdl_v2_14_tag",
        "ended_unix": 1782425899.550317,
        "error": null,
        "optix_library_note": "uses V4 candidate prebuilt librtdl_optix.so as compatibility library because OptiX SDK headers are absent on this POD",
        "payload_metrics": {
          "correctness_parity": true,
          "hot_sec": 0.3843375574797392,
          "json_parse_ok": true,
          "operation": "all",
          "primary_wall_sec": 3.8737401012331247,
          "route": "optix_aabb_index"
        },
        "returncode": 0,
        "runner_elapsed_sec": 106.02846536040306,
        "started_unix": 1782425793.5217667,
        "stderr": "/root/v4_goal4669_serious_20260625/raw/v2_14_librts_spatial_index.stderr.txt",
        "stdout_json": "/root/v4_goal4669_serious_20260625/raw/v2_14_librts_spatial_index.json",
        "tag_native_optix_build": false,
        "timed_out": false,
        "version": "v2_14",
        "version_label": "V2.14 tag"
      },
      {
        "app": "hausdorff_xhd",
        "command": [
          "/root/rtdl_v4_venv/bin/python",
          "examples/current/research_benchmarks/hausdorff_xhd/rtdl_hausdorff_distance_app.py",
          "--backend",
          "embree",
          "--embree-result-mode",
          "directed_summary",
          "--copies",
          "65536"
        ],
        "cwd": "/root/rtdl_v2_14_tag",
        "ended_unix": 1782426711.1440325,
        "error": null,
        "optix_library_note": "uses V4 candidate prebuilt librtdl_optix.so as compatibility library because OptiX SDK headers are absent on this POD",
        "payload_metrics": {
          "coordinate_normalization_used": false,
          "copies": 65536,
          "correctness_parity": true,
          "hot_sec": 809.9659277759492,
          "json_parse_ok": true,
          "materialize_sec": null,
          "points_per_side": 262144,
          "prepare_sec": null,
          "primary_wall_sec": 809.9659277759492,
          "route": "embree"
        },
        "returncode": 0,
        "runner_elapsed_sec": 811.5935635082424,
        "started_unix": 1782425899.5504181,
        "stderr": "/root/v4_goal4669_serious_20260625/raw/v2_14_hausdorff_xhd.stderr.txt",
        "stdout_json": "/root/v4_goal4669_serious_20260625/raw/v2_14_hausdorff_xhd.json",
        "tag_native_optix_build": false,
        "timed_out": false,
        "version": "v2_14",
        "version_label": "V2.14 tag"
      },
      {
        "app": "rt_dbscan",
        "command": [
          "/root/rtdl_v4_venv/bin/python",
          "examples/current/research_benchmarks/rt_dbscan/rtdl_rt_dbscan_benchmark_app.py",
          "--mode",
          "optix_rt_core_grouped_stream_cupy_column_signature_3d",
          "--dataset",
          "clustered3d",
          "--point-count",
          "262144",
          "--radius",
          "3.0",
          "--min-neighbors",
          "4",
          "--partner",
          "cupy",
          "--repeat",
          "5",
          "--warmup",
          "1",
          "--no-validation"
        ],
        "cwd": "/root/rtdl_v3_0_2_tag",
        "ended_unix": 1782426725.653364,
        "error": null,
        "optix_library_note": "uses V4 candidate prebuilt librtdl_optix.so as compatibility library because OptiX SDK headers are absent on this POD",
        "payload_metrics": {
          "correctness_parity": false,
          "hot_sec": 1.674543371424079,
          "json_parse_ok": true,
          "point_count": 262144,
          "primary_wall_sec": 1.674543371424079,
          "route": "optix_rt_core_grouped_stream_cupy_column_signature_3d"
        },
        "returncode": 0,
        "runner_elapsed_sec": 14.508957907557487,
        "started_unix": 1782426711.1443388,
        "stderr": "/root/v4_goal4669_serious_20260625/raw/v3_0_2_rt_dbscan.stderr.txt",
        "stdout_json": "/root/v4_goal4669_serious_20260625/raw/v3_0_2_rt_dbscan.json",
        "tag_native_optix_build": false,
        "timed_out": false,
        "version": "v3_0_2",
        "version_label": "V3.0.2 tag"
      },
      {
        "app": "rt_dbscan_parity",
        "command": [
          "/root/rtdl_v4_venv/bin/python",
          "examples/current/research_benchmarks/rt_dbscan/rtdl_rt_dbscan_benchmark_app.py",
          "--mode",
          "optix_rt_core_grouped_stream_cupy_column_signature_3d",
          "--dataset",
          "clustered3d",
          "--point-count",
          "2048",
          "--radius",
          "3.0",
          "--min-neighbors",
          "4",
          "--partner",
          "cupy",
          "--repeat",
          "1",
          "--warmup",
          "0"
        ],
        "cwd": "/root/rtdl_v3_0_2_tag",
        "ended_unix": 1782426731.3317075,
        "error": null,
        "optix_library_note": "uses V4 candidate prebuilt librtdl_optix.so as compatibility library because OptiX SDK headers are absent on this POD",
        "payload_metrics": {
          "correctness_parity": true,
          "hot_sec": 0.577054962515831,
          "json_parse_ok": true,
          "point_count": 2048,
          "primary_wall_sec": 0.577054962515831,
          "route": "optix_rt_core_grouped_stream_cupy_column_signature_3d"
        },
        "returncode": 0,
        "runner_elapsed_sec": 5.678150828927755,
        "started_unix": 1782426725.653484,
        "stderr": "/root/v4_goal4669_serious_20260625/raw/v3_0_2_rt_dbscan_parity.stderr.txt",
        "stdout_json": "/root/v4_goal4669_serious_20260625/raw/v3_0_2_rt_dbscan_parity.json",
        "tag_native_optix_build": false,
        "timed_out": false,
        "version": "v3_0_2",
        "version_label": "V3.0.2 tag"
      },
      {
        "app": "raydb_style",
        "command": [
          "/root/rtdl_v4_venv/bin/python",
          "examples/current/research_benchmarks/raydb_style/rtdl_raydb_style_benchmark_app.py",
          "--mode",
          "sum",
          "--backend",
          "paper_rt_optix_prepared_grouped_reduction",
          "--fixture-kind",
          "generated",
          "--generated-rows",
          "131072",
          "--generated-groups",
          "1024",
          "--repeat",
          "7",
          "--warmup",
          "2",
          "--summary-only-iterations"
        ],
        "cwd": "/root/rtdl_v3_0_2_tag",
        "ended_unix": 1782426737.262493,
        "error": null,
        "optix_library_note": "uses V4 candidate prebuilt librtdl_optix.so as compatibility library because OptiX SDK headers are absent on this POD",
        "payload_metrics": {
          "correctness_parity": true,
          "hot_sec": 0.005697812885046005,
          "json_parse_ok": true,
          "primary_wall_sec": 0.005697812885046005,
          "route": "paper_rt_optix_prepared_grouped_reduction",
          "row_count": 131072
        },
        "returncode": 0,
        "runner_elapsed_sec": 5.9306332394480705,
        "started_unix": 1782426731.331788,
        "stderr": "/root/v4_goal4669_serious_20260625/raw/v3_0_2_raydb_style.stderr.txt",
        "stdout_json": "/root/v4_goal4669_serious_20260625/raw/v3_0_2_raydb_style.json",
        "tag_native_optix_build": false,
        "timed_out": false,
        "version": "v3_0_2",
        "version_label": "V3.0.2 tag"
      },
      {
        "app": "triangle_counting",
        "command": [
          "/root/rtdl_v4_venv/bin/python",
          "examples/current/research_benchmarks/triangle_counting/rtdl_triangle_counting_benchmark_app.py",
          "--mode",
          "rt_graph_2a1_segmented_generic_rt",
          "--edge-file",
          "/root/v4_goal4669_serious_20260625/k4_32768.edgebin",
          "--edge-format",
          "binary",
          "--backend",
          "optix",
          "--detail",
          "summary",
          "--partner",
          "cupy",
          "--warmup",
          "2",
          "--repeat",
          "7",
          "--segment-ray-representation",
          "unique_weighted",
          "--segment-query-schedule",
          "prepared_segment_replay",
          "--validate-oracle"
        ],
        "cwd": "/root/rtdl_v3_0_2_tag",
        "ended_unix": 1782426740.9747934,
        "error": null,
        "optix_library_note": "uses V4 candidate prebuilt librtdl_optix.so as compatibility library because OptiX SDK headers are absent on this POD",
        "payload_metrics": {
          "correctness_parity": true,
          "hot_sec": 0.0001888088881969452,
          "json_parse_ok": true,
          "logical_ray_count": 131072,
          "primary_wall_sec": 0.0001888088881969452,
          "ray_count": 98304,
          "route": "rt_graph_2a1_segmented_generic_rt"
        },
        "returncode": 0,
        "runner_elapsed_sec": 3.7121502608060837,
        "started_unix": 1782426737.2625747,
        "stderr": "/root/v4_goal4669_serious_20260625/raw/v3_0_2_triangle_counting.stderr.txt",
        "stdout_json": "/root/v4_goal4669_serious_20260625/raw/v3_0_2_triangle_counting.json",
        "tag_native_optix_build": false,
        "timed_out": false,
        "version": "v3_0_2",
        "version_label": "V3.0.2 tag"
      },
      {
        "app": "librts_spatial_index",
        "command": [
          "/root/rtdl_v4_venv/bin/python",
          "examples/current/research_benchmarks/librts_spatial_index/rtdl_librts_spatial_index_benchmark_app.py",
          "--mode",
          "optix_aabb_index",
          "--dataset",
          "uniform",
          "--operation",
          "all",
          "--box-count",
          "1000000",
          "--query-count",
          "1000",
          "--repeat",
          "240",
          "--warmup",
          "1",
          "--skip-counts"
        ],
        "cwd": "/root/rtdl_v3_0_2_tag",
        "ended_unix": 1782426848.0258179,
        "error": null,
        "optix_library_note": "uses V4 candidate prebuilt librtdl_optix.so as compatibility library because OptiX SDK headers are absent on this POD",
        "payload_metrics": {
          "correctness_parity": true,
          "hot_sec": 0.3847433775663376,
          "json_parse_ok": true,
          "operation": "all",
          "primary_wall_sec": 4.413821265101433,
          "route": "optix_aabb_index"
        },
        "returncode": 0,
        "runner_elapsed_sec": 107.05086871981621,
        "started_unix": 1782426740.9748724,
        "stderr": "/root/v4_goal4669_serious_20260625/raw/v3_0_2_librts_spatial_index.stderr.txt",
        "stdout_json": "/root/v4_goal4669_serious_20260625/raw/v3_0_2_librts_spatial_index.json",
        "tag_native_optix_build": false,
        "timed_out": false,
        "version": "v3_0_2",
        "version_label": "V3.0.2 tag"
      },
      {
        "app": "hausdorff_xhd",
        "command": [
          "/root/rtdl_v4_venv/bin/python",
          "examples/current/research_benchmarks/hausdorff_xhd/rtdl_hausdorff_distance_app.py",
          "--backend",
          "optix_device_max_nearest",
          "--partner",
          "cupy",
          "--copies",
          "65536",
          "--repeat",
          "9",
          "--warmup",
          "5"
        ],
        "cwd": "/root/rtdl_v3_0_2_tag",
        "ended_unix": 1782426857.6909657,
        "error": null,
        "optix_library_note": "uses V4 candidate prebuilt librtdl_optix.so as compatibility library because OptiX SDK headers are absent on this POD",
        "payload_metrics": {
          "coordinate_normalization_used": false,
          "copies": 65536,
          "correctness_parity": true,
          "hot_sec": 0.010228972882032394,
          "json_parse_ok": true,
          "materialize_sec": 0.0001907050609588623,
          "points_per_side": 262144,
          "prepare_sec": 4.006012745201588,
          "primary_wall_sec": 7.847415883094072,
          "route": "optix_device_max_nearest"
        },
        "returncode": 0,
        "runner_elapsed_sec": 9.664995223283768,
        "started_unix": 1782426848.025898,
        "stderr": "/root/v4_goal4669_serious_20260625/raw/v3_0_2_hausdorff_xhd.stderr.txt",
        "stdout_json": "/root/v4_goal4669_serious_20260625/raw/v3_0_2_hausdorff_xhd.json",
        "tag_native_optix_build": false,
        "timed_out": false,
        "version": "v3_0_2",
        "version_label": "V3.0.2 tag"
      },
      {
        "app": "rt_dbscan",
        "command": [
          "/root/rtdl_v4_venv/bin/python",
          "examples/current/research_benchmarks/rt_dbscan/rtdl_rt_dbscan_benchmark_app.py",
          "--mode",
          "optix_rt_core_grouped_stream_numba_column_signature_3d",
          "--dataset",
          "clustered3d",
          "--point-count",
          "262144",
          "--radius",
          "3.0",
          "--min-neighbors",
          "4",
          "--partner",
          "numba",
          "--repeat",
          "5",
          "--warmup",
          "1",
          "--no-validation"
        ],
        "cwd": "/root/rtdl_v4_candidate_pod",
        "ended_unix": 1782426872.507921,
        "error": null,
        "optix_library_note": "uses V4 candidate prebuilt native library in its own tree",
        "payload_metrics": {
          "correctness_parity": false,
          "hot_sec": 1.5460389368236065,
          "json_parse_ok": true,
          "point_count": 262144,
          "primary_wall_sec": 1.5634950418025255,
          "route": "optix_rt_core_grouped_stream_numba_column_signature_3d"
        },
        "returncode": 0,
        "runner_elapsed_sec": 14.816205359995365,
        "started_unix": 1782426857.691547,
        "stderr": "/root/v4_goal4669_serious_20260625/raw/v4_current_rt_dbscan.stderr.txt",
        "stdout_json": "/root/v4_goal4669_serious_20260625/raw/v4_current_rt_dbscan.json",
        "tag_native_optix_build": true,
        "timed_out": false,
        "version": "v4_current",
        "version_label": "V4 current candidate"
      },
      {
        "app": "rt_dbscan_parity",
        "command": [
          "/root/rtdl_v4_venv/bin/python",
          "examples/current/research_benchmarks/rt_dbscan/rtdl_rt_dbscan_benchmark_app.py",
          "--mode",
          "optix_rt_core_grouped_stream_numba_column_signature_3d",
          "--dataset",
          "clustered3d",
          "--point-count",
          "2048",
          "--radius",
          "3.0",
          "--min-neighbors",
          "4",
          "--partner",
          "numba",
          "--repeat",
          "1",
          "--warmup",
          "0"
        ],
        "cwd": "/root/rtdl_v4_candidate_pod",
        "ended_unix": 1782426878.2299263,
        "error": null,
        "optix_library_note": "uses V4 candidate prebuilt native library in its own tree",
        "payload_metrics": {
          "correctness_parity": true,
          "hot_sec": 0.9724884703755379,
          "json_parse_ok": true,
          "point_count": 2048,
          "primary_wall_sec": 0.9729670323431492,
          "route": "optix_rt_core_grouped_stream_numba_column_signature_3d"
        },
        "returncode": 0,
        "runner_elapsed_sec": 5.721031989902258,
        "started_unix": 1782426872.5088253,
        "stderr": "/root/v4_goal4669_serious_20260625/raw/v4_current_rt_dbscan_parity.stderr.txt",
        "stdout_json": "/root/v4_goal4669_serious_20260625/raw/v4_current_rt_dbscan_parity.json",
        "tag_native_optix_build": true,
        "timed_out": false,
        "version": "v4_current",
        "version_label": "V4 current candidate"
      },
      {
        "app": "raydb_style",
        "command": [
          "/root/rtdl_v4_venv/bin/python",
          "examples/current/research_benchmarks/raydb_style/rtdl_raydb_style_benchmark_app.py",
          "--mode",
          "sum",
          "--backend",
          "paper_rt_optix_prepared_grouped_reduction",
          "--fixture-kind",
          "generated",
          "--generated-rows",
          "131072",
          "--generated-groups",
          "1024",
          "--repeat",
          "7",
          "--warmup",
          "2",
          "--summary-only-iterations"
        ],
        "cwd": "/root/rtdl_v4_candidate_pod",
        "ended_unix": 1782426884.2823255,
        "error": null,
        "optix_library_note": "uses V4 candidate prebuilt native library in its own tree",
        "payload_metrics": {
          "correctness_parity": true,
          "hot_sec": 0.005672071129083633,
          "json_parse_ok": true,
          "primary_wall_sec": 0.005672071129083633,
          "route": "paper_rt_optix_prepared_grouped_reduction",
          "row_count": 131072
        },
        "returncode": 0,
        "runner_elapsed_sec": 6.052254356443882,
        "started_unix": 1782426878.2300014,
        "stderr": "/root/v4_goal4669_serious_20260625/raw/v4_current_raydb_style.stderr.txt",
        "stdout_json": "/root/v4_goal4669_serious_20260625/raw/v4_current_raydb_style.json",
        "tag_native_optix_build": true,
        "timed_out": false,
        "version": "v4_current",
        "version_label": "V4 current candidate"
      },
      {
        "app": "triangle_counting",
        "command": [
          "/root/rtdl_v4_venv/bin/python",
          "examples/current/research_benchmarks/triangle_counting/rtdl_triangle_counting_benchmark_app.py",
          "--mode",
          "rt_graph_2a1_segmented_generic_rt",
          "--edge-file",
          "/root/v4_goal4669_serious_20260625/k4_32768.edgebin",
          "--edge-format",
          "binary",
          "--backend",
          "optix",
          "--detail",
          "summary",
          "--partner",
          "cupy",
          "--warmup",
          "2",
          "--repeat",
          "7",
          "--segment-ray-representation",
          "unique_weighted",
          "--segment-query-schedule",
          "prepared_segment_replay",
          "--validate-oracle"
        ],
        "cwd": "/root/rtdl_v4_candidate_pod",
        "ended_unix": 1782426887.975281,
        "error": null,
        "optix_library_note": "uses V4 candidate prebuilt native library in its own tree",
        "payload_metrics": {
          "correctness_parity": true,
          "hot_sec": 0.0001991651952266693,
          "json_parse_ok": true,
          "logical_ray_count": 131072,
          "primary_wall_sec": 0.0001991651952266693,
          "ray_count": 98304,
          "route": "rt_graph_2a1_segmented_generic_rt"
        },
        "returncode": 0,
        "runner_elapsed_sec": 3.6928189173340797,
        "started_unix": 1782426884.2823997,
        "stderr": "/root/v4_goal4669_serious_20260625/raw/v4_current_triangle_counting.stderr.txt",
        "stdout_json": "/root/v4_goal4669_serious_20260625/raw/v4_current_triangle_counting.json",
        "tag_native_optix_build": true,
        "timed_out": false,
        "version": "v4_current",
        "version_label": "V4 current candidate"
      },
      {
        "app": "librts_spatial_index",
        "command": [
          "/root/rtdl_v4_venv/bin/python",
          "examples/current/research_benchmarks/librts_spatial_index/rtdl_librts_spatial_index_benchmark_app.py",
          "--mode",
          "optix_aabb_index",
          "--dataset",
          "uniform",
          "--operation",
          "all",
          "--box-count",
          "1000000",
          "--query-count",
          "1000",
          "--repeat",
          "240",
          "--warmup",
          "1",
          "--skip-counts"
        ],
        "cwd": "/root/rtdl_v4_candidate_pod",
        "ended_unix": 1782426998.1493134,
        "error": null,
        "optix_library_note": "uses V4 candidate prebuilt native library in its own tree",
        "payload_metrics": {
          "correctness_parity": true,
          "hot_sec": 0.3832451142370701,
          "json_parse_ok": true,
          "operation": "all",
          "primary_wall_sec": 3.6930699311196804,
          "route": "optix_aabb_index"
        },
        "returncode": 0,
        "runner_elapsed_sec": 110.17387710884213,
        "started_unix": 1782426887.9753566,
        "stderr": "/root/v4_goal4669_serious_20260625/raw/v4_current_librts_spatial_index.stderr.txt",
        "stdout_json": "/root/v4_goal4669_serious_20260625/raw/v4_current_librts_spatial_index.json",
        "tag_native_optix_build": true,
        "timed_out": false,
        "version": "v4_current",
        "version_label": "V4 current candidate"
      },
      {
        "app": "hausdorff_xhd",
        "command": [
          "/root/rtdl_v4_venv/bin/python",
          "examples/current/research_benchmarks/hausdorff_xhd/rtdl_hausdorff_distance_app.py",
          "--backend",
          "optix_device_max_nearest",
          "--partner",
          "cupy",
          "--copies",
          "65536",
          "--repeat",
          "9",
          "--warmup",
          "5"
        ],
        "cwd": "/root/rtdl_v4_candidate_pod",
        "ended_unix": 1782427006.9393456,
        "error": null,
        "optix_library_note": "uses V4 candidate prebuilt native library in its own tree",
        "payload_metrics": {
          "coordinate_normalization_used": false,
          "copies": 65536,
          "correctness_parity": true,
          "hot_sec": 0.0040180496871471405,
          "json_parse_ok": true,
          "materialize_sec": 0.00036780908703804016,
          "points_per_side": 262144,
          "prepare_sec": 3.4902600087225437,
          "primary_wall_sec": 7.053993444889784,
          "route": "optix_device_max_nearest"
        },
        "returncode": 0,
        "runner_elapsed_sec": 8.789843421429396,
        "started_unix": 1782426998.1494331,
        "stderr": "/root/v4_goal4669_serious_20260625/raw/v4_current_hausdorff_xhd.stderr.txt",
        "stdout_json": "/root/v4_goal4669_serious_20260625/raw/v4_current_hausdorff_xhd.json",
        "tag_native_optix_build": true,
        "timed_out": false,
        "version": "v4_current",
        "version_label": "V4 current candidate"
      },
      {
        "app": "hausdorff_xhd_correctness_1m",
        "command": [
          "/root/rtdl_v4_venv/bin/python",
          "examples/current/research_benchmarks/hausdorff_xhd/rtdl_hausdorff_distance_app.py",
          "--backend",
          "optix_device_max_nearest",
          "--partner",
          "cupy",
          "--copies",
          "262144",
          "--repeat",
          "9",
          "--warmup",
          "5",
          "--coordinate-normalization-span",
          "1000000.0"
        ],
        "cwd": "/root/rtdl_v4_candidate_pod",
        "ended_unix": 1782427044.156868,
        "error": null,
        "optix_library_note": "uses V4 candidate prebuilt native library in its own tree",
        "payload_metrics": {
          "coordinate_normalization_used": true,
          "copies": 262144,
          "correctness_parity": true,
          "hot_sec": 0.010494984686374664,
          "json_parse_ok": true,
          "materialize_sec": 0.0006040036678314209,
          "points_per_side": 1048576,
          "prepare_sec": 10.098909199237823,
          "primary_wall_sec": 32.660662449896336,
          "route": "optix_device_max_nearest"
        },
        "returncode": 0,
        "runner_elapsed_sec": 37.21723223850131,
        "started_unix": 1782427006.9395688,
        "stderr": "/root/v4_goal4669_serious_20260625/raw/v4_current_hausdorff_xhd_correctness_1m.stderr.txt",
        "stdout_json": "/root/v4_goal4669_serious_20260625/raw/v4_current_hausdorff_xhd_correctness_1m.json",
        "tag_native_optix_build": true,
        "timed_out": false,
        "version": "v4_current",
        "version_label": "V4 current candidate"
      }
    ]
  },
  "claim_boundary": {
    "formal_high_performance_v4_authorized": false,
    "partner_migration_counts_as_v4_speed_win": false,
    "public_speedup_claim_authorized": false,
    "release_authorized": false,
    "v2_v3_old_optix_tag_native_purity_proven": false
  },
  "decision_audit": {
    "alternative_path": "If Hausdorff fails inside the refreshed app scorecard, classify it as failed and do not preserve it by changing the bar.",
    "different_path_now": "Use this five-app evidence as input to the next decision analysis, not as a release authorization.",
    "stupid_action_if_any": "Do not use operator-level or focused-route evidence as a substitute for app-level V2/V3/V4 evidence.",
    "was_i_stupid": "No for rerunning after a changed candidate row; yes would be publishing focused Hausdorff evidence as whole-app V4 proof."
  },
  "executions": [
    {
      "app": "rt_dbscan",
      "command": [
        "/root/rtdl_v4_venv/bin/python",
        "examples/current/research_benchmarks/rt_dbscan/rtdl_rt_dbscan_benchmark_app.py",
        "--mode",
        "optix_rt_core_grouped_stream_cupy_column_signature_3d",
        "--dataset",
        "clustered3d",
        "--point-count",
        "262144",
        "--radius",
        "3.0",
        "--min-neighbors",
        "4",
        "--partner",
        "cupy",
        "--repeat",
        "5",
        "--warmup",
        "1",
        "--no-validation"
      ],
      "cwd": "/root/rtdl_v2_14_tag",
      "ended_unix": 1782425776.0501308,
      "error": null,
      "returncode": 0,
      "runner_elapsed_sec": 14.070615589618683,
      "started_unix": 1782425761.9794395,
      "stderr": "/root/v4_goal4669_serious_20260625/raw/v2_14_rt_dbscan.stderr.txt",
      "stdout_json": "/root/v4_goal4669_serious_20260625/raw/v2_14_rt_dbscan.json",
      "timed_out": false,
      "version": "v2_14"
    },
    {
      "app": "rt_dbscan_parity",
      "command": [
        "/root/rtdl_v4_venv/bin/python",
        "examples/current/research_benchmarks/rt_dbscan/rtdl_rt_dbscan_benchmark_app.py",
        "--mode",
        "optix_rt_core_grouped_stream_cupy_column_signature_3d",
        "--dataset",
        "clustered3d",
        "--point-count",
        "2048",
        "--radius",
        "3.0",
        "--min-neighbors",
        "4",
        "--partner",
        "cupy",
        "--repeat",
        "1",
        "--warmup",
        "0"
      ],
      "cwd": "/root/rtdl_v2_14_tag",
      "ended_unix": 1782425781.2277868,
      "error": null,
      "returncode": 0,
      "runner_elapsed_sec": 5.177502993494272,
      "started_unix": 1782425776.050243,
      "stderr": "/root/v4_goal4669_serious_20260625/raw/v2_14_rt_dbscan_parity.stderr.txt",
      "stdout_json": "/root/v4_goal4669_serious_20260625/raw/v2_14_rt_dbscan_parity.json",
      "timed_out": false,
      "version": "v2_14"
    },
    {
      "app": "raydb_style",
      "command": [
        "/root/rtdl_v4_venv/bin/python",
        "examples/current/research_benchmarks/raydb_style/rtdl_raydb_style_benchmark_app.py",
        "--mode",
        "sum",
        "--backend",
        "paper_rt_optix_prepared_grouped_reduction",
        "--fixture-kind",
        "generated",
        "--generated-rows",
        "131072",
        "--generated-groups",
        "1024",
        "--repeat",
        "7",
        "--warmup",
        "2",
        "--summary-only-iterations"
      ],
      "cwd": "/root/rtdl_v2_14_tag",
      "ended_unix": 1782425790.9910944,
      "error": null,
      "returncode": 0,
      "runner_elapsed_sec": 9.763228107243776,
      "started_unix": 1782425781.2278259,
      "stderr": "/root/v4_goal4669_serious_20260625/raw/v2_14_raydb_style.stderr.txt",
      "stdout_json": "/root/v4_goal4669_serious_20260625/raw/v2_14_raydb_style.json",
      "timed_out": false,
      "version": "v2_14"
    },
    {
      "app": "triangle_counting",
      "command": [
        "/root/rtdl_v4_venv/bin/python",
        "examples/current/research_benchmarks/triangle_counting/rtdl_triangle_counting_benchmark_app.py",
        "--mode",
        "rt_graph_2a1_generic_rt",
        "--edge-file",
        "/root/v4_goal4669_serious_20260625/k4_32768.edgebin",
        "--edge-format",
        "binary",
        "--backend",
        "optix",
        "--detail",
        "summary",
        "--partner",
        "cupy",
        "--warmup",
        "2",
        "--repeat",
        "7"
      ],
      "cwd": "/root/rtdl_v2_14_tag",
      "ended_unix": 1782425793.521693,
      "error": null,
      "returncode": 0,
      "runner_elapsed_sec": 2.5304963663220406,
      "started_unix": 1782425790.991131,
      "stderr": "/root/v4_goal4669_serious_20260625/raw/v2_14_triangle_counting.stderr.txt",
      "stdout_json": "/root/v4_goal4669_serious_20260625/raw/v2_14_triangle_counting.json",
      "timed_out": false,
      "version": "v2_14"
    },
    {
      "app": "librts_spatial_index",
      "command": [
        "/root/rtdl_v4_venv/bin/python",
        "examples/current/research_benchmarks/librts_spatial_index/rtdl_librts_spatial_index_benchmark_app.py",
        "--mode",
        "optix_aabb_index",
        "--dataset",
        "uniform",
        "--operation",
        "all",
        "--box-count",
        "1000000",
        "--query-count",
        "1000",
        "--repeat",
        "240",
        "--warmup",
        "1",
        "--skip-counts"
      ],
      "cwd": "/root/rtdl_v2_14_tag",
      "ended_unix": 1782425899.550317,
      "error": null,
      "returncode": 0,
      "runner_elapsed_sec": 106.02846536040306,
      "started_unix": 1782425793.5217667,
      "stderr": "/root/v4_goal4669_serious_20260625/raw/v2_14_librts_spatial_index.stderr.txt",
      "stdout_json": "/root/v4_goal4669_serious_20260625/raw/v2_14_librts_spatial_index.json",
      "timed_out": false,
      "version": "v2_14"
    },
    {
      "app": "hausdorff_xhd",
      "command": [
        "/root/rtdl_v4_venv/bin/python",
        "examples/current/research_benchmarks/hausdorff_xhd/rtdl_hausdorff_distance_app.py",
        "--backend",
        "embree",
        "--embree-result-mode",
        "directed_summary",
        "--copies",
        "65536"
      ],
      "cwd": "/root/rtdl_v2_14_tag",
      "ended_unix": 1782426711.1440325,
      "error": null,
      "returncode": 0,
      "runner_elapsed_sec": 811.5935635082424,
      "started_unix": 1782425899.5504181,
      "stderr": "/root/v4_goal4669_serious_20260625/raw/v2_14_hausdorff_xhd.stderr.txt",
      "stdout_json": "/root/v4_goal4669_serious_20260625/raw/v2_14_hausdorff_xhd.json",
      "timed_out": false,
      "version": "v2_14"
    },
    {
      "app": "rt_dbscan",
      "command": [
        "/root/rtdl_v4_venv/bin/python",
        "examples/current/research_benchmarks/rt_dbscan/rtdl_rt_dbscan_benchmark_app.py",
        "--mode",
        "optix_rt_core_grouped_stream_cupy_column_signature_3d",
        "--dataset",
        "clustered3d",
        "--point-count",
        "262144",
        "--radius",
        "3.0",
        "--min-neighbors",
        "4",
        "--partner",
        "cupy",
        "--repeat",
        "5",
        "--warmup",
        "1",
        "--no-validation"
      ],
      "cwd": "/root/rtdl_v3_0_2_tag",
      "ended_unix": 1782426725.653364,
      "error": null,
      "returncode": 0,
      "runner_elapsed_sec": 14.508957907557487,
      "started_unix": 1782426711.1443388,
      "stderr": "/root/v4_goal4669_serious_20260625/raw/v3_0_2_rt_dbscan.stderr.txt",
      "stdout_json": "/root/v4_goal4669_serious_20260625/raw/v3_0_2_rt_dbscan.json",
      "timed_out": false,
      "version": "v3_0_2"
    },
    {
      "app": "rt_dbscan_parity",
      "command": [
        "/root/rtdl_v4_venv/bin/python",
        "examples/current/research_benchmarks/rt_dbscan/rtdl_rt_dbscan_benchmark_app.py",
        "--mode",
        "optix_rt_core_grouped_stream_cupy_column_signature_3d",
        "--dataset",
        "clustered3d",
        "--point-count",
        "2048",
        "--radius",
        "3.0",
        "--min-neighbors",
        "4",
        "--partner",
        "cupy",
        "--repeat",
        "1",
        "--warmup",
        "0"
      ],
      "cwd": "/root/rtdl_v3_0_2_tag",
      "ended_unix": 1782426731.3317075,
      "error": null,
      "returncode": 0,
      "runner_elapsed_sec": 5.678150828927755,
      "started_unix": 1782426725.653484,
      "stderr": "/root/v4_goal4669_serious_20260625/raw/v3_0_2_rt_dbscan_parity.stderr.txt",
      "stdout_json": "/root/v4_goal4669_serious_20260625/raw/v3_0_2_rt_dbscan_parity.json",
      "timed_out": false,
      "version": "v3_0_2"
    },
    {
      "app": "raydb_style",
      "command": [
        "/root/rtdl_v4_venv/bin/python",
        "examples/current/research_benchmarks/raydb_style/rtdl_raydb_style_benchmark_app.py",
        "--mode",
        "sum",
        "--backend",
        "paper_rt_optix_prepared_grouped_reduction",
        "--fixture-kind",
        "generated",
        "--generated-rows",
        "131072",
        "--generated-groups",
        "1024",
        "--repeat",
        "7",
        "--warmup",
        "2",
        "--summary-only-iterations"
      ],
      "cwd": "/root/rtdl_v3_0_2_tag",
      "ended_unix": 1782426737.262493,
      "error": null,
      "returncode": 0,
      "runner_elapsed_sec": 5.9306332394480705,
      "started_unix": 1782426731.331788,
      "stderr": "/root/v4_goal4669_serious_20260625/raw/v3_0_2_raydb_style.stderr.txt",
      "stdout_json": "/root/v4_goal4669_serious_20260625/raw/v3_0_2_raydb_style.json",
      "timed_out": false,
      "version": "v3_0_2"
    },
    {
      "app": "triangle_counting",
      "command": [
        "/root/rtdl_v4_venv/bin/python",
        "examples/current/research_benchmarks/triangle_counting/rtdl_triangle_counting_benchmark_app.py",
        "--mode",
        "rt_graph_2a1_segmented_generic_rt",
        "--edge-file",
        "/root/v4_goal4669_serious_20260625/k4_32768.edgebin",
        "--edge-format",
        "binary",
        "--backend",
        "optix",
        "--detail",
        "summary",
        "--partner",
        "cupy",
        "--warmup",
        "2",
        "--repeat",
        "7",
        "--segment-ray-representation",
        "unique_weighted",
        "--segment-query-schedule",
        "prepared_segment_replay",
        "--validate-oracle"
      ],
      "cwd": "/root/rtdl_v3_0_2_tag",
      "ended_unix": 1782426740.9747934,
      "error": null,
      "returncode": 0,
      "runner_elapsed_sec": 3.7121502608060837,
      "started_unix": 1782426737.2625747,
      "stderr": "/root/v4_goal4669_serious_20260625/raw/v3_0_2_triangle_counting.stderr.txt",
      "stdout_json": "/root/v4_goal4669_serious_20260625/raw/v3_0_2_triangle_counting.json",
      "timed_out": false,
      "version": "v3_0_2"
    },
    {
      "app": "librts_spatial_index",
      "command": [
        "/root/rtdl_v4_venv/bin/python",
        "examples/current/research_benchmarks/librts_spatial_index/rtdl_librts_spatial_index_benchmark_app.py",
        "--mode",
        "optix_aabb_index",
        "--dataset",
        "uniform",
        "--operation",
        "all",
        "--box-count",
        "1000000",
        "--query-count",
        "1000",
        "--repeat",
        "240",
        "--warmup",
        "1",
        "--skip-counts"
      ],
      "cwd": "/root/rtdl_v3_0_2_tag",
      "ended_unix": 1782426848.0258179,
      "error": null,
      "returncode": 0,
      "runner_elapsed_sec": 107.05086871981621,
      "started_unix": 1782426740.9748724,
      "stderr": "/root/v4_goal4669_serious_20260625/raw/v3_0_2_librts_spatial_index.stderr.txt",
      "stdout_json": "/root/v4_goal4669_serious_20260625/raw/v3_0_2_librts_spatial_index.json",
      "timed_out": false,
      "version": "v3_0_2"
    },
    {
      "app": "hausdorff_xhd",
      "command": [
        "/root/rtdl_v4_venv/bin/python",
        "examples/current/research_benchmarks/hausdorff_xhd/rtdl_hausdorff_distance_app.py",
        "--backend",
        "optix_device_max_nearest",
        "--partner",
        "cupy",
        "--copies",
        "65536",
        "--repeat",
        "9",
        "--warmup",
        "5"
      ],
      "cwd": "/root/rtdl_v3_0_2_tag",
      "ended_unix": 1782426857.6909657,
      "error": null,
      "returncode": 0,
      "runner_elapsed_sec": 9.664995223283768,
      "started_unix": 1782426848.025898,
      "stderr": "/root/v4_goal4669_serious_20260625/raw/v3_0_2_hausdorff_xhd.stderr.txt",
      "stdout_json": "/root/v4_goal4669_serious_20260625/raw/v3_0_2_hausdorff_xhd.json",
      "timed_out": false,
      "version": "v3_0_2"
    },
    {
      "app": "rt_dbscan",
      "command": [
        "/root/rtdl_v4_venv/bin/python",
        "examples/current/research_benchmarks/rt_dbscan/rtdl_rt_dbscan_benchmark_app.py",
        "--mode",
        "optix_rt_core_grouped_stream_numba_column_signature_3d",
        "--dataset",
        "clustered3d",
        "--point-count",
        "262144",
        "--radius",
        "3.0",
        "--min-neighbors",
        "4",
        "--partner",
        "numba",
        "--repeat",
        "5",
        "--warmup",
        "1",
        "--no-validation"
      ],
      "cwd": "/root/rtdl_v4_candidate_pod",
      "ended_unix": 1782426872.507921,
      "error": null,
      "returncode": 0,
      "runner_elapsed_sec": 14.816205359995365,
      "started_unix": 1782426857.691547,
      "stderr": "/root/v4_goal4669_serious_20260625/raw/v4_current_rt_dbscan.stderr.txt",
      "stdout_json": "/root/v4_goal4669_serious_20260625/raw/v4_current_rt_dbscan.json",
      "timed_out": false,
      "version": "v4_current"
    },
    {
      "app": "rt_dbscan_parity",
      "command": [
        "/root/rtdl_v4_venv/bin/python",
        "examples/current/research_benchmarks/rt_dbscan/rtdl_rt_dbscan_benchmark_app.py",
        "--mode",
        "optix_rt_core_grouped_stream_numba_column_signature_3d",
        "--dataset",
        "clustered3d",
        "--point-count",
        "2048",
        "--radius",
        "3.0",
        "--min-neighbors",
        "4",
        "--partner",
        "numba",
        "--repeat",
        "1",
        "--warmup",
        "0"
      ],
      "cwd": "/root/rtdl_v4_candidate_pod",
      "ended_unix": 1782426878.2299263,
      "error": null,
      "returncode": 0,
      "runner_elapsed_sec": 5.721031989902258,
      "started_unix": 1782426872.5088253,
      "stderr": "/root/v4_goal4669_serious_20260625/raw/v4_current_rt_dbscan_parity.stderr.txt",
      "stdout_json": "/root/v4_goal4669_serious_20260625/raw/v4_current_rt_dbscan_parity.json",
      "timed_out": false,
      "version": "v4_current"
    },
    {
      "app": "raydb_style",
      "command": [
        "/root/rtdl_v4_venv/bin/python",
        "examples/current/research_benchmarks/raydb_style/rtdl_raydb_style_benchmark_app.py",
        "--mode",
        "sum",
        "--backend",
        "paper_rt_optix_prepared_grouped_reduction",
        "--fixture-kind",
        "generated",
        "--generated-rows",
        "131072",
        "--generated-groups",
        "1024",
        "--repeat",
        "7",
        "--warmup",
        "2",
        "--summary-only-iterations"
      ],
      "cwd": "/root/rtdl_v4_candidate_pod",
      "ended_unix": 1782426884.2823255,
      "error": null,
      "returncode": 0,
      "runner_elapsed_sec": 6.052254356443882,
      "started_unix": 1782426878.2300014,
      "stderr": "/root/v4_goal4669_serious_20260625/raw/v4_current_raydb_style.stderr.txt",
      "stdout_json": "/root/v4_goal4669_serious_20260625/raw/v4_current_raydb_style.json",
      "timed_out": false,
      "version": "v4_current"
    },
    {
      "app": "triangle_counting",
      "command": [
        "/root/rtdl_v4_venv/bin/python",
        "examples/current/research_benchmarks/triangle_counting/rtdl_triangle_counting_benchmark_app.py",
        "--mode",
        "rt_graph_2a1_segmented_generic_rt",
        "--edge-file",
        "/root/v4_goal4669_serious_20260625/k4_32768.edgebin",
        "--edge-format",
        "binary",
        "--backend",
        "optix",
        "--detail",
        "summary",
        "--partner",
        "cupy",
        "--warmup",
        "2",
        "--repeat",
        "7",
        "--segment-ray-representation",
        "unique_weighted",
        "--segment-query-schedule",
        "prepared_segment_replay",
        "--validate-oracle"
      ],
      "cwd": "/root/rtdl_v4_candidate_pod",
      "ended_unix": 1782426887.975281,
      "error": null,
      "returncode": 0,
      "runner_elapsed_sec": 3.6928189173340797,
      "started_unix": 1782426884.2823997,
      "stderr": "/root/v4_goal4669_serious_20260625/raw/v4_current_triangle_counting.stderr.txt",
      "stdout_json": "/root/v4_goal4669_serious_20260625/raw/v4_current_triangle_counting.json",
      "timed_out": false,
      "version": "v4_current"
    },
    {
      "app": "librts_spatial_index",
      "command": [
        "/root/rtdl_v4_venv/bin/python",
        "examples/current/research_benchmarks/librts_spatial_index/rtdl_librts_spatial_index_benchmark_app.py",
        "--mode",
        "optix_aabb_index",
        "--dataset",
        "uniform",
        "--operation",
        "all",
        "--box-count",
        "1000000",
        "--query-count",
        "1000",
        "--repeat",
        "240",
        "--warmup",
        "1",
        "--skip-counts"
      ],
      "cwd": "/root/rtdl_v4_candidate_pod",
      "ended_unix": 1782426998.1493134,
      "error": null,
      "returncode": 0,
      "runner_elapsed_sec": 110.17387710884213,
      "started_unix": 1782426887.9753566,
      "stderr": "/root/v4_goal4669_serious_20260625/raw/v4_current_librts_spatial_index.stderr.txt",
      "stdout_json": "/root/v4_goal4669_serious_20260625/raw/v4_current_librts_spatial_index.json",
      "timed_out": false,
      "version": "v4_current"
    },
    {
      "app": "hausdorff_xhd",
      "command": [
        "/root/rtdl_v4_venv/bin/python",
        "examples/current/research_benchmarks/hausdorff_xhd/rtdl_hausdorff_distance_app.py",
        "--backend",
        "optix_device_max_nearest",
        "--partner",
        "cupy",
        "--copies",
        "65536",
        "--repeat",
        "9",
        "--warmup",
        "5"
      ],
      "cwd": "/root/rtdl_v4_candidate_pod",
      "ended_unix": 1782427006.9393456,
      "error": null,
      "returncode": 0,
      "runner_elapsed_sec": 8.789843421429396,
      "started_unix": 1782426998.1494331,
      "stderr": "/root/v4_goal4669_serious_20260625/raw/v4_current_hausdorff_xhd.stderr.txt",
      "stdout_json": "/root/v4_goal4669_serious_20260625/raw/v4_current_hausdorff_xhd.json",
      "timed_out": false,
      "version": "v4_current"
    },
    {
      "app": "hausdorff_xhd_correctness_1m",
      "command": [
        "/root/rtdl_v4_venv/bin/python",
        "examples/current/research_benchmarks/hausdorff_xhd/rtdl_hausdorff_distance_app.py",
        "--backend",
        "optix_device_max_nearest",
        "--partner",
        "cupy",
        "--copies",
        "262144",
        "--repeat",
        "9",
        "--warmup",
        "5",
        "--coordinate-normalization-span",
        "1000000.0"
      ],
      "cwd": "/root/rtdl_v4_candidate_pod",
      "ended_unix": 1782427044.156868,
      "error": null,
      "returncode": 0,
      "runner_elapsed_sec": 37.21723223850131,
      "started_unix": 1782427006.9395688,
      "stderr": "/root/v4_goal4669_serious_20260625/raw/v4_current_hausdorff_xhd_correctness_1m.stderr.txt",
      "stdout_json": "/root/v4_goal4669_serious_20260625/raw/v4_current_hausdorff_xhd_correctness_1m.json",
      "timed_out": false,
      "version": "v4_current"
    }
  ],
  "profile": "serious",
  "profile_values": {
    "hausdorff_copies": 65536,
    "hausdorff_correctness_coordinate_normalization_span": 1000000.0,
    "hausdorff_correctness_copies": 262144,
    "hausdorff_repeat": 9,
    "hausdorff_warmup": 5,
    "librts_boxes": 1000000,
    "librts_queries": 1000,
    "librts_repeat": 240,
    "librts_warmup": 1,
    "raydb_groups": 1024,
    "raydb_repeat": 7,
    "raydb_rows": 131072,
    "raydb_warmup": 2,
    "rt_dbscan_no_validation": true,
    "rt_dbscan_parity_companion": true,
    "rt_dbscan_parity_point_count": 2048,
    "rt_dbscan_point_count": 262144,
    "rt_dbscan_repeat": 5,
    "rt_dbscan_warmup": 1,
    "triangle_k4_cliques": 32768,
    "triangle_repeat": 7,
    "triangle_warmup": 2
  },
  "schema": "rtdl.v4.goal4669.full_app_level_pod_benchmark_after_hausdorff.v1",
  "status": "goal4669_evidence_collected_not_release",
  "triangle_fixture": {
    "cliques": 32768,
    "command": [
      "/root/rtdl_v4_venv/bin/python",
      "scripts/goal2631_generate_triangle_k4_binary.py",
      "--output",
      "/root/v4_goal4669_serious_20260625/k4_32768.edgebin",
      "--cliques",
      "32768"
    ],
    "edge_count": 196608,
    "path": "/root/v4_goal4669_serious_20260625/k4_32768.edgebin",
    "returncode": 0,
    "stderr": "",
    "stdout": "wrote 196608 edges for 32768 K4 cliques to /root/v4_goal4669_serious_20260625/k4_32768.edgebin\n"
  },
  "versions": {
    "v2_14": {
      "label": "V2.14 tag",
      "optix_library_note": "uses V4 candidate prebuilt librtdl_optix.so as compatibility library because OptiX SDK headers are absent on this POD",
      "root": "/root/rtdl_v2_14_tag",
      "tag_native_optix_build": false
    },
    "v3_0_2": {
      "label": "V3.0.2 tag",
      "optix_library_note": "uses V4 candidate prebuilt librtdl_optix.so as compatibility library because OptiX SDK headers are absent on this POD",
      "root": "/root/rtdl_v3_0_2_tag",
      "tag_native_optix_build": false
    },
    "v4_current": {
      "label": "V4 current candidate",
      "optix_library_note": "uses V4 candidate prebuilt native library in its own tree",
      "root": "/root/rtdl_v4_candidate_pod",
      "tag_native_optix_build": true
    }
  }
}
