[phoenix-v3-hausdorff-runner-ab] variant=same_contract_embree points_per_side=1048576 repeat=5
[phoenix-v3-hausdorff-runner-ab] heartbeat variant=same_contract_embree elapsed=30.0s
[phoenix-v3-hausdorff-runner-ab] heartbeat variant=same_contract_embree elapsed=60.1s
[phoenix-v3-hausdorff-runner-ab] variant=legacy_app_front_door_prepared_optix points_per_side=1048576 repeat=5
[phoenix-v3-hausdorff-runner-ab] heartbeat variant=legacy_app_front_door_prepared_optix elapsed=30.0s
[phoenix-v3-hausdorff-runner-ab] variant=productized_prepared_execution_runner points_per_side=1048576 repeat=5
[phoenix-v3-hausdorff-runner-ab] heartbeat variant=productized_prepared_execution_runner elapsed=30.0s
{
  "all_app_rerun_authorized": false,
  "broad_v3_faster_than_v2_claim_authorized": false,
  "comparisons": {
    "legacy_vs_embree": {
      "available": true,
      "baseline_phase_total_sec": 19.07229894772172,
      "baseline_query_sec": 9.507186137139797,
      "baseline_variant": "same_contract_embree",
      "baseline_wrapper_wall_sec": 68.50414350256324,
      "candidate_phase_total_sec": 14.488897901028395,
      "candidate_query_sec": 4.806656651198864,
      "candidate_variant": "legacy_app_front_door_prepared_optix",
      "candidate_wrapper_wall_sec": 39.02397543936968,
      "phase_total_speedup": 1.3163388325324594,
      "query_speedup": 1.9779207933998237,
      "wrapper_wall_speedup": 1.755437336439389
    },
    "runner_vs_embree": {
      "available": true,
      "baseline_phase_total_sec": 19.07229894772172,
      "baseline_query_sec": 9.507186137139797,
      "baseline_variant": "same_contract_embree",
      "baseline_wrapper_wall_sec": 68.50414350256324,
      "candidate_phase_total_sec": 14.947291985154152,
      "candidate_query_sec": 5.0653794556856155,
      "candidate_variant": "productized_prepared_execution_runner",
      "candidate_wrapper_wall_sec": 39.42347640544176,
      "phase_total_speedup": 1.2759701868849942,
      "query_speedup": 1.8768951507608167,
      "wrapper_wall_speedup": 1.7376484711304498
    },
    "runner_vs_legacy": {
      "available": true,
      "baseline_phase_total_sec": 14.488897901028395,
      "baseline_query_sec": 4.806656651198864,
      "baseline_variant": "legacy_app_front_door_prepared_optix",
      "baseline_wrapper_wall_sec": 39.02397543936968,
      "candidate_phase_total_sec": 14.947291985154152,
      "candidate_query_sec": 5.0653794556856155,
      "candidate_variant": "productized_prepared_execution_runner",
      "candidate_wrapper_wall_sec": 39.42347640544176,
      "phase_total_speedup": 0.9693326333237459,
      "query_speedup": 0.9489233123105222,
      "wrapper_wall_speedup": 0.9898664196438816
    }
  },
  "copies": 262144,
  "failed_checks": [
    "runner_regressed_vs_legacy_phase_total"
  ],
  "points_per_side": 1048576,
  "public_speedup_claim_authorized": false,
  "release_authorized": false,
  "repeat": 5,
  "runner_step3_audit": {
    "all_app_rerun_authorized": false,
    "all_directed_legs_step3_ready": true,
    "broad_v3_faster_than_v2_claim_authorized": false,
    "directed_a_to_b": {
      "broad_v3_faster_than_v2_claim_authorized": false,
      "claim_boundaries_closed": true,
      "hot_path_host_materialization": false,
      "hot_path_host_materialization_reported": true,
      "internal_device_residency_between_rtdl_phases": true,
      "internal_device_residency_reported": true,
      "measured_repeat_seconds_present": true,
      "missing_step3_fields": [],
      "output_finalize_sec_present": true,
      "phase_accounting_accept": true,
      "phase_accounting_present": true,
      "phase_accounting_validation_status": "accept",
      "productized_execution_path": "prepared_execution_session_runner",
      "productized_runner_used": true,
      "public_speedup_claim_authorized": false,
      "release_authorized": false,
      "runtime_executed": true,
      "runtime_trunk_executes_end_to_end": true,
      "runtime_trunk_executes_end_to_end_reported": true,
      "schema": "rtdl.v3.phoenix.prepared_execution_session_audit.v1",
      "set_a_probe_candidate": false,
      "set_b_control_candidate": false,
      "status": "accept_step3_ready",
      "step3_residency_default_ready": true,
      "topology_stream_m3_bridge_complete": false,
      "topology_stream_m3_bridge_contract_ok": false,
      "topology_stream_m3_bridge_non_authorizing": false,
      "topology_stream_m3_bridge_ready": true,
      "topology_stream_set_a_candidate": false,
      "true_zero_copy_claim_authorized": false,
      "v4_embedding_or_external_zero_copy_authorized": false
    },
    "directed_b_to_a": {
      "broad_v3_faster_than_v2_claim_authorized": false,
      "claim_boundaries_closed": true,
      "hot_path_host_materialization": false,
      "hot_path_host_materialization_reported": true,
      "internal_device_residency_between_rtdl_phases": true,
      "internal_device_residency_reported": true,
      "measured_repeat_seconds_present": true,
      "missing_step3_fields": [],
      "output_finalize_sec_present": true,
      "phase_accounting_accept": true,
      "phase_accounting_present": true,
      "phase_accounting_validation_status": "accept",
      "productized_execution_path": "prepared_execution_session_runner",
      "productized_runner_used": true,
      "public_speedup_claim_authorized": false,
      "release_authorized": false,
      "runtime_executed": true,
      "runtime_trunk_executes_end_to_end": true,
      "runtime_trunk_executes_end_to_end_reported": true,
      "schema": "rtdl.v3.phoenix.prepared_execution_session_audit.v1",
      "set_a_probe_candidate": false,
      "set_b_control_candidate": false,
      "status": "accept_step3_ready",
      "step3_residency_default_ready": true,
      "topology_stream_m3_bridge_complete": false,
      "topology_stream_m3_bridge_contract_ok": false,
      "topology_stream_m3_bridge_non_authorizing": false,
      "topology_stream_m3_bridge_ready": true,
      "topology_stream_set_a_candidate": false,
      "true_zero_copy_claim_authorized": false,
      "v4_embedding_or_external_zero_copy_authorized": false
    },
    "missing_step3_fields_by_leg": {
      "directed_a_to_b": [],
      "directed_b_to_a": []
    },
    "public_speedup_claim_authorized": false,
    "release_authorized": false,
    "status": "accept_step3_ready"
  },
  "runner_step3_residency_default_ready": true,
  "schema": "rtdl.phoenix_v3.hausdorff_threshold_runner_pod_ab.v1",
  "serious_points_per_side_floor": 1048576,
  "status": "hausdorff_threshold_runner_m5_collected_not_release",
  "threshold": 0.4,
  "true_zero_copy_claim_authorized": false,
  "v4_external_buffer_claim_authorized": false,
  "variant_count": 3,
  "warmup": 1,
  "whole_hausdorff_speedup_claim_authorized": false
}
