{
  "author_overlay_compute_sec": 0.0421,
  "claim_boundary": {
    "bundled_rayjoin_overlay_imported": false,
    "generic_contract_goal": true,
    "implementation_change": "internal_app_owned_measurement_script_only",
    "layer4_fusion": false,
    "measurement_only": false,
    "numeric_binary_route": true,
    "paper_byte_equal_route": false,
    "paper_exact_sink_separate": true,
    "paper_text_writer_in_binary_metric": false,
    "prototype_only": true,
    "rayjoin_app_adapter_used": true,
    "rtdl_core_change": false
  },
  "downstream_consumer": {
    "pair_count": 28815,
    "top_pairs_by_point_rows": [
      {
        "group_count": 25,
        "label_a": 933,
        "label_b": 159,
        "point_row_count": 2152
      },
      {
        "group_count": 201,
        "label_a": 0,
        "label_b": 5,
        "point_row_count": 1455
      },
      {
        "group_count": 78,
        "label_a": 0,
        "label_b": 2115,
        "point_row_count": 1023
      },
      {
        "group_count": 15,
        "label_a": 1485,
        "label_b": 5209,
        "point_row_count": 725
      },
      {
        "group_count": 5,
        "label_a": 1988,
        "label_b": 5264,
        "point_row_count": 576
      },
      {
        "group_count": 3,
        "label_a": 1401,
        "label_b": 5187,
        "point_row_count": 531
      },
      {
        "group_count": 6,
        "label_a": 1765,
        "label_b": 5264,
        "point_row_count": 519
      },
      {
        "group_count": 4,
        "label_a": 1843,
        "label_b": 5301,
        "point_row_count": 515
      },
      {
        "group_count": 7,
        "label_a": 1505,
        "label_b": 270,
        "point_row_count": 505
      },
      {
        "group_count": 7,
        "label_a": 374,
        "label_b": 82,
        "point_row_count": 489
      }
    ],
    "total_groups": 64459,
    "total_point_rows": 673371
  },
  "elapsed_sec": 3.6135981092229486,
  "grouped_carrier": {
    "group_count": 64459,
    "point_row_count": 673371,
    "skipped_group_count": 1756
  },
  "left": {
    "chains": 16545,
    "edges": 326193,
    "path": "Paper-reproduction-apps/rayjoin-paper/_data/public_sample/br_county_clean_25_odyssey_final.txt",
    "points": 342738
  },
  "lsi_row_count": 20860,
  "native_point_location_timings": {
    "midpoint_pip_map0": {
      "mode": "none",
      "point_count": 944,
      "point_upload": 0.0,
      "positive_face_count": 934,
      "row_download": 2.0301e-05,
      "traversal": 0.000108453
    },
    "midpoint_pip_map1": {
      "mode": "none",
      "point_count": 3594,
      "point_upload": 0.0,
      "positive_face_count": 3189,
      "row_download": 2.4421e-05,
      "traversal": 9.3953e-05
    },
    "vertex_pip_map0_in_map1": {
      "mode": "rows",
      "point_count": 342738,
      "point_upload": 0.001049581,
      "positive_face_count": 337691,
      "row_download": 0.000470494,
      "traversal": 0.000499564
    },
    "vertex_pip_map1_in_map0": {
      "mode": "rows",
      "point_count": 258961,
      "point_upload": 0.000805974,
      "positive_face_count": 255272,
      "row_download": 0.000374911,
      "traversal": 0.000386962
    }
  },
  "pair_name": "br_county_soil_public",
  "phase_seconds": {
    "assign_midpoint_faces_map0_sec": 0.0009301379323005676,
    "assign_midpoint_faces_map1_sec": 0.0014783134683966637,
    "destroy_point_location_sessions_sec": 0.007949684746563435,
    "grouped_columnar_carrier_construction_sec": 1.127681752666831,
    "grouped_descriptor_pair_count_consumer_sec": 0.054766870103776455,
    "intersection_reprojection_sec": 0.2319284686818719,
    "load_pack_left_sec": 0.005217964760959148,
    "load_pack_right_sec": 0.0042166756466031075,
    "lsi_public_rows_sec": 1.0009337132796645,
    "midpoint_pip_map0_sec": 0.0005952185019850731,
    "midpoint_pip_map1_sec": 0.0005637258291244507,
    "midpoint_points_map0_sec": 0.02215882670134306,
    "midpoint_points_map1_sec": 0.021199386566877365,
    "pack_midpoint_points_map0_sec": 0.02464728895574808,
    "pack_midpoint_points_map1_sec": 0.007393809035420418,
    "prepare_point_location_map0_in_map1_sec": 0.5702893370762467,
    "prepare_point_location_map1_in_map0_sec": 0.07790081482380629,
    "shared_bounds_sec": 3.7597492337226868e-06,
    "sort_map0_sec": 0.23053898848593235,
    "sort_map1_sec": 0.20447420794516802,
    "vertex_pip_map0_in_map1_sec": 0.011316224932670593,
    "vertex_pip_map1_in_map0_sec": 0.006845352239906788
  },
  "right": {
    "chains": 7950,
    "edges": 251011,
    "path": "Paper-reproduction-apps/rayjoin-paper/_data/public_sample/br_soil_ascii_odyssey_final.txt",
    "points": 258961
  },
  "route": "numeric_binary_route_public_lsi_pip_plus_grouped_carrier",
  "scale_bounds": [
    -73.990943647,
    -25.7463,
    -35.8075,
    7.0518
  ],
  "schema": "rtdl.internal.goal4954e.numeric_binary_route_measure.v1",
  "vertex_positive_counts": {
    "side0_in_side1": 337691,
    "side1_in_side0": 255272
  },
  "writer_free_hot_keys": [
    "lsi_public_rows_sec",
    "intersection_reprojection_sec",
    "sort_map0_sec",
    "sort_map1_sec",
    "vertex_pip_map0_in_map1_sec",
    "vertex_pip_map1_in_map0_sec",
    "midpoint_points_map0_sec",
    "midpoint_points_map1_sec",
    "pack_midpoint_points_map0_sec",
    "pack_midpoint_points_map1_sec",
    "midpoint_pip_map0_sec",
    "midpoint_pip_map1_sec",
    "assign_midpoint_faces_map0_sec",
    "assign_midpoint_faces_map1_sec",
    "grouped_columnar_carrier_construction_sec",
    "grouped_descriptor_pair_count_consumer_sec"
  ],
  "writer_free_hot_sec": 2.9474522853270173,
  "writer_free_hot_vs_author_overlay_compute_ratio": 70.01074311940658,
  "xsect_sorted_counts": {
    "side0": 20860,
    "side1": 20860
  }
}
