{
  "author_overlay_compute_sec": 0.0421,
  "claim_boundary": {
    "bundled_rayjoin_overlay_imported": false,
    "columnar_xsect_arrays": true,
    "generic_contract_goal": true,
    "geometry_payload_materialized": false,
    "implementation_change": "internal_app_owned_measurement_script_only",
    "layer4_fusion": false,
    "numeric_binary_route": true,
    "paper_byte_equal_route": false,
    "paper_exact_sink_separate": true,
    "projection_pushdown": true,
    "rayjoin_app_adapter_used": true,
    "rayjoin_specific_core_primitive": false,
    "rtdl_core_change": false
  },
  "downstream_consumer": {
    "cuda_device_resident_continuation": false,
    "numba_available": true,
    "numba_execution_mode": "cpu_njit",
    "pair_count": 28815,
    "partner": "numba_sorted_pair_scan",
    "top_pairs_by_point_rows": [
      {
        "group_count": 25,
        "label_a": 933,
        "label_b": 159,
        "point_row_count": 2152
      },
      {
        "group_count": 201,
        "label_a": 0,
        "label_b": 5,
        "point_row_count": 1455
      },
      {
        "group_count": 78,
        "label_a": 0,
        "label_b": 2115,
        "point_row_count": 1023
      },
      {
        "group_count": 15,
        "label_a": 1485,
        "label_b": 5209,
        "point_row_count": 725
      },
      {
        "group_count": 5,
        "label_a": 1988,
        "label_b": 5264,
        "point_row_count": 576
      },
      {
        "group_count": 3,
        "label_a": 1401,
        "label_b": 5187,
        "point_row_count": 531
      },
      {
        "group_count": 6,
        "label_a": 1765,
        "label_b": 5264,
        "point_row_count": 519
      },
      {
        "group_count": 4,
        "label_a": 1843,
        "label_b": 5301,
        "point_row_count": 515
      },
      {
        "group_count": 7,
        "label_a": 1505,
        "label_b": 270,
        "point_row_count": 505
      },
      {
        "group_count": 7,
        "label_a": 374,
        "label_b": 82,
        "point_row_count": 489
      }
    ],
    "total_groups": 64459,
    "total_point_rows": 673371
  },
  "grouped_carrier": {
    "columnar_xsect_arrays": true,
    "geometry_payload_columns_materialized": false,
    "group_count": 64459,
    "point_row_count": 673371,
    "projected_out_columns": [
      "x",
      "y",
      "alt_label",
      "source_side_id",
      "source_element_id"
    ],
    "projection_pushdown": true,
    "schema": "rtdl.internal.goal4956.columnar_xsect_projected_descriptor_carrier.v1",
    "skipped_group_count": 1756
  },
  "left": {
    "chains": 16545,
    "edges": 326193,
    "path": "Paper-reproduction-apps/rayjoin-paper/_data/public_sample/br_county_clean_25_odyssey_final.txt",
    "points": 342738
  },
  "lsi_row_count": 20860,
  "native_point_location_timings": {
    "midpoint_pip_map0": {
      "mode": "none",
      "point_count": 944,
      "point_upload": 0.0,
      "positive_face_count": 934,
      "row_download": 2.0271e-05,
      "traversal": 0.000102803
    },
    "midpoint_pip_map1": {
      "mode": "none",
      "point_count": 3594,
      "point_upload": 0.0,
      "positive_face_count": 3189,
      "row_download": 2.4191e-05,
      "traversal": 7.4272e-05
    },
    "vertex_pip_map0_in_map1": {
      "mode": "rows",
      "point_count": 342738,
      "point_upload": 0.001101472,
      "positive_face_count": 337691,
      "row_download": 0.000455493,
      "traversal": 0.000488984
    },
    "vertex_pip_map1_in_map0": {
      "mode": "rows",
      "point_count": 258961,
      "point_upload": 0.000811764,
      "positive_face_count": 255272,
      "row_download": 0.000364671,
      "traversal": 0.000392762
    }
  },
  "pair_name": "br_county_soil_public",
  "phase_seconds": {
    "assign_midpoint_faces_map0_columnar_sec": 5.500391125679016e-06,
    "assign_midpoint_faces_map1_columnar_sec": 1.0930933058261871e-05,
    "destroy_point_location_sessions_sec": 0.01752564776688814,
    "grouped_columnar_carrier_construction_sec": 0.9847468826919794,
    "grouped_descriptor_pair_count_consumer_sec": 0.005992116406559944,
    "intersection_reprojection_columnar_sec": 0.12761822529137135,
    "load_pack_left_sec": 0.0055113015696406364,
    "load_pack_right_sec": 0.004064180888235569,
    "lsi_public_rows_sec": 1.0397982969880104,
    "midpoint_pip_map0_sec": 0.00048472359776496887,
    "midpoint_pip_map1_sec": 0.0004254234954714775,
    "midpoint_points_map0_columnar_sec": 0.00233490951359272,
    "midpoint_points_map1_columnar_sec": 0.006865581497550011,
    "prepare_point_location_map0_in_map1_sec": 0.562025991268456,
    "prepare_point_location_map1_in_map0_sec": 0.07876741420477629,
    "shared_bounds_sec": 4.260800778865814e-06,
    "sort_map0_columnar_sec": 0.06697996612638235,
    "sort_map1_columnar_sec": 0.06497527658939362,
    "vertex_pip_map0_in_map1_sec": 0.016336931847035885,
    "vertex_pip_map1_in_map0_sec": 0.007075848989188671
  },
  "right": {
    "chains": 7950,
    "edges": 251011,
    "path": "Paper-reproduction-apps/rayjoin-paper/_data/public_sample/br_soil_ascii_odyssey_final.txt",
    "points": 258961
  },
  "route": "columnar_xsect_numeric_binary_descriptor_route_public_lsi_pip_numba_consumer",
  "scale_bounds": [
    -73.990943647,
    -25.7463,
    -35.8075,
    7.0518
  ],
  "schema": "rtdl.internal.goal4956.columnar_xsect_pipeline_measure.v1",
  "vertex_positive_counts": {
    "side0_in_side1": 337691,
    "side1_in_side0": 255272
  },
  "writer_free_hot_keys": [
    "lsi_public_rows_sec",
    "intersection_reprojection_columnar_sec",
    "sort_map0_columnar_sec",
    "sort_map1_columnar_sec",
    "vertex_pip_map0_in_map1_sec",
    "vertex_pip_map1_in_map0_sec",
    "midpoint_points_map0_columnar_sec",
    "midpoint_points_map1_columnar_sec",
    "midpoint_pip_map0_sec",
    "midpoint_pip_map1_sec",
    "assign_midpoint_faces_map0_columnar_sec",
    "assign_midpoint_faces_map1_columnar_sec",
    "grouped_columnar_carrier_construction_sec",
    "grouped_descriptor_pair_count_consumer_sec"
  ],
  "writer_free_hot_sec": 2.3236506143584847,
  "writer_free_hot_vs_author_overlay_compute_ratio": 55.19360129117541,
  "xsect_sorted_counts": {
    "side0": 20860,
    "side1": 20860
  }
}
