[goal4201] running clustered3d n=16384 radius=0.035
[goal4201] running clustered3d n=65536 radius=0.035
[goal4201] running road3d n=65536 radius=0.01
[goal4201] running ngsim_dense n=65536 radius=0.012
{
  "cases": [
    {
      "component_threshold": 16,
      "dataset": "clustered3d",
      "point_count": 16384,
      "policies": {
        "lowest_candidate_then_root": {
          "metadata_boundary_assignment_policy": "lowest_candidate_then_root",
          "native_boundary_assignment_pass_count": 1,
          "native_boundary_assignment_policy": "lowest_candidate_then_root",
          "native_symbol": "rtdl_optix_apply_prepared_fixed_radius_grouped_union_3d_self_device_outputs",
          "prepare_elapsed_sec": 0.8376233726739883,
          "public_speedup_claim_authorized": false,
          "run_elapsed_sec": [
            0.009998850524425507,
            0.010161496698856354,
            0.00984521210193634,
            0.009766049683094025,
            0.009626038372516632
          ],
          "run_max_sec": 0.010161496698856354,
          "run_median_sec": 0.00984521210193634,
          "run_min_sec": 0.009626038372516632,
          "signature": {
            "component_count": 4,
            "flag_true_count": 16314,
            "label_count_signature_head": [
              4094,
              4096,
              4096,
              4096
            ],
            "label_count_signature_tail": [
              4094,
              4096,
              4096,
              4096
            ],
            "largest_component_size": 4096,
            "negative_label_count": 2
          },
          "true_zero_copy_claim_authorized": false
        },
        "lowest_component_root_two_pass": {
          "metadata_boundary_assignment_policy": "lowest_component_root_two_pass",
          "native_boundary_assignment_pass_count": 2,
          "native_boundary_assignment_policy": "lowest_component_root_two_pass",
          "native_symbol": "rtdl_optix_apply_prepared_fixed_radius_grouped_union_3d_self_device_outputs",
          "prepare_elapsed_sec": 0.06477377563714981,
          "public_speedup_claim_authorized": false,
          "run_elapsed_sec": [
            0.017631523311138153,
            0.017730042338371277,
            0.017588742077350616,
            0.017808422446250916,
            0.016998693346977234
          ],
          "run_max_sec": 0.017808422446250916,
          "run_median_sec": 0.017631523311138153,
          "run_min_sec": 0.016998693346977234,
          "signature": {
            "component_count": 4,
            "flag_true_count": 16314,
            "label_count_signature_head": [
              4094,
              4096,
              4096,
              4096
            ],
            "label_count_signature_tail": [
              4094,
              4096,
              4096,
              4096
            ],
            "largest_component_size": 4096,
            "negative_label_count": 2
          },
          "true_zero_copy_claim_authorized": false
        }
      },
      "public_speedup_claim_authorized": false,
      "radius": 0.035,
      "repeat": 5,
      "route_promotion_authorized": false,
      "same_counts_only_signature": true,
      "seed": 20260519,
      "true_zero_copy_claim_authorized": false,
      "two_pass_vs_default_median_ratio": 1.790872875930262,
      "warmup": 2
    },
    {
      "component_threshold": 16,
      "dataset": "clustered3d",
      "point_count": 65536,
      "policies": {
        "lowest_candidate_then_root": {
          "metadata_boundary_assignment_policy": "lowest_candidate_then_root",
          "native_boundary_assignment_pass_count": 1,
          "native_boundary_assignment_policy": "lowest_candidate_then_root",
          "native_symbol": "rtdl_optix_apply_prepared_fixed_radius_grouped_union_3d_self_device_outputs",
          "prepare_elapsed_sec": 0.12590355426073074,
          "public_speedup_claim_authorized": false,
          "run_elapsed_sec": [
            0.07831113040447235,
            0.07856626808643341,
            0.07839934527873993,
            0.07859014719724655,
            0.07903285324573517
          ],
          "run_max_sec": 0.07903285324573517,
          "run_median_sec": 0.07856626808643341,
          "run_min_sec": 0.07831113040447235,
          "signature": {
            "component_count": 4,
            "flag_true_count": 65480,
            "label_count_signature_head": [
              16382,
              16383,
              16384,
              16384
            ],
            "label_count_signature_tail": [
              16382,
              16383,
              16384,
              16384
            ],
            "largest_component_size": 16384,
            "negative_label_count": 3
          },
          "true_zero_copy_claim_authorized": false
        },
        "lowest_component_root_two_pass": {
          "metadata_boundary_assignment_policy": "lowest_component_root_two_pass",
          "native_boundary_assignment_pass_count": 2,
          "native_boundary_assignment_policy": "lowest_component_root_two_pass",
          "native_symbol": "rtdl_optix_apply_prepared_fixed_radius_grouped_union_3d_self_device_outputs",
          "prepare_elapsed_sec": 0.17781435698270798,
          "public_speedup_claim_authorized": false,
          "run_elapsed_sec": [
            0.1482943594455719,
            0.14861582219600677,
            0.14799942821264267,
            0.14933766424655914,
            0.14964791387319565
          ],
          "run_max_sec": 0.14964791387319565,
          "run_median_sec": 0.14861582219600677,
          "run_min_sec": 0.14799942821264267,
          "signature": {
            "component_count": 4,
            "flag_true_count": 65480,
            "label_count_signature_head": [
              16382,
              16383,
              16384,
              16384
            ],
            "label_count_signature_tail": [
              16382,
              16383,
              16384,
              16384
            ],
            "largest_component_size": 16384,
            "negative_label_count": 3
          },
          "true_zero_copy_claim_authorized": false
        }
      },
      "public_speedup_claim_authorized": false,
      "radius": 0.035,
      "repeat": 5,
      "route_promotion_authorized": false,
      "same_counts_only_signature": true,
      "seed": 20260519,
      "true_zero_copy_claim_authorized": false,
      "two_pass_vs_default_median_ratio": 1.891598338774466,
      "warmup": 2
    },
    {
      "component_threshold": 16,
      "dataset": "road3d",
      "point_count": 65536,
      "policies": {
        "lowest_candidate_then_root": {
          "metadata_boundary_assignment_policy": "lowest_candidate_then_root",
          "native_boundary_assignment_pass_count": 1,
          "native_boundary_assignment_policy": "lowest_candidate_then_root",
          "native_symbol": "rtdl_optix_apply_prepared_fixed_radius_grouped_union_3d_self_device_outputs",
          "prepare_elapsed_sec": 0.17480875551700592,
          "public_speedup_claim_authorized": false,
          "run_elapsed_sec": [
            0.015334121882915497,
            0.015394851565361023,
            0.015545390546321869,
            0.015876255929470062,
            0.015425510704517365
          ],
          "run_max_sec": 0.015876255929470062,
          "run_median_sec": 0.015425510704517365,
          "run_min_sec": 0.015334121882915497,
          "signature": {
            "component_count": 1,
            "flag_true_count": 65403,
            "label_count_signature_head": [
              65534
            ],
            "label_count_signature_tail": [
              65534
            ],
            "largest_component_size": 65534,
            "negative_label_count": 2
          },
          "true_zero_copy_claim_authorized": false
        },
        "lowest_component_root_two_pass": {
          "metadata_boundary_assignment_policy": "lowest_component_root_two_pass",
          "native_boundary_assignment_pass_count": 2,
          "native_boundary_assignment_policy": "lowest_component_root_two_pass",
          "native_symbol": "rtdl_optix_apply_prepared_fixed_radius_grouped_union_3d_self_device_outputs",
          "prepare_elapsed_sec": 0.17557474970817566,
          "public_speedup_claim_authorized": false,
          "run_elapsed_sec": [
            0.026326477527618408,
            0.022475920617580414,
            0.022593393921852112,
            0.022593848407268524,
            0.022380322217941284
          ],
          "run_max_sec": 0.026326477527618408,
          "run_median_sec": 0.022593393921852112,
          "run_min_sec": 0.022380322217941284,
          "signature": {
            "component_count": 1,
            "flag_true_count": 65403,
            "label_count_signature_head": [
              65534
            ],
            "label_count_signature_tail": [
              65534
            ],
            "largest_component_size": 65534,
            "negative_label_count": 2
          },
          "true_zero_copy_claim_authorized": false
        }
      },
      "public_speedup_claim_authorized": false,
      "radius": 0.01,
      "repeat": 5,
      "route_promotion_authorized": false,
      "same_counts_only_signature": true,
      "seed": 20260519,
      "true_zero_copy_claim_authorized": false,
      "two_pass_vs_default_median_ratio": 1.4646772061320232,
      "warmup": 2
    },
    {
      "component_threshold": 16,
      "dataset": "ngsim_dense",
      "point_count": 65536,
      "policies": {
        "lowest_candidate_then_root": {
          "metadata_boundary_assignment_policy": "lowest_candidate_then_root",
          "native_boundary_assignment_pass_count": null,
          "native_boundary_assignment_policy": null,
          "native_symbol": "rtdl_optix_apply_prepared_fixed_radius_grouped_union_3d_self_device_outputs",
          "prepare_elapsed_sec": 0.12336691468954086,
          "public_speedup_claim_authorized": false,
          "run_elapsed_sec": [
            0.017798714339733124,
            0.017895467579364777,
            0.01763886958360672,
            0.017925187945365906,
            0.017833001911640167
          ],
          "run_max_sec": 0.017925187945365906,
          "run_median_sec": 0.017833001911640167,
          "run_min_sec": 0.01763886958360672,
          "signature": {
            "component_count": 1,
            "flag_true_count": 65536,
            "label_count_signature_head": [
              65536
            ],
            "label_count_signature_tail": [
              65536
            ],
            "largest_component_size": 65536,
            "negative_label_count": 0
          },
          "true_zero_copy_claim_authorized": false
        },
        "lowest_component_root_two_pass": {
          "metadata_boundary_assignment_policy": "lowest_component_root_two_pass",
          "native_boundary_assignment_pass_count": null,
          "native_boundary_assignment_policy": null,
          "native_symbol": "rtdl_optix_apply_prepared_fixed_radius_grouped_union_3d_self_device_outputs",
          "prepare_elapsed_sec": 0.17467578500509262,
          "public_speedup_claim_authorized": false,
          "run_elapsed_sec": [
            0.017782144248485565,
            0.018100067973136902,
            0.01788053661584854,
            0.017801731824874878,
            0.018042095005512238
          ],
          "run_max_sec": 0.018100067973136902,
          "run_median_sec": 0.01788053661584854,
          "run_min_sec": 0.017782144248485565,
          "signature": {
            "component_count": 1,
            "flag_true_count": 65536,
            "label_count_signature_head": [
              65536
            ],
            "label_count_signature_tail": [
              65536
            ],
            "largest_component_size": 65536,
            "negative_label_count": 0
          },
          "true_zero_copy_claim_authorized": false
        }
      },
      "public_speedup_claim_authorized": false,
      "radius": 0.012,
      "repeat": 5,
      "route_promotion_authorized": false,
      "same_counts_only_signature": true,
      "seed": 20260519,
      "true_zero_copy_claim_authorized": false,
      "two_pass_vs_default_median_ratio": 1.0026655469698205,
      "warmup": 2
    }
  ],
  "claim_boundary": {
    "public_speedup_claim_authorized": false,
    "release_authorized": false,
    "route_promotion_authorized": false,
    "true_zero_copy_claim_authorized": false,
    "whole_app_speedup_claim_authorized": false
  },
  "commit": "0cfdad4a",
  "schema": "rtdl.goal4201.rt_dbscan_boundary_policy_fair_timing.v1"
}
