I20260701 19:05:40.538569 109210 planar_graph.h:117] Map /workspace/rtdl_goal4806_fast_min/artifacts/goal4806_section57_arcgis_full_us_20260630/dataset/point_cdb/USACensusBlockGroupBoundaries/USACensusBlockGroupBoundaries_Point.cdb is loaded, chains: 28473338 points: 56946676 edges: 28473338, min seg len: 3.70866e-06, max seg len: 3.41591, avg seg len: 0.000723059, stdev: 0.00289835
I20260701 19:17:44.417049 109210 planar_graph.h:117] Map /workspace/rtdl_goal4806_fast_min/artifacts/goal4806_section57_arcgis_full_us_20260630/dataset/point_cdb/USADetailedWaterBodies/USADetailedWaterBodies_Point.cdb is loaded, chains: 22431809 points: 44863618 edges: 22431809, min seg len: 1.19e-07, max seg len: 0.499989, avg seg len: 0.000696531, stdev: 0.000773799
I20260701 19:17:49.411307 109210 context.h:51] Bounding Box, Bottom-left: (-179.149, 18.9107), Top-right: (-66.9496, 71.3652)
I20260701 19:17:49.411396 109210 context.h:58] Scaled Bounding Box, Bottom-left: (-69136359329185, -67784245771200), Top-right: (69136359329184, 67784245771199)
I20260701 19:17:49.411413 109210 context.h:61] Unscaled Bounding Box, Bottom-left: (-179.149, 18.9107), Top-right: (-66.9496, 71.3652)
I20260701 19:17:50.303270 109210 rt_engine.cu:282] Info: Pipeline statistics
	module(s)                            :     1
	entry function(s)                    :     2
	trace call(s)                        :     1
	continuation callable call(s)        :     0
	direct callable call(s)              :     0
	basic block(s) in entry functions    :    23
	instruction(s) in entry functions    :   646
	non-entry function(s)                :     1
	basic block(s) in non-entry functions:     1
	instruction(s) in non-entry functions:     1
	debug information                    :    no
I20260701 19:17:50.324548 109210 rt_engine.cu:282] Info: Pipeline statistics
	module(s)                            :     1
	entry function(s)                    :     2
	trace call(s)                        :     1
	continuation callable call(s)        :     0
	direct callable call(s)              :     0
	basic block(s) in entry functions    :    61
	instruction(s) in entry functions    :   966
	non-entry function(s)                :     1
	basic block(s) in non-entry functions:     1
	instruction(s) in non-entry functions:     1
	debug information                    :    no
I20260701 19:17:50.356081 109210 primitive.h:256] Enlarge limit: 3.5 max iter:5 ne: 28473338 aabbs: 4219474 Compress ratio: 0.85181 Time: 23.281 ms
I20260701 19:17:50.356200 109210 rt_engine.cu:397] Building AS, num prims: 4219474, Required Temp Size: 321341696 Output Size: 157870080
I20260701 19:17:50.378741 109210 rt_engine.h:159] Parm size: 152
I20260701 19:17:50.378782 109210 rt_engine.cu:554] optixLaunch, [w,h,d] = 44863618,1,1
Timing results:
 - Read map 0: 915828 ms

 - Read map 1: 722508 ms

 - Load Data: 567.643 ms

 - Create App: 351.467 ms

 - Init: 2.23708 ms

 - Adaptive Grouping: 23.3431 ms

 - Build Index: 21.3258 ms

 - Warmup: 0.00119209 ms

 - Query: 116.413 ms

 - Cleanup: 10.555 ms
