I20260701 18:39:57.049178 109092 planar_graph.h:215] Map /dev/shm/-workspace-rayjoin_section57_same_source_cdb-point_cdb-dtl_cnty-dtl_cnty_Point.cdb.bin is deserialized, chains: 8662896 points: 17325792 edges: 8662896
I20260701 18:40:08.751780 109092 planar_graph.h:215] Map /dev/shm/-workspace-rayjoin_section57_same_source_cdb-point_cdb-USAZIPCodeArea-USAZIPCodeArea_Point.cdb.bin is deserialized, chains: 23931046 points: 47862092 edges: 23931046
I20260701 18:40:08.751957 109092 context.h:51] Bounding Box, Bottom-left: (-179.149, -14.5487), Top-right: (179.778, 71.3905)
I20260701 18:40:08.752002 109092 context.h:58] Scaled Bounding Box, Bottom-left: (-69978811192544, -68768348336382), Top-right: (69978811192543, 68768348336381)
I20260701 18:40:08.752017 109092 context.h:61] Unscaled Bounding Box, Bottom-left: (-179.149, -14.5487), Top-right: (179.778, 71.3905)
I20260701 18:40:09.226346 109092 rt_engine.cu:282] Info: Pipeline statistics
	module(s)                            :     1
	entry function(s)                    :     2
	trace call(s)                        :     1
	continuation callable call(s)        :     0
	direct callable call(s)              :     0
	basic block(s) in entry functions    :    23
	instruction(s) in entry functions    :   646
	non-entry function(s)                :     1
	basic block(s) in non-entry functions:     1
	instruction(s) in non-entry functions:     1
	debug information                    :    no
I20260701 18:40:09.236303 109092 rt_engine.cu:282] Info: Pipeline statistics
	module(s)                            :     1
	entry function(s)                    :     2
	trace call(s)                        :     1
	continuation callable call(s)        :     0
	direct callable call(s)              :     0
	basic block(s) in entry functions    :    61
	instruction(s) in entry functions    :   966
	non-entry function(s)                :     1
	basic block(s) in non-entry functions:     1
	instruction(s) in non-entry functions:     1
	debug information                    :    no
I20260701 18:40:09.246997 109092 primitive.h:256] Enlarge limit: 3.5 max iter:5 ne: 8662896 aabbs: 1233757 Compress ratio: 0.857581 Time: 7.179 ms
I20260701 18:40:09.247103 109092 rt_engine.cu:397] Building AS, num prims: 1233757, Required Temp Size: 93960576 Output Size: 46161664
I20260701 18:40:09.253928 109092 rt_engine.h:159] Parm size: 152
I20260701 18:40:09.253968 109092 rt_engine.cu:554] optixLaunch, [w,h,d] = 47862092,1,1
Timing results:
 - Read map 0: 4441.23 ms

 - Read map 1: 11702.4 ms

 - Load Data: 353.766 ms

 - Create App: 133.176 ms

 - Init: 0.813961 ms

 - Adaptive Grouping: 7.236 ms

 - Build Index: 5.53417 ms

 - Warmup: 0 ms

 - Query: 110.238 ms

 - Cleanup: 10.8202 ms
