I20260604 03:03:03.116451 45996 context.h:51] Bounding Box, Bottom-left: (-70.0561, -12.7706), Top-right: (-46.1528, 4.32571)
I20260604 03:03:03.116524 45996 context.h:58] Scaled Bounding Box, Bottom-left: (-64935557024364, -62998848342965), Top-right: (64935557024363, 62998848342964)
I20260604 03:03:03.116531 45996 context.h:61] Unscaled Bounding Box, Bottom-left: (-70.0561, -12.7706), Top-right: (-46.1528, 4.32571)
I20260604 03:03:03.271168 45996 run_query.cu:229] Queue capacity: 5362
I20260604 03:03:03.271217 45996 lsi.h:22] Queue size: 0 MB
I20260604 03:03:03.271451 45996 primitive.h:256] Enlarge limit: 5 max iter:5 ne: 19987 aabbs: 1383 Compress ratio: 0.930805 Time: 0.142 ms
I20260604 03:03:03.271912 45996 lsi_rt.h:50] queries: 6825
I20260604 03:03:03.271981 45996 rt_engine.cu:554] optixLaunch, [w,h,d] = 6825,1,1
I20260604 03:03:03.272240 45996 lsi_rt.h:50] queries: 6825
I20260604 03:03:03.272267 45996 rt_engine.cu:554] optixLaunch, [w,h,d] = 6825,1,1
I20260604 03:03:03.272469 45996 lsi_rt.h:50] queries: 6825
I20260604 03:03:03.272495 45996 rt_engine.cu:554] optixLaunch, [w,h,d] = 6825,1,1
I20260604 03:03:03.272698 45996 run_query.cu:301] Iter: 0
I20260604 03:03:03.272706 45996 lsi_rt.h:50] queries: 6825
I20260604 03:03:03.272728 45996 rt_engine.cu:554] optixLaunch, [w,h,d] = 6825,1,1
I20260604 03:03:03.272933 45996 run_query.cu:301] Iter: 1
I20260604 03:03:03.272940 45996 lsi_rt.h:50] queries: 6825
I20260604 03:03:03.272964 45996 rt_engine.cu:554] optixLaunch, [w,h,d] = 6825,1,1
I20260604 03:03:03.273164 45996 run_query.cu:301] Iter: 2
I20260604 03:03:03.273171 45996 lsi_rt.h:50] queries: 6825
I20260604 03:03:03.273195 45996 rt_engine.cu:554] optixLaunch, [w,h,d] = 6825,1,1
I20260604 03:03:03.273394 45996 run_query.cu:301] Iter: 3
I20260604 03:03:03.273401 45996 lsi_rt.h:50] queries: 6825
I20260604 03:03:03.273423 45996 rt_engine.cu:554] optixLaunch, [w,h,d] = 6825,1,1
I20260604 03:03:03.273626 45996 run_query.cu:301] Iter: 4
I20260604 03:03:03.273633 45996 lsi_rt.h:50] queries: 6825
I20260604 03:03:03.273655 45996 rt_engine.cu:554] optixLaunch, [w,h,d] = 6825,1,1
I20260604 03:03:03.273856 45996 run_query.cu:301] Iter: 5
I20260604 03:03:03.273864 45996 lsi_rt.h:50] queries: 6825
I20260604 03:03:03.273885 45996 rt_engine.cu:554] optixLaunch, [w,h,d] = 6825,1,1
I20260604 03:03:03.274085 45996 run_query.cu:301] Iter: 6
I20260604 03:03:03.274092 45996 lsi_rt.h:50] queries: 6825
I20260604 03:03:03.274114 45996 rt_engine.cu:554] optixLaunch, [w,h,d] = 6825,1,1
I20260604 03:03:03.274315 45996 run_query.cu:301] Iter: 7
I20260604 03:03:03.274322 45996 lsi_rt.h:50] queries: 6825
I20260604 03:03:03.274345 45996 rt_engine.cu:554] optixLaunch, [w,h,d] = 6825,1,1
I20260604 03:03:03.274546 45996 run_query.cu:301] Iter: 8
I20260604 03:03:03.274554 45996 lsi_rt.h:50] queries: 6825
I20260604 03:03:03.274575 45996 rt_engine.cu:554] optixLaunch, [w,h,d] = 6825,1,1
I20260604 03:03:03.274778 45996 run_query.cu:301] Iter: 9
I20260604 03:03:03.274784 45996 lsi_rt.h:50] queries: 6825
I20260604 03:03:03.274806 45996 rt_engine.cu:554] optixLaunch, [w,h,d] = 6825,1,1
I20260604 03:03:03.275007 45996 run_query.cu:301] Iter: 10
I20260604 03:03:03.275014 45996 lsi_rt.h:50] queries: 6825
I20260604 03:03:03.275038 45996 rt_engine.cu:554] optixLaunch, [w,h,d] = 6825,1,1
I20260604 03:03:03.275239 45996 run_query.cu:301] Iter: 11
I20260604 03:03:03.275246 45996 lsi_rt.h:50] queries: 6825
I20260604 03:03:03.275269 45996 rt_engine.cu:554] optixLaunch, [w,h,d] = 6825,1,1
I20260604 03:03:03.275471 45996 run_query.cu:301] Iter: 12
I20260604 03:03:03.275477 45996 lsi_rt.h:50] queries: 6825
I20260604 03:03:03.275501 45996 rt_engine.cu:554] optixLaunch, [w,h,d] = 6825,1,1
I20260604 03:03:03.275702 45996 run_query.cu:301] Iter: 13
I20260604 03:03:03.275709 45996 lsi_rt.h:50] queries: 6825
I20260604 03:03:03.275731 45996 rt_engine.cu:554] optixLaunch, [w,h,d] = 6825,1,1
I20260604 03:03:03.275933 45996 run_query.cu:301] Iter: 14
I20260604 03:03:03.275939 45996 lsi_rt.h:50] queries: 6825
I20260604 03:03:03.275961 45996 rt_engine.cu:554] optixLaunch, [w,h,d] = 6825,1,1
I20260604 03:03:03.276187 45996 run_query.cu:306] Intersections: 269 Queue Load Factor: 0.0501678
Timing results:
 - Read map 0: 536.981 ms

 - Read map 1: 79.6621 ms

 - Create App: 151.485 ms

 - Load Data: 3.124 ms

 - Init: 0.141859 ms

 - Adaptive Grouping: 0.180006 ms

 - Build Index: 0.429153 ms

 - Warmup: 0.785828 ms

 - Query: 0.233539 ms

 - Cleanup: 6.8109 ms

