I20260604 03:03:09.783041 46017 context.h:51] Bounding Box, Bottom-left: (-73.9909, -32.1834), Top-right: (-46.2494, 4.32571)
I20260604 03:03:09.783128 46017 context.h:58] Scaled Bounding Box, Bottom-left: (-65636720292236, -66714089603448), Top-right: (65636720292235, 66714089603447)
I20260604 03:03:09.783136 46017 context.h:61] Unscaled Bounding Box, Bottom-left: (-73.9909, -32.1834), Top-right: (-46.2494, 4.32571)
I20260604 03:03:09.934559 46017 primitive.h:256] Enlarge limit: 5 max iter:5 ne: 24880 aabbs: 1756 Compress ratio: 0.929421 Time: 0.172 ms
I20260604 03:03:09.935148 46017 rt_engine.cu:554] optixLaunch, [w,h,d] = 25392,1,1
I20260604 03:03:09.935364 46017 rt_engine.cu:554] optixLaunch, [w,h,d] = 25392,1,1
I20260604 03:03:09.935559 46017 rt_engine.cu:554] optixLaunch, [w,h,d] = 25392,1,1
I20260604 03:03:09.935753 46017 rt_engine.cu:554] optixLaunch, [w,h,d] = 25392,1,1
I20260604 03:03:09.935946 46017 rt_engine.cu:554] optixLaunch, [w,h,d] = 25392,1,1
I20260604 03:03:09.936141 46017 rt_engine.cu:554] optixLaunch, [w,h,d] = 25392,1,1
I20260604 03:03:09.936333 46017 rt_engine.cu:554] optixLaunch, [w,h,d] = 25392,1,1
I20260604 03:03:09.936525 46017 rt_engine.cu:554] optixLaunch, [w,h,d] = 25392,1,1
I20260604 03:03:09.936718 46017 rt_engine.cu:554] optixLaunch, [w,h,d] = 25392,1,1
I20260604 03:03:09.936911 46017 rt_engine.cu:554] optixLaunch, [w,h,d] = 25392,1,1
I20260604 03:03:09.937104 46017 rt_engine.cu:554] optixLaunch, [w,h,d] = 25392,1,1
I20260604 03:03:09.937300 46017 rt_engine.cu:554] optixLaunch, [w,h,d] = 25392,1,1
I20260604 03:03:09.937495 46017 rt_engine.cu:554] optixLaunch, [w,h,d] = 25392,1,1
I20260604 03:03:09.937690 46017 rt_engine.cu:554] optixLaunch, [w,h,d] = 25392,1,1
I20260604 03:03:09.937889 46017 rt_engine.cu:554] optixLaunch, [w,h,d] = 25392,1,1
I20260604 03:03:09.938082 46017 rt_engine.cu:554] optixLaunch, [w,h,d] = 25392,1,1
I20260604 03:03:09.938277 46017 rt_engine.cu:554] optixLaunch, [w,h,d] = 25392,1,1
I20260604 03:03:09.938469 46017 rt_engine.cu:554] optixLaunch, [w,h,d] = 25392,1,1
Timing results:
 - Read map 0: 444.629 ms

 - Read map 1: 257.645 ms

 - Load Data: 0.690937 ms

 - Create App: 150.292 ms

 - Init: 0.239849 ms

 - Adaptive Grouping: 0.240088 ms

 - Build Index: 0.454903 ms

 - Warmup: 0.656128 ms

 - Query: 0.194391 ms

 - Cleanup: 1.66416 ms

