{
  "app_level_speed_claim_authorized": false,
  "arbitrary_callback_authorized": false,
  "classification": {
    "app_level_speed_claim_authorized": false,
    "arbitrary_callback_authorized": false,
    "classification": "pass_smoke_gate_not_timing_not_release",
    "control_rows": 2,
    "correctness_all_passed": true,
    "early_termination_primary_passed": true,
    "formal_high_performance_authorized": false,
    "next_goal": "Goal4715 custom predicate early-exit focused POD timing gate",
    "pod_timing_authorized": false,
    "primary_rows": 2,
    "public_tier3_support_authorized": false,
    "raw_optix_callback_authorized": false,
    "release_authorized": false,
    "total_rows": 4
  },
  "dry_run": false,
  "formal_high_performance_authorized": false,
  "loader_compile": {
    "returncode": 0,
    "stderr": "nvcc warning : Support for offline compilation for architectures prior to '<compute/sm/lto>_75' will be removed in a future release (Use -Wno-deprecated-gpu-targets to suppress warning).\n/tmp/rtdl-v4-goal4714-smoke-9j_5h5jx/v4_goal4714_smoke.cu(190): warning #68-D: integer conversion resulted in a change of sign\n          pipeline_options.usesPrimitiveTypeFlags = OPTIX_PRIMITIVE_TYPE_FLAGS_TRIANGLE;\n                                                    ^\n\nRemark: The warnings can be suppressed with \"-diag-suppress <warning-number>\"\n\n/tmp/rtdl-v4-goal4714-smoke-9j_5h5jx/v4_goal4714_smoke.cu(190): warning #68-D: integer conversion resulted in a change of sign\n          pipeline_options.usesPrimitiveTypeFlags = OPTIX_PRIMITIVE_TYPE_FLAGS_TRIANGLE;\n                                                    ^\n\nRemark: The warnings can be suppressed with \"-diag-suppress <warning-number>\"\n\nnvlink warning : Skipping incompatible '/usr/lib/x86_64-linux-gnu/libdl.a' when searching for -ldl",
    "stdout": ""
  },
  "pod_timing_authorized": false,
  "protocol_validation": {
    "missing_or_invalid": [],
    "protocol": {
      "app": "ray_triangle_custom_predicate_early_exit_multi_hit",
      "app_level_speed_claim_authorized": false,
      "arbitrary_callback_authorized": false,
      "baselines": [
        {
          "name": "v2_14_materialized_all_hits_device_predicate",
          "required_discovery": "confirm no custom predicate any-hit early-exit route exists; fallback materializes all candidate hit IDs/attributes then filters on device",
          "root": "/root/rtdl_v2_14_tag"
        },
        {
          "name": "v3_0_2_materialized_all_hits_device_predicate",
          "required_discovery": "confirm no custom predicate any-hit early-exit route exists; fallback materializes all candidate hit IDs/attributes then filters on device",
          "root": "/root/rtdl_v3_0_2_tag"
        },
        {
          "name": "v4_callback_predicate_early_exit",
          "required_discovery": "generated OptiX any-hit route evaluates pure predicate callback and RTDL applies terminate_on_first_accept",
          "root": "/root/rtdl_v4_candidate_pod"
        }
      ],
      "callback_variants": [
        {
          "name": "accept_layer_zero",
          "semantics": "return true when layer index is zero",
          "shape": "pure_boolean_numba_cabi_device_function"
        },
        {
          "name": "accept_layer_threshold",
          "semantics": "return true when layer index is less than a frozen scalar threshold",
          "shape": "pure_boolean_numba_cabi_device_function"
        }
      ],
      "control_regimes": [
        {
          "accept_layer": 31,
          "candidate_hits_per_ray": 32,
          "name": "dense_late_accept_k32",
          "purpose": "control: little early-exit opportunity; should not be used as primary speed evidence."
        },
        {
          "accept_layer": null,
          "candidate_hits_per_ray": 32,
          "name": "dense_reject_all_k32",
          "purpose": "control: callback rejects every candidate; verifies no false positives and exposes worst-case predicate cost."
        },
        {
          "candidate_hits_per_ray": 0,
          "name": "no_hit_empty",
          "purpose": "control: validates empty traversal and no-hit accounting."
        }
      ],
      "formal_high_performance_authorized": false,
      "kill_conditions": [
        "any correctness failure kills the goal",
        "missing V2/V3 denominator discovery invalidates the run",
        "if V4 cannot prove early termination occurred in primary regimes, the run is invalid",
        "if primary early-accept geomean over V3.0.2 is <1.50x, do not continue toward formal high-performance wording",
        "if any primary early-accept row is below 1.00x over V3.0.2, stop and diagnose before more POD spend",
        "if control-regime correctness fails, do not promote the route even if primary speed rows pass"
      ],
      "next_goal": "Goal4714 custom predicate early-exit local runner and POD smoke gate",
      "pass_conditions": [
        "correctness must pass for every callback x regime x scale x implementation row",
        "primary early-accept regimes geomean V4 over V3.0.2 must be >=1.50x",
        "primary early-accept regimes geomean V4 over V2.14 must be >=1.50x",
        "every primary early-accept regime at every scale must be >=1.20x over V3.0.2",
        "control regimes must preserve correctness and must not regress below 0.95x geomean over V3.0.2",
        "wins from late-accept, reject-all, no-hit, weighted-sum, or post-hit accumulation controls cannot support the primary claim",
        "all denominators and fallback selections must be recorded before V4 timing"
      ],
      "pod_authorized": false,
      "primary_regimes": [
        {
          "accept_layer": 0,
          "candidate_hits_per_ray": 8,
          "expected_v4_advantage": "V4 can terminate on first accepted candidate instead of materializing 8 candidates per ray.",
          "name": "dense_early_accept_k8"
        },
        {
          "accept_layer": 0,
          "candidate_hits_per_ray": 32,
          "expected_v4_advantage": "V4 can terminate on first accepted candidate instead of materializing 32 candidates per ray.",
          "name": "dense_early_accept_k32"
        },
        {
          "accept_layer": 0,
          "active_ray_fraction": 0.25,
          "candidate_hits_per_ray": 32,
          "expected_v4_advantage": "V4 should still reduce materialization on active rays while preserving sparse correctness.",
          "name": "sparse_early_accept_k32"
        }
      ],
      "public_tier3_support_authorized": false,
      "raw_optix_callback_authorized": false,
      "release_authorized": false,
      "scales": [
        65536,
        131072
      ],
      "status": "goal4713_custom_predicate_early_exit_protocol_frozen_not_run"
    },
    "status": "passed"
  },
  "ptx_generation": {
    "numba_legacy_nvvm_environment": {
      "numba_legacy_libdevice_env_configured": false,
      "numba_legacy_nvvm_env_configured": false
    },
    "numba_nvvm_reexec_environment": {
      "reason": "nvvm_lib_dir_missing",
      "reexec_required": false,
      "reexec_supported": true
    },
    "numba_toolchain_environment": {
      "configured": false,
      "numba_cuda_prefix": null,
      "reason": "nvidia_cuda_nvcc_package_not_found"
    },
    "ptx_length": 1752,
    "return_type": "float64",
    "status": "ptx_generated",
    "variant": "accept_layer_predicate"
  },
  "public_tier3_support_authorized": false,
  "raw_optix_callback_authorized": false,
  "ray_count": 4096,
  "release_authorized": false,
  "result_contract_validation": {
    "failing_example": {
      "app_level_speed_claim_authorized": false,
      "arbitrary_callback_authorized": false,
      "classification": "fail_smoke_gate_repair_before_timing",
      "control_rows": 3,
      "correctness_all_passed": true,
      "early_termination_primary_passed": false,
      "formal_high_performance_authorized": false,
      "next_goal": "Repair custom predicate early-exit runner before timing",
      "pod_timing_authorized": false,
      "primary_rows": 1,
      "public_tier3_support_authorized": false,
      "raw_optix_callback_authorized": false,
      "release_authorized": false,
      "total_rows": 4
    },
    "goal_status": "goal4714_custom_predicate_early_exit_smoke_pending_pod",
    "missing_or_invalid": [],
    "passing_example": {
      "app_level_speed_claim_authorized": false,
      "arbitrary_callback_authorized": false,
      "classification": "pass_smoke_gate_not_timing_not_release",
      "control_rows": 2,
      "correctness_all_passed": true,
      "early_termination_primary_passed": true,
      "formal_high_performance_authorized": false,
      "next_goal": "Goal4715 custom predicate early-exit focused POD timing gate",
      "pod_timing_authorized": false,
      "primary_rows": 2,
      "public_tier3_support_authorized": false,
      "raw_optix_callback_authorized": false,
      "release_authorized": false,
      "total_rows": 4
    },
    "status": "passed"
  },
  "rows": [
    {
      "accept_layer": 0,
      "active_rays": 4096,
      "candidates_per_ray": 8,
      "correctness_passed": true,
      "early_termination_observed": true,
      "expected_accepted": 4096,
      "fallback_all_hit_invocations": 32768,
      "ray_count": 4096,
      "regime": "dense_early_accept_k8",
      "returncode": 0,
      "row_role": "primary",
      "stderr": "",
      "stdout": "optix_module_create_result=0\nraygen_program_group_result=0\nmiss_program_group_result=0\nhit_program_group_result=0\nregime=dense_early_accept_k8\nray_count=4096\ncandidates_per_ray=8\nactive_rays=4096\naccept_layer=0\nexpected_accepted=4096\nv4_accepted=4096\nv4_anyhit_invocations=4096\nfallback_all_hit_invocations=32768\ncorrectness_passed=1\nearly_termination_observed=1",
      "v4_accepted": 4096,
      "v4_anyhit_invocations": 4096
    },
    {
      "accept_layer": 0,
      "active_rays": 4096,
      "candidates_per_ray": 32,
      "correctness_passed": true,
      "early_termination_observed": true,
      "expected_accepted": 4096,
      "fallback_all_hit_invocations": 131072,
      "ray_count": 4096,
      "regime": "dense_early_accept_k32",
      "returncode": 0,
      "row_role": "primary",
      "stderr": "",
      "stdout": "optix_module_create_result=0\nraygen_program_group_result=0\nmiss_program_group_result=0\nhit_program_group_result=0\nregime=dense_early_accept_k32\nray_count=4096\ncandidates_per_ray=32\nactive_rays=4096\naccept_layer=0\nexpected_accepted=4096\nv4_accepted=4096\nv4_anyhit_invocations=4096\nfallback_all_hit_invocations=131072\ncorrectness_passed=1\nearly_termination_observed=1",
      "v4_accepted": 4096,
      "v4_anyhit_invocations": 4096
    },
    {
      "accept_layer": -1,
      "active_rays": 4096,
      "candidates_per_ray": 32,
      "correctness_passed": true,
      "early_termination_observed": false,
      "expected_accepted": 0,
      "fallback_all_hit_invocations": 131072,
      "ray_count": 4096,
      "regime": "dense_reject_all_k32",
      "returncode": 0,
      "row_role": "control",
      "stderr": "",
      "stdout": "optix_module_create_result=0\nraygen_program_group_result=0\nmiss_program_group_result=0\nhit_program_group_result=0\nregime=dense_reject_all_k32\nray_count=4096\ncandidates_per_ray=32\nactive_rays=4096\naccept_layer=-1\nexpected_accepted=0\nv4_accepted=0\nv4_anyhit_invocations=131072\nfallback_all_hit_invocations=131072\ncorrectness_passed=1\nearly_termination_observed=0",
      "v4_accepted": 0,
      "v4_anyhit_invocations": 131072
    },
    {
      "accept_layer": -1,
      "active_rays": 0,
      "candidates_per_ray": 0,
      "correctness_passed": true,
      "early_termination_observed": false,
      "expected_accepted": 0,
      "fallback_all_hit_invocations": 0,
      "ray_count": 4096,
      "regime": "no_hit_empty",
      "returncode": 0,
      "row_role": "control",
      "stderr": "",
      "stdout": "optix_module_create_result=0\nraygen_program_group_result=0\nmiss_program_group_result=0\nhit_program_group_result=0\nregime=no_hit_empty\nray_count=4096\ncandidates_per_ray=0\nactive_rays=0\naccept_layer=-1\nexpected_accepted=0\nv4_accepted=0\nv4_anyhit_invocations=0\nfallback_all_hit_invocations=0\ncorrectness_passed=1\nearly_termination_observed=0",
      "v4_accepted": 0,
      "v4_anyhit_invocations": 0
    }
  ],
  "schema": "rtdl.v4.goal4714_custom_predicate_early_exit_smoke.v1",
  "status": "goal4714_custom_predicate_early_exit_smoke_measured_not_timing",
  "symbol_probe": {
    "c_identifier_compatible": true,
    "reason": "one PTX .func symbol matched the callback name hint",
    "status": "symbol_extracted",
    "symbol": "accept_layer_predicate"
  },
  "toolchain": {
    "cuda_lib_dir": "/usr/lib/x86_64-linux-gnu",
    "cuda_root": "/usr/local/cuda",
    "nvcc": "/usr/local/cuda/bin/nvcc",
    "optix_include": "/root/vendor/optix-dev/include"
  },
  "wrapper_compile": {
    "returncode": 0,
    "stderr": "nvcc warning : Support for offline compilation for architectures prior to '<compute/sm/lto>_75' will be removed in a future release (Use -Wno-deprecated-gpu-targets to suppress warning).",
    "stdout": ""
  }
}
