{
  "app": "rt_dbscan_benchmark",
  "claim_boundary": {
    "full_dbscan": true,
    "host_bucket_index_used": false,
    "native_dbscan_abi_added": false,
    "paper_dataset_reproduction": false,
    "paper_speedup_claim_authorized": false,
    "rt_core_accelerated": true
  },
  "dataset": "clustered3d",
  "elapsed_sec": 0.011727914214134216,
  "matches_reference": null,
  "metadata": {
    "adapter": "PreparedNumbaRadiusGraphComponents3DGrid.run",
    "benchmark_timing_breakdown": {
      "derived_sec": {
        "adapter_non_native_estimated_sec": 0.0,
        "count_native_current_run_sec": 0.0,
        "elapsed_sec": 0.011727914214134216,
        "grouped_native_sec": 0.0,
        "known_host_phase_sec": 0.01171969622373581,
        "known_native_current_run_sec": 0.0,
        "unattributed_elapsed_sec": 8.217990398406982e-06
      },
      "host_observed_sec": {
        "column_signature_sec": 0.0022581443190574646,
        "numba_component_continuation_sec": 0.004234760999679565,
        "optix_rt_count_threshold_sec": 0.005226790904998779
      },
      "notes": [
        "Host-observed timings are diagnostic and may include async GPU synchronization effects.",
        "Native elapsed fields come from RTDL native metadata where available.",
        "This timing packet does not authorize a paper, broad RT-core, or whole-app speedup claim."
      ],
      "performance_claim_authorized": false,
      "schema": "rt_dbscan_grouped_stream_host_overhead_breakdown_v1"
    },
    "caller_supplied_core_flags": true,
    "candidate_edge_count": null,
    "candidate_edge_count_policy": "not_reported_for_caller_supplied_threshold_capped_counts",
    "cell_count": 120,
    "component_label_policy": "positive_root_index_labels_noise_minus_one",
    "component_union_policy": "monotonic_atomic_min_core_edge_union",
    "core_flag_source": "optix_rt_fixed_radius_count_threshold_3d_numba_device_outputs",
    "device_grid_labeling_used": true,
    "direct_device_handoff_authorized": false,
    "grid_dimensions": [
      13,
      13,
      12
    ],
    "host_prepared_grid_index_used": true,
    "input_contract": "prepared_partner_device_point_columns_3d",
    "materializes_neighbor_rows": false,
    "materializes_neighbor_summaries": false,
    "materializes_python_rows": false,
    "min_neighbors": 12,
    "native_engine_row_contract": "not_called_partner_reference_only",
    "native_engine_summary_contract": "generic_prepared_fixed_radius_count_threshold_3d_device_columns",
    "native_execution_path": "prepared_rt_core_count_threshold_3d",
    "neighbor_count_policy": "threshold_capped_at_min_neighbors_not_exact_full_degree",
    "numba_component_continuation_sec": 0.004234760999679565,
    "numba_cuda_jit_used": true,
    "optix_backend_used": true,
    "optix_rt_count_threshold_sec": 0.005226790904998779,
    "output_workspace_reused": true,
    "partner": "numba",
    "partner_reference_contract": "generic_prepared_numba_grid_radius_graph_component_labels_3d",
    "path": "optix_rt_count_threshold_numba_prepared_grid_radius_graph_column_signature_3d",
    "point_count": 4096,
    "prepared_grid_reused": true,
    "prepared_query_repeat_protocol": {
      "elapsed_sec_total": 1.2153021171689034,
      "measured_iterations": 90,
      "median_elapsed_sec": 0.011727914214134216,
      "prepare_sec": 0.992572009563446,
      "repeat": 95,
      "warmup": 5
    },
    "prepared_run_count": 95,
    "radius": 0.055,
    "raw_cuda_kernel_required": false,
    "rt_core_accelerated": true,
    "rt_core_speedup_claim_authorized": false,
    "signature_source": "partner_column_arrays_no_python_row_dicts",
    "threshold_metadata": {
      "adapter": "fixed_radius_count_threshold_3d_optix_prepared_partner_device_columns",
      "app_count_host_materialization": false,
      "app_count_materialization": "native_optix_rt_device_columns",
      "direct_device_handoff_authorized": true,
      "input_contract": "host_query_points_prepared_native_search_scene",
      "native_engine_row_contract": "generic_fixed_radius_count_threshold_3d_device_columns",
      "native_metadata": {
        "backend": "optix",
        "direct_device_handoff_authorized": true,
        "materializes_neighbor_rows": false,
        "native_elapsed_sec": 0.0002903193235397339,
        "native_engine_row_contract": "generic_fixed_radius_count_threshold_3d_device_columns",
        "native_execution_path": "prepared_rt_core_count_threshold_3d",
        "native_symbol": "rtdl_optix_write_prepared_fixed_radius_count_threshold_3d_device_outputs",
        "output_columns_true_zero_copy_authorized": true,
        "paper_speedup_claim_authorized": false,
        "query_count": 4096,
        "radius": 0.055,
        "rt_core_accelerated": true,
        "search_count": 4096,
        "source_devices": [
          "cuda:0"
        ],
        "source_protocols": [
          "cuda_array_interface"
        ],
        "threshold": 12,
        "transfer_mode": "host_query_points_to_device_threshold_columns",
        "true_zero_copy_authorized": false,
        "v2_0_release_authorized": false
      },
      "output_columns_reused": true,
      "paper_speedup_claim_authorized": false,
      "partner": "numba",
      "query_count": 4096,
      "radius": 0.055,
      "rt_core_accelerated": true,
      "rt_core_speedup_claim_authorized": false,
      "threshold": 12,
      "true_zero_copy_authorized": false,
      "v2_0_release_authorized": false,
      "whole_app_speedup_claim_authorized": false
    },
    "timing_total_sec": {
      "column_signature_sec": 0.2038753554224968,
      "numba_component_continuation_sec": 0.3811754360795021,
      "optix_rt_count_threshold_sec": 0.6301572024822235
    },
    "v2_9_release_authorized": false,
    "whole_app_speedup_claim_authorized": false
  },
  "min_neighbors": 12,
  "mode": "optix_rt_core_flags_numba_prepared_grid_column_signature_3d",
  "paper": {
    "authors": [
      "Vani Nagarajan",
      "Milind Kulkarni"
    ],
    "doi": "10.1109/IPDPS54959.2023.00100",
    "title": "RT-DBSCAN: Accelerating DBSCAN using Ray Tracing Hardware",
    "venue": "IPDPS 2023"
  },
  "point_count": 4096,
  "radius": 0.055,
  "reference_signature": null,
  "seed": 20260519,
  "signature": {
    "cluster_sizes": {
      "1": 1024,
      "2": 1024,
      "3": 1024,
      "4": 1024
    },
    "core_count": 4094,
    "noise_count": 0
  }
}
