{
  "app": "hausdorff_xhd",
  "baseline": {
    "elapsed_runs_sec": [
      0.0060556381940841675,
      0.006060346961021423,
      0.0060464441776275635,
      0.006059296429157257,
      0.006042838096618652,
      0.006049357354640961,
      0.006068043410778046,
      0.006055086851119995,
      0.00605175644159317
    ],
    "elapsed_sec": 0.006055086851119995,
    "exact_value": true,
    "median_elapsed_sec": 0.006055086851119995,
    "method": "cupy_grouped_grid_rawkernel",
    "result": {
      "direction": "a_to_b",
      "distance": 0.12003618286664636,
      "elapsed_sec": 0.006055086851119995,
      "method": "cupy_grouped_grid_rawkernel",
      "source_index": 8034,
      "target_index": 3950
    },
    "uses_rt_cores": false,
    "uses_rtdl": false,
    "warmup_elapsed_sec": 0.39492368698120117,
    "wrapper_elapsed_sec": 0.1072075217962265
  },
  "benchmark_track": "canonical_exact_hausdorff_entrypoint",
  "claim_boundary": {
    "broad_rt_core_speedup_claim_authorized": false,
    "canonical_entrypoint": true,
    "native_engine_customization": false,
    "paper_reproduction_claim_authorized": false,
    "public_speedup_claim_authorized": false,
    "rtdl_beats_cupy_grid_claim_authorized": false,
    "rtdl_beats_xhd_claim_authorized": false,
    "triton_speedup_claim_authorized": false,
    "whole_app_speedup_claim_authorized": false
  },
  "distance_error": 0.0,
  "elapsed_sec": 1.464209884405136,
  "entrypoint_version": "rtdl.goal2801.hausdorff_xhd_v2_5_canonical_entrypoint.v3.reduced_target8192",
  "goal": "Goal2801",
  "gpu": "NVIDIA RTX 4000 Ada Generation, 565.57.01",
  "matches_exact_baseline": true,
  "rtdl": {
    "adaptive_growth_factor": null,
    "adaptive_target_points_per_group": null,
    "elapsed_runs_sec": [
      0.007219947874546051,
      0.007211185991764069,
      0.006909757852554321,
      0.006502479314804077,
      0.006557844579219818,
      0.0063962265849113464,
      0.0064759403467178345,
      0.006370678544044495,
      0.006373599171638489
    ],
    "elapsed_sec": 0.006502479314804077,
    "exact_value": true,
    "median_elapsed_sec": 0.006502479314804077,
    "method": "rtdl_rt_grouped_reduced_nearest_witness",
    "reduced_seed_with_threshold": false,
    "reduced_target_points_per_group": 8192,
    "result": {
      "backend": "optix",
      "direction": "a_to_b",
      "distance": 0.12003618286664636,
      "elapsed_sec": 0.006502479314804077,
      "exact_value": true,
      "method": "rtdl_rt_grouped_reduced_nearest_witness",
      "radius_strategy": "bbox_upper_bound",
      "rt_core_accelerated": true,
      "source_index": 8034,
      "target_index": 3950,
      "threshold_iterations": 0,
      "witness_radius": 3.5219852211130083
    },
    "uses_rt_cores": true,
    "uses_rtdl": true,
    "warmup_elapsed_sec": 0.7946908250451088,
    "wrapper_elapsed_sec": 0.06081753224134445
  },
  "rtdl_over_cupy_grid_elapsed_ratio": 1.0738870431893688,
  "scenario": {
    "exact_tolerance": 1e-09,
    "offset_x": 0.08,
    "offset_y": -0.06,
    "points_a": 8192,
    "points_b": 8192,
    "repeat": 9,
    "rtdl_warmup": 1,
    "seed_a": 11,
    "seed_b": 29
  },
  "source_commit": "20b62a3eb21607a4e313b58fd8804de91e681f4e",
  "source_dirty": [],
  "status": "pass"
}
