[phoenix-v3-component-union-m39] variant=embree_same_contract_component_union_control point_count=262144 repeat=5
[phoenix-v3-component-union-m39] variant=legacy_optix_grouped_stream_component_labels point_count=262144 repeat=5
[phoenix-v3-component-union-m39] variant=productized_prepared_execution_runner point_count=262144 repeat=5
{
  "all_app_pod_spend_authorized": false,
  "broad_v3_faster_than_v2_claim_authorized": false,
  "comparisons": {
    "all_variant_canonical_component_signatures_match": true,
    "legacy_no_regression": true,
    "material_set_a_candidate": true,
    "runner_vs_embree_hot_speedup": 1.3930791165731065,
    "runner_vs_embree_wall_speedup": 1.6001250028719352,
    "runner_vs_legacy_hot_speedup": 1.0009063305938157,
    "runner_vs_legacy_wall_speedup": 1.2080037787208602,
    "status": "computed"
  },
  "component_labels_contract": true,
  "component_signature_shortcut_blocked": true,
  "component_union_m39_harness_exists": true,
  "dry_run": false,
  "external_embedding_or_zero_copy_claim_authorized": false,
  "failed_check_count": 0,
  "focused_pod_spend_authorized_now": false,
  "legacy_no_regression": true,
  "material_set_a_candidate": true,
  "public_speedup_claim_authorized": false,
  "release_authorized": false,
  "same_generated_point_set_enforced": true,
  "schema": "rtdl.phoenix_v3.component_union_m38_pod_ab.v1",
  "selected_variants": [
    "embree_same_contract_component_union_control",
    "legacy_optix_grouped_stream_component_labels",
    "productized_prepared_execution_runner"
  ],
  "status": "component_union_m39_focused_pod_run_complete_not_release",
  "true_zero_copy_claim_authorized": false,
  "variant_count": 3
}
