{
  "app": "robot_collision_benchmark",
  "app_lowering_seconds": 2.1222964376211166,
  "backend": "embree",
  "benchmark_timing_sec": {
    "app_lowering_sec": 2.1222964376211166,
    "tail_phase_output_clear_sec": 0.0003385208547115326,
    "tail_phase_output_postprocess_sec": 0.0004971325397491455,
    "tail_phase_prepare_build_sec": 0.00567471981048584,
    "tail_phase_prepared_query_build_sec": 0.19203946739435196,
    "tail_phase_query_pack_sec": 0.0,
    "tail_phase_traversal_sec": 0.001180554,
    "tail_total_run_sec": 0.002461526542901993
  },
  "case_shape": {
    "group_count": 4096,
    "link_count": 4,
    "pose_count": 1024,
    "probe_points_per_group": 9,
    "segment_count": 36864,
    "static_obstacle_triangle_count": 256
  },
  "claim_boundary": {
    "authors_code_comparison_claim_authorized": false,
    "continuous_collision_supported": false,
    "cpu_reference_only": false,
    "discrete_sampled_probe_contract_only": true,
    "exact_solid_collision_claim_authorized": false,
    "native_collision_abi_added": false,
    "native_engine_touch_kind": "generic_rt_primitive_only",
    "native_engine_touched": true,
    "native_robot_abi_added": false,
    "paper_reproduction_claim_authorized": false,
    "public_speedup_claim_authorized": false,
    "source_tree_usage_only": true
  },
  "contract": "PREPARED_TRIANGLE_SCENE_GROUPED_SEGMENT_ANY_HIT_FLAGS_V1",
  "dataset": "scaled",
  "goal": "Goal2488",
  "lowering_policy": "sampled_link_points_to_vertical_finite_segments_3d;center_corners_and_edge_midpoints_per_pose_link",
  "mode": "embree_prepared_buffers",
  "probe_reference_compact_link_flags": null,
  "probe_reference_signature": null,
  "reuse_metadata": {
    "all_measured_counts_match_probe_reference": null,
    "all_measured_runs_match_probe_reference": null,
    "all_run_signatures_identical": true,
    "host_query_output_buffers_reused": true,
    "measured_run_count": 2450,
    "native_query_output_buffer_reuse_note": "prepared_buffers mode reuses Python-owned ctypes query/output buffers; the backend consumes reusable host buffers and no native device buffer reuse is claimed",
    "native_query_output_buffers_reused": false,
    "prepare_build_seconds_constant": true,
    "prepared_query_descriptor": {
      "contract": "PREPARED_TRIANGLE_SCENE_GROUPED_SEGMENT_ANY_HIT_FLAGS_V1",
      "copy_boundary": "python_ctypes_host_buffer",
      "device": "host",
      "group_count": 4096,
      "group_offsets_buffer_kind": "ctypes_host_uint32_offsets",
      "host_output_buffer_reused": true,
      "host_query_buffers_reused": true,
      "native_device_query_buffers_reused": false,
      "output_buffer_kind": "ctypes_host_uint8_group_flags",
      "owner": "python_runtime_wrapper",
      "public_speedup_claim_authorized": false,
      "query_buffer_kind": "ctypes_host_rtdl_segment3d_array",
      "segment_count": 36864,
      "true_zero_copy_authorized": false
    },
    "prepared_query_run_index_summary": {
      "count": 2500,
      "first": 1,
      "last": 2500
    },
    "prepared_query_run_indices": [],
    "prepared_query_run_indices_strictly_increase": true,
    "prepared_run_index_summary": {
      "count": 2500,
      "first": 1,
      "last": 2500
    },
    "prepared_run_indices": [],
    "prepared_run_indices_strictly_increase": true,
    "prepared_scene_reused": true,
    "probe_reference_flagged_group_count": null,
    "probe_reference_seconds": null,
    "probe_reference_validated": false,
    "query_input_sequences_reused": true,
    "repeat_count": 2500,
    "warmup_rows_dropped": 50
  },
  "run_details_suppressed": true,
  "run_summary": {
    "phase_timing_seconds": {
      "output_clear": {
        "count": 2450,
        "max_sec": 0.000406607985496521,
        "median_sec": 0.0003385208547115326,
        "min_sec": 0.0003064870834350586,
        "total_sec": 0.8298619762063026
      },
      "output_postprocess": {
        "count": 2450,
        "max_sec": 0.0005775466561317444,
        "median_sec": 0.0004971325397491455,
        "min_sec": 0.00045198947191238403,
        "total_sec": 1.2202572003006935
      },
      "prepare_build": {
        "count": 2450,
        "max_sec": 0.00567471981048584,
        "median_sec": 0.00567471981048584,
        "min_sec": 0.00567471981048584,
        "total_sec": 13.903063535690308
      },
      "prepared_query_build": {
        "count": 2450,
        "max_sec": 0.19203946739435196,
        "median_sec": 0.19203946739435196,
        "min_sec": 0.19203946739435196,
        "total_sec": 470.4966951161623
      },
      "query_pack": {
        "count": 2450,
        "max_sec": 0.0,
        "median_sec": 0.0,
        "min_sec": 0.0,
        "total_sec": 0.0
      },
      "traversal": {
        "count": 2450,
        "max_sec": 0.001340749,
        "median_sec": 0.001180554,
        "min_sec": 0.001174052,
        "total_sec": 2.899563053
      }
    },
    "total_run_seconds": {
      "count": 2450,
      "max_sec": 0.0028287917375564575,
      "median_sec": 0.002461526542901993,
      "min_sec": 0.0023864060640335083,
      "total_sec": 6.038251280784607
    }
  },
  "runs": [],
  "tail_medians": {
    "phase_timing_seconds": {
      "output_clear": 0.0003385208547115326,
      "output_postprocess": 0.0004971325397491455,
      "prepare_build": 0.00567471981048584,
      "prepared_query_build": 0.19203946739435196,
      "query_pack": 0.0,
      "traversal": 0.001180554
    },
    "total_run_seconds": 0.002461526542901993
  },
  "warmup_protocol": {
    "minimum_default": "7 repeats with 2 warmup rows for local evidence",
    "repeat_count": 2500,
    "rule": "drop the first warmup_count rows; report medians over remaining tail rows",
    "warmup_count": 50
  }
}
