[goal2348] RTDL batched 3D start backend=optix queries=65536 search=65536 batch_size=65536 batches=1 result_mode=ranked-summary-raw
[goal2348] RTDL batched 3D repeat 1/40 ok=True sec=0.100635
[goal2348] RTDL batched 3D repeat 2/40 ok=True sec=0.100432
[goal2348] RTDL batched 3D repeat 3/40 ok=True sec=0.102121
[goal2348] RTDL batched 3D repeat 4/40 ok=True sec=0.102515
[goal2348] RTDL batched 3D repeat 5/40 ok=True sec=0.103793
[goal2348] RTDL batched 3D repeat 6/40 ok=True sec=0.098830
[goal2348] RTDL batched 3D repeat 7/40 ok=True sec=0.100326
[goal2348] RTDL batched 3D repeat 8/40 ok=True sec=0.102068
[goal2348] RTDL batched 3D repeat 9/40 ok=True sec=0.100116
[goal2348] RTDL batched 3D repeat 10/40 ok=True sec=0.099817
[goal2348] RTDL batched 3D repeat 11/40 ok=True sec=0.101156
[goal2348] RTDL batched 3D repeat 12/40 ok=True sec=0.100518
[goal2348] RTDL batched 3D repeat 13/40 ok=True sec=0.101201
[goal2348] RTDL batched 3D repeat 14/40 ok=True sec=0.101753
[goal2348] RTDL batched 3D repeat 15/40 ok=True sec=0.100808
[goal2348] RTDL batched 3D repeat 16/40 ok=True sec=0.100112
[goal2348] RTDL batched 3D repeat 17/40 ok=True sec=0.101226
[goal2348] RTDL batched 3D repeat 18/40 ok=True sec=0.099902
[goal2348] RTDL batched 3D repeat 19/40 ok=True sec=0.100630
[goal2348] RTDL batched 3D repeat 20/40 ok=True sec=0.101687
[goal2348] RTDL batched 3D repeat 21/40 ok=True sec=0.099905
[goal2348] RTDL batched 3D repeat 22/40 ok=True sec=0.099235
[goal2348] RTDL batched 3D repeat 23/40 ok=True sec=0.101135
[goal2348] RTDL batched 3D repeat 24/40 ok=True sec=0.118869
[goal2348] RTDL batched 3D repeat 25/40 ok=True sec=0.099450
[goal2348] RTDL batched 3D repeat 26/40 ok=True sec=0.101548
[goal2348] RTDL batched 3D repeat 27/40 ok=True sec=0.100001
[goal2348] RTDL batched 3D repeat 28/40 ok=True sec=0.099788
[goal2348] RTDL batched 3D repeat 29/40 ok=True sec=0.101371
[goal2348] RTDL batched 3D repeat 30/40 ok=True sec=0.099437
[goal2348] RTDL batched 3D repeat 31/40 ok=True sec=0.100043
[goal2348] RTDL batched 3D repeat 32/40 ok=True sec=0.101520
[goal2348] RTDL batched 3D repeat 33/40 ok=True sec=0.100645
[goal2348] RTDL batched 3D repeat 34/40 ok=True sec=0.100872
[goal2348] RTDL batched 3D repeat 35/40 ok=True sec=0.101840
[goal2348] RTDL batched 3D repeat 36/40 ok=True sec=0.100582
[goal2348] RTDL batched 3D repeat 37/40 ok=True sec=0.100755
[goal2348] RTDL batched 3D repeat 38/40 ok=True sec=0.101127
[goal2348] RTDL batched 3D repeat 39/40 ok=True sec=0.100431
[goal2348] RTDL batched 3D repeat 40/40 ok=True sec=0.100646
{
  "backend": "optix",
  "batch_count": 1,
  "batch_phase_timings": [
    {
      "candidate_count_pass": 0.000447491,
      "candidate_write_pass": 0.0,
      "count_download_and_prefix": 0.0,
      "emitted_count": 65536,
      "exact_refine": 0.0,
      "mode": "prepared_uniform_cell_ranked_summary_rows",
      "prepare": 0.0,
      "raw_candidate_count": 206434,
      "row_download": 0.00027335,
      "row_offset_upload": 0.0,
      "upload": 0.001739256
    }
  ],
  "claim_boundary": {
    "aggregate_requests_batched": false,
    "broad_rt_core_speedup_claim_authorized": false,
    "device_ranked_summary_aggregate": false,
    "device_ranked_summary_rows": true,
    "device_resident_query_points": false,
    "embree_ranked_summary_rows": false,
    "float32_precision": false,
    "materializes_neighbor_rows": false,
    "paper_equivalent_rtnn_row": false,
    "partitioned_or_batched_like_rtnn": true,
    "prepared_cuda_graph_replay": false,
    "rt_core_neighbor_search_claim_authorized": false,
    "rtdl_speedup_claim_authorized": false,
    "same_stream_partner_consumer": false
  },
  "contract": {
    "aggregate_batch_request_mode": "not_batched",
    "aggregate_batch_requests": [],
    "aggregate_request_count": 1,
    "approximate": false,
    "batched_queries": true,
    "bounded_k": 50,
    "exact": true,
    "execution_path_policy_version": null,
    "family": "fixed_radius_neighbors_3d",
    "mode": "ranked-summary-raw",
    "precision": "float64",
    "prepared_cuda_graph_replay": false,
    "prepared_query_points": false,
    "prepared_search_structure": true,
    "same_stream_partner_consumer": false
  },
  "elapsed_max_sec": 0.11886901408433914,
  "elapsed_median_sec": 0.10064524784684181,
  "elapsed_min_sec": 0.09882989525794983,
  "elapsed_runs_sec": [
    0.10063543170690536,
    0.10043177753686905,
    0.10212065279483795,
    0.10251541435718536,
    0.10379333049058914,
    0.09882989525794983,
    0.10032620280981064,
    0.1020684540271759,
    0.10011579841375351,
    0.09981749951839447,
    0.10115576535463333,
    0.10051766782999039,
    0.10120072215795517,
    0.10175345838069916,
    0.10080821812152863,
    0.10011225938796997,
    0.10122624039649963,
    0.09990151226520538,
    0.10063016414642334,
    0.1016869843006134,
    0.09990495443344116,
    0.09923454374074936,
    0.10113474726676941,
    0.11886901408433914,
    0.0994497537612915,
    0.10154780745506287,
    0.1000007838010788,
    0.09978849440813065,
    0.10137105733156204,
    0.09943714737892151,
    0.10004295408725739,
    0.10151993483304977,
    0.10064461827278137,
    0.10087219625711441,
    0.10183951258659363,
    0.10058211535215378,
    0.10075487941503525,
    0.10112671554088593,
    0.10043129324913025,
    0.10064587742090225
  ],
  "elapsed_sec": 0.10064587742090225,
  "error": "",
  "execution_path_plan": null,
  "execution_prepare_sec": 2.3694017082452774,
  "external": "RTDL current",
  "input_load_sec": 0.1291196346282959,
  "input_pack_sec": 0.029849335551261902,
  "k_max": 50,
  "mode": "current_3d_fixed_radius_neighbors_optix_batched",
  "ok": true,
  "query_batch_size": 65536,
  "query_count": 65536,
  "radius": 0.02,
  "ranked_aggregate_batch_summaries": null,
  "ranked_aggregate_summary": null,
  "raw_ranked_summary_aggregate": {
    "bounded_neighbor_count": 206434,
    "kth_id_checksum": 2148001918,
    "max_neighbor_count": 13,
    "min_neighbor_count": 1,
    "nearest_id_checksum": 2147450880,
    "query_count": 65536,
    "sum_distance": 2110.9291638399195,
    "zero_neighbor_query_count": 0
  },
  "raw_ranked_summary_batch_summaries": [
    {
      "bounded_neighbor_count": 206434,
      "kth_id_checksum": 2148001918,
      "max_neighbor_count": 13,
      "min_neighbor_count": 1,
      "nearest_id_checksum": 2147450880,
      "query_count": 65536,
      "sum_distance": 2110.9291638399195,
      "zero_neighbor_query_count": 0
    }
  ],
  "repeat": 40,
  "result_mode": "ranked-summary-raw",
  "row": "human_scale_rtnn_optix",
  "row_count": 65536,
  "runner": "goal2348_rtnn_v2_2_external_runner",
  "same_stream_entrypoint_metadata": null,
  "search_count": 65536
}
