{
  "app": "rt_dbscan",
  "benchmark_track": "live_grouped_stream_continuation",
  "claim_boundary": {
    "broad_dbscan_speedup_claim_authorized": false,
    "canonical_live_harness": true,
    "native_engine_customization": false,
    "paper_reproduction_claim_authorized": false,
    "paper_speedup_claim_authorized": false,
    "public_speedup_claim_authorized": false,
    "pure_triton_components_claim_authorized": false,
    "whole_app_speedup_claim_authorized": false
  },
  "cuda_nvcc": "Build cuda_12.4.r12.4/compiler.34097967_0",
  "dataset": "clustered3d",
  "elapsed_sec": 23.442933790385723,
  "entrypoint_version": "rtdl.goal2802.rt_dbscan_v2_5_live_grouped_stream_harness.v1",
  "goal": "Goal2802",
  "gpu": "NVIDIA RTX 4000 Ada Generation, 565.57.01",
  "grouped_stream_avoids_neighbor_rows_and_full_adjacency_stream": true,
  "grouped_stream_rt_core_accelerated": true,
  "max_grouped_stream_speedup_vs_prepared_cupy_grid": 4.912262769944621,
  "min_grouped_stream_speedup_vs_prepared_cupy_grid": 3.8262189753874343,
  "point_counts": [
    32768,
    65536,
    131072
  ],
  "raw_artifacts_retained": true,
  "repeat_count": 3,
  "rows": [
    {
      "dataset": "clustered3d",
      "grouped_stream_materializes_directed_adjacency_stream": false,
      "grouped_stream_materializes_neighbor_rows": false,
      "grouped_stream_native_tail_median_sec": 0.029862508177757263,
      "grouped_stream_rt_core_accelerated": true,
      "grouped_stream_signature_match": true,
      "grouped_stream_speedup_vs_prepared_cupy_grid": 3.8262189753874343,
      "grouped_stream_tail_median_sec": 0.042950041592121124,
      "planned_continuation_estimated_directed_edges": 135291470,
      "planned_continuation_full_stream_fits_budget": true,
      "planned_continuation_mode": "optix_rt_core_adjacency_cupy_components_3d",
      "planned_high_level_mode": "partner_cupy_prepared_grid_components_3d",
      "point_count": 32768,
      "prepared_cupy_grid_tail_median_sec": 0.16433626413345337,
      "prepared_cupy_signature_match": true,
      "rt_count_prepared_grid_tail_median_sec": 0.1531698815524578,
      "rt_count_signature_match": true,
      "rt_count_speedup_vs_prepared_cupy_grid": 1.0729019469612326
    },
    {
      "dataset": "clustered3d",
      "grouped_stream_materializes_directed_adjacency_stream": false,
      "grouped_stream_materializes_neighbor_rows": false,
      "grouped_stream_native_tail_median_sec": 0.08211035653948784,
      "grouped_stream_rt_core_accelerated": true,
      "grouped_stream_signature_match": true,
      "grouped_stream_speedup_vs_prepared_cupy_grid": 4.912262769944621,
      "grouped_stream_tail_median_sec": 0.10781735554337502,
      "planned_continuation_estimated_directed_edges": 541165879,
      "planned_continuation_full_stream_fits_budget": false,
      "planned_continuation_mode": "optix_rt_core_grouped_stream_cupy_components_3d",
      "planned_high_level_mode": "optix_rt_core_flags_cupy_prepared_grid_components_3d",
      "point_count": 65536,
      "prepared_cupy_grid_tail_median_sec": 0.5296271815896034,
      "prepared_cupy_signature_match": true,
      "rt_count_prepared_grid_tail_median_sec": 0.3901056945323944,
      "rt_count_signature_match": true,
      "rt_count_speedup_vs_prepared_cupy_grid": 1.357650475275549
    },
    {
      "dataset": "clustered3d",
      "grouped_stream_materializes_directed_adjacency_stream": false,
      "grouped_stream_materializes_neighbor_rows": false,
      "grouped_stream_native_tail_median_sec": 0.30603615939617157,
      "grouped_stream_rt_core_accelerated": true,
      "grouped_stream_signature_match": true,
      "grouped_stream_speedup_vs_prepared_cupy_grid": 4.560381011738242,
      "grouped_stream_tail_median_sec": 0.35674236342310905,
      "planned_continuation_estimated_directed_edges": 2164663517,
      "planned_continuation_full_stream_fits_budget": false,
      "planned_continuation_mode": "optix_rt_core_grouped_stream_cupy_components_3d",
      "planned_high_level_mode": "optix_rt_core_flags_cupy_prepared_grid_components_3d",
      "point_count": 131072,
      "prepared_cupy_grid_tail_median_sec": 1.6268811002373695,
      "prepared_cupy_signature_match": true,
      "rt_count_prepared_grid_tail_median_sec": 0.9880222454667091,
      "rt_count_signature_match": true,
      "rt_count_speedup_vs_prepared_cupy_grid": 1.6466037153534783
    }
  ],
  "signatures_match": true,
  "source_commit": "20b62a3eb21607a4e313b58fd8804de91e681f4e",
  "source_dirty": [],
  "status": "pass"
}
