I20260604 02:40:45.068847 42554 context.h:51] Bounding Box, Bottom-left: (-70.0561, -12.7706), Top-right: (-46.1528, 4.32571)
I20260604 02:40:45.068935 42554 context.h:58] Scaled Bounding Box, Bottom-left: (-64935557024364, -62998848342965), Top-right: (64935557024363, 62998848342964)
I20260604 02:40:45.068943 42554 context.h:61] Unscaled Bounding Box, Bottom-left: (-70.0561, -12.7706), Top-right: (-46.1528, 4.32571)
I20260604 02:40:45.216738 42554 run_query.cu:229] Queue capacity: 5362
I20260604 02:40:45.216780 42554 lsi.h:22] Queue size: 0 MB
I20260604 02:40:45.217020 42554 primitive.h:256] Enlarge limit: 5 max iter:5 ne: 19987 aabbs: 1383 Compress ratio: 0.930805 Time: 0.153 ms
I20260604 02:40:45.217478 42554 lsi_rt.h:50] queries: 6825
I20260604 02:40:45.217551 42554 rt_engine.cu:554] optixLaunch, [w,h,d] = 6825,1,1
I20260604 02:40:45.217814 42554 lsi_rt.h:50] queries: 6825
I20260604 02:40:45.217844 42554 rt_engine.cu:554] optixLaunch, [w,h,d] = 6825,1,1
I20260604 02:40:45.218047 42554 lsi_rt.h:50] queries: 6825
I20260604 02:40:45.218082 42554 rt_engine.cu:554] optixLaunch, [w,h,d] = 6825,1,1
I20260604 02:40:45.218287 42554 run_query.cu:301] Iter: 0
I20260604 02:40:45.218295 42554 lsi_rt.h:50] queries: 6825
I20260604 02:40:45.218318 42554 rt_engine.cu:554] optixLaunch, [w,h,d] = 6825,1,1
I20260604 02:40:45.218523 42554 run_query.cu:301] Iter: 1
I20260604 02:40:45.218530 42554 lsi_rt.h:50] queries: 6825
I20260604 02:40:45.218554 42554 rt_engine.cu:554] optixLaunch, [w,h,d] = 6825,1,1
I20260604 02:40:45.218757 42554 run_query.cu:301] Iter: 2
I20260604 02:40:45.218765 42554 lsi_rt.h:50] queries: 6825
I20260604 02:40:45.218788 42554 rt_engine.cu:554] optixLaunch, [w,h,d] = 6825,1,1
I20260604 02:40:45.218992 42554 run_query.cu:301] Iter: 3
I20260604 02:40:45.219000 42554 lsi_rt.h:50] queries: 6825
I20260604 02:40:45.219024 42554 rt_engine.cu:554] optixLaunch, [w,h,d] = 6825,1,1
I20260604 02:40:45.219226 42554 run_query.cu:301] Iter: 4
I20260604 02:40:45.219234 42554 lsi_rt.h:50] queries: 6825
I20260604 02:40:45.219257 42554 rt_engine.cu:554] optixLaunch, [w,h,d] = 6825,1,1
I20260604 02:40:45.219460 42554 run_query.cu:301] Iter: 5
I20260604 02:40:45.219467 42554 lsi_rt.h:50] queries: 6825
I20260604 02:40:45.219491 42554 rt_engine.cu:554] optixLaunch, [w,h,d] = 6825,1,1
I20260604 02:40:45.219695 42554 run_query.cu:301] Iter: 6
I20260604 02:40:45.219702 42554 lsi_rt.h:50] queries: 6825
I20260604 02:40:45.219724 42554 rt_engine.cu:554] optixLaunch, [w,h,d] = 6825,1,1
I20260604 02:40:45.219926 42554 run_query.cu:301] Iter: 7
I20260604 02:40:45.219933 42554 lsi_rt.h:50] queries: 6825
I20260604 02:40:45.219956 42554 rt_engine.cu:554] optixLaunch, [w,h,d] = 6825,1,1
I20260604 02:40:45.220162 42554 run_query.cu:301] Iter: 8
I20260604 02:40:45.220171 42554 lsi_rt.h:50] queries: 6825
I20260604 02:40:45.220196 42554 rt_engine.cu:554] optixLaunch, [w,h,d] = 6825,1,1
I20260604 02:40:45.220407 42554 run_query.cu:301] Iter: 9
I20260604 02:40:45.220415 42554 lsi_rt.h:50] queries: 6825
I20260604 02:40:45.220439 42554 rt_engine.cu:554] optixLaunch, [w,h,d] = 6825,1,1
I20260604 02:40:45.220640 42554 run_query.cu:301] Iter: 10
I20260604 02:40:45.220647 42554 lsi_rt.h:50] queries: 6825
I20260604 02:40:45.220670 42554 rt_engine.cu:554] optixLaunch, [w,h,d] = 6825,1,1
I20260604 02:40:45.220875 42554 run_query.cu:301] Iter: 11
I20260604 02:40:45.220881 42554 lsi_rt.h:50] queries: 6825
I20260604 02:40:45.220906 42554 rt_engine.cu:554] optixLaunch, [w,h,d] = 6825,1,1
I20260604 02:40:45.221109 42554 run_query.cu:301] Iter: 12
I20260604 02:40:45.221117 42554 lsi_rt.h:50] queries: 6825
I20260604 02:40:45.221140 42554 rt_engine.cu:554] optixLaunch, [w,h,d] = 6825,1,1
I20260604 02:40:45.221345 42554 run_query.cu:301] Iter: 13
I20260604 02:40:45.221352 42554 lsi_rt.h:50] queries: 6825
I20260604 02:40:45.221375 42554 rt_engine.cu:554] optixLaunch, [w,h,d] = 6825,1,1
I20260604 02:40:45.221577 42554 run_query.cu:301] Iter: 14
I20260604 02:40:45.221585 42554 lsi_rt.h:50] queries: 6825
I20260604 02:40:45.221607 42554 rt_engine.cu:554] optixLaunch, [w,h,d] = 6825,1,1
I20260604 02:40:45.221836 42554 run_query.cu:306] Intersections: 269 Queue Load Factor: 0.0501678
Timing results:
 - Read map 0: 380.521 ms

 - Read map 1: 80.092 ms

 - Create App: 147.458 ms

 - Load Data: 0.311852 ms

 - Init: 0.126123 ms

 - Adaptive Grouping: 0.189066 ms

 - Build Index: 0.425816 ms

 - Warmup: 0.8111 ms

 - Query: 0.237401 ms

 - Cleanup: 3.64208 ms

