I20260604 02:40:46.214895 42557 context.h:51] Bounding Box, Bottom-left: (-73.9909, -32.1834), Top-right: (-46.2494, 4.32571)
I20260604 02:40:46.214989 42557 context.h:58] Scaled Bounding Box, Bottom-left: (-65636720292236, -66714089603448), Top-right: (65636720292235, 66714089603447)
I20260604 02:40:46.215003 42557 context.h:61] Unscaled Bounding Box, Bottom-left: (-73.9909, -32.1834), Top-right: (-46.2494, 4.32571)
I20260604 02:40:46.373946 42557 primitive.h:256] Enlarge limit: 5 max iter:5 ne: 24880 aabbs: 1756 Compress ratio: 0.929421 Time: 0.184 ms
I20260604 02:40:46.374547 42557 rt_engine.cu:554] optixLaunch, [w,h,d] = 25392,1,1
I20260604 02:40:46.374769 42557 rt_engine.cu:554] optixLaunch, [w,h,d] = 25392,1,1
I20260604 02:40:46.374969 42557 rt_engine.cu:554] optixLaunch, [w,h,d] = 25392,1,1
I20260604 02:40:46.375166 42557 rt_engine.cu:554] optixLaunch, [w,h,d] = 25392,1,1
I20260604 02:40:46.375363 42557 rt_engine.cu:554] optixLaunch, [w,h,d] = 25392,1,1
I20260604 02:40:46.375560 42557 rt_engine.cu:554] optixLaunch, [w,h,d] = 25392,1,1
I20260604 02:40:46.375759 42557 rt_engine.cu:554] optixLaunch, [w,h,d] = 25392,1,1
I20260604 02:40:46.375954 42557 rt_engine.cu:554] optixLaunch, [w,h,d] = 25392,1,1
I20260604 02:40:46.376149 42557 rt_engine.cu:554] optixLaunch, [w,h,d] = 25392,1,1
I20260604 02:40:46.376344 42557 rt_engine.cu:554] optixLaunch, [w,h,d] = 25392,1,1
I20260604 02:40:46.376539 42557 rt_engine.cu:554] optixLaunch, [w,h,d] = 25392,1,1
I20260604 02:40:46.376735 42557 rt_engine.cu:554] optixLaunch, [w,h,d] = 25392,1,1
I20260604 02:40:46.376931 42557 rt_engine.cu:554] optixLaunch, [w,h,d] = 25392,1,1
I20260604 02:40:46.377126 42557 rt_engine.cu:554] optixLaunch, [w,h,d] = 25392,1,1
I20260604 02:40:46.377321 42557 rt_engine.cu:554] optixLaunch, [w,h,d] = 25392,1,1
I20260604 02:40:46.377517 42557 rt_engine.cu:554] optixLaunch, [w,h,d] = 25392,1,1
I20260604 02:40:46.377714 42557 rt_engine.cu:554] optixLaunch, [w,h,d] = 25392,1,1
I20260604 02:40:46.377907 42557 rt_engine.cu:554] optixLaunch, [w,h,d] = 25392,1,1
Timing results:
 - Read map 0: 571.529 ms

 - Read map 1: 262.321 ms

 - Load Data: 3.55697 ms

 - Create App: 154.88 ms

 - Init: 0.28801 ms

 - Adaptive Grouping: 0.270128 ms

 - Build Index: 0.444889 ms

 - Warmup: 0.677109 ms

 - Query: 0.196266 ms

 - Cleanup: 1.688 ms

