I20260604 02:40:47.208305 42560 context.h:51] Bounding Box, Bottom-left: (-73.9909, -32.1834), Top-right: (-46.2494, 4.32571)
I20260604 02:40:47.208380 42560 context.h:58] Scaled Bounding Box, Bottom-left: (-65636720292236, -66714089603448), Top-right: (65636720292235, 66714089603447)
I20260604 02:40:47.208388 42560 context.h:61] Unscaled Bounding Box, Bottom-left: (-73.9909, -32.1834), Top-right: (-46.2494, 4.32571)
I20260604 02:40:47.355770 42560 primitive.h:256] Enlarge limit: 5 max iter:5 ne: 24880 aabbs: 1756 Compress ratio: 0.929421 Time: 0.162 ms
I20260604 02:40:47.356359 42560 rt_engine.cu:554] optixLaunch, [w,h,d] = 25392,1,1
I20260604 02:40:47.356575 42560 rt_engine.cu:554] optixLaunch, [w,h,d] = 25392,1,1
I20260604 02:40:47.356770 42560 rt_engine.cu:554] optixLaunch, [w,h,d] = 25392,1,1
I20260604 02:40:47.356963 42560 rt_engine.cu:554] optixLaunch, [w,h,d] = 25392,1,1
I20260604 02:40:47.357156 42560 rt_engine.cu:554] optixLaunch, [w,h,d] = 25392,1,1
I20260604 02:40:47.357350 42560 rt_engine.cu:554] optixLaunch, [w,h,d] = 25392,1,1
I20260604 02:40:47.357542 42560 rt_engine.cu:554] optixLaunch, [w,h,d] = 25392,1,1
I20260604 02:40:47.357733 42560 rt_engine.cu:554] optixLaunch, [w,h,d] = 25392,1,1
I20260604 02:40:47.357924 42560 rt_engine.cu:554] optixLaunch, [w,h,d] = 25392,1,1
I20260604 02:40:47.358116 42560 rt_engine.cu:554] optixLaunch, [w,h,d] = 25392,1,1
I20260604 02:40:47.358309 42560 rt_engine.cu:554] optixLaunch, [w,h,d] = 25392,1,1
I20260604 02:40:47.358500 42560 rt_engine.cu:554] optixLaunch, [w,h,d] = 25392,1,1
I20260604 02:40:47.358691 42560 rt_engine.cu:554] optixLaunch, [w,h,d] = 25392,1,1
I20260604 02:40:47.358882 42560 rt_engine.cu:554] optixLaunch, [w,h,d] = 25392,1,1
I20260604 02:40:47.359078 42560 rt_engine.cu:554] optixLaunch, [w,h,d] = 25392,1,1
I20260604 02:40:47.359269 42560 rt_engine.cu:554] optixLaunch, [w,h,d] = 25392,1,1
I20260604 02:40:47.359462 42560 rt_engine.cu:554] optixLaunch, [w,h,d] = 25392,1,1
I20260604 02:40:47.359654 42560 rt_engine.cu:554] optixLaunch, [w,h,d] = 25392,1,1
Timing results:
 - Read map 0: 429.02 ms

 - Read map 1: 245.261 ms

 - Load Data: 0.67687 ms

 - Create App: 146.274 ms

 - Init: 0.239134 ms

 - Adaptive Grouping: 0.226974 ms

 - Build Index: 0.458956 ms

 - Warmup: 0.653982 ms

 - Query: 0.192324 ms

 - Cleanup: 1.647 ms

