I20260604 02:40:49.351581 42566 context.h:51] Bounding Box, Bottom-left: (-73.9909, -32.1834), Top-right: (-46.2494, 4.32571)
I20260604 02:40:49.351656 42566 context.h:58] Scaled Bounding Box, Bottom-left: (-65636720292236, -66714089603448), Top-right: (65636720292235, 66714089603447)
I20260604 02:40:49.351663 42566 context.h:61] Unscaled Bounding Box, Bottom-left: (-73.9909, -32.1834), Top-right: (-46.2494, 4.32571)
I20260604 02:40:49.524551 42566 primitive.h:256] Enlarge limit: 5 max iter:5 ne: 24880 aabbs: 1756 Compress ratio: 0.929421 Time: 0.167 ms
I20260604 02:40:49.525133 42566 rt_engine.cu:554] optixLaunch, [w,h,d] = 25392,1,1
I20260604 02:40:49.525350 42566 rt_engine.cu:554] optixLaunch, [w,h,d] = 25392,1,1
I20260604 02:40:49.525547 42566 rt_engine.cu:554] optixLaunch, [w,h,d] = 25392,1,1
I20260604 02:40:49.525741 42566 rt_engine.cu:554] optixLaunch, [w,h,d] = 25392,1,1
I20260604 02:40:49.525936 42566 rt_engine.cu:554] optixLaunch, [w,h,d] = 25392,1,1
I20260604 02:40:49.526129 42566 rt_engine.cu:554] optixLaunch, [w,h,d] = 25392,1,1
I20260604 02:40:49.526324 42566 rt_engine.cu:554] optixLaunch, [w,h,d] = 25392,1,1
I20260604 02:40:49.526516 42566 rt_engine.cu:554] optixLaunch, [w,h,d] = 25392,1,1
I20260604 02:40:49.526710 42566 rt_engine.cu:554] optixLaunch, [w,h,d] = 25392,1,1
I20260604 02:40:49.526906 42566 rt_engine.cu:554] optixLaunch, [w,h,d] = 25392,1,1
I20260604 02:40:49.527099 42566 rt_engine.cu:554] optixLaunch, [w,h,d] = 25392,1,1
I20260604 02:40:49.527292 42566 rt_engine.cu:554] optixLaunch, [w,h,d] = 25392,1,1
I20260604 02:40:49.527486 42566 rt_engine.cu:554] optixLaunch, [w,h,d] = 25392,1,1
I20260604 02:40:49.527680 42566 rt_engine.cu:554] optixLaunch, [w,h,d] = 25392,1,1
I20260604 02:40:49.527874 42566 rt_engine.cu:554] optixLaunch, [w,h,d] = 25392,1,1
I20260604 02:40:49.528070 42566 rt_engine.cu:554] optixLaunch, [w,h,d] = 25392,1,1
I20260604 02:40:49.528265 42566 rt_engine.cu:554] optixLaunch, [w,h,d] = 25392,1,1
I20260604 02:40:49.528460 42566 rt_engine.cu:554] optixLaunch, [w,h,d] = 25392,1,1
Timing results:
 - Read map 0: 534.009 ms

 - Read map 1: 255.044 ms

 - Load Data: 6.27398 ms

 - Create App: 166.209 ms

 - Init: 0.211 ms

 - Adaptive Grouping: 0.235081 ms

 - Build Index: 0.437975 ms

 - Warmup: 0.669003 ms

 - Query: 0.194263 ms

 - Cleanup: 1.64604 ms

