{
  "app": "rt_dbscan_benchmark",
  "claim_boundary": {
    "full_dbscan": true,
    "host_bucket_index_used": false,
    "native_dbscan_abi_added": false,
    "paper_dataset_reproduction": false,
    "paper_speedup_claim_authorized": false,
    "rt_core_accelerated": false
  },
  "dataset": "clustered3d",
  "elapsed_sec": 0.016302749514579773,
  "matches_reference": null,
  "metadata": {
    "adapter": "PreparedNumbaRadiusGraphComponents3DGrid.run",
    "benchmark_timing_breakdown": {
      "derived_sec": {
        "adapter_non_native_estimated_sec": 0.0,
        "count_native_current_run_sec": 0.0,
        "elapsed_sec": 0.016302749514579773,
        "grouped_native_sec": 0.0,
        "known_host_phase_sec": 0.018212415490119933,
        "known_native_current_run_sec": 0.0,
        "unattributed_elapsed_sec": 0.0
      },
      "host_observed_sec": {
        "column_signature_sec": 0.002314198762178421,
        "embree_native_traversal_sec": 0.0018984305,
        "embree_threshold_columns_upload_sec": 0.00038596615195274353,
        "embree_threshold_compact_rows_sec": 0.009395461529493332,
        "numba_component_continuation_sec": 0.004218358546495438
      },
      "notes": [
        "Host-observed timings are diagnostic and may include async GPU synchronization effects.",
        "Native elapsed fields come from RTDL native metadata where available.",
        "This timing packet does not authorize a paper, broad RT-core, or whole-app speedup claim."
      ],
      "performance_claim_authorized": false,
      "schema": "rt_dbscan_grouped_stream_host_overhead_breakdown_v1"
    },
    "caller_supplied_core_flags": true,
    "candidate_edge_count": null,
    "candidate_edge_count_policy": "not_reported_for_caller_supplied_threshold_capped_counts",
    "cell_count": 120,
    "column_signature_sec": 0.002314198762178421,
    "component_label_policy": "positive_root_index_labels_noise_minus_one",
    "component_union_policy": "monotonic_atomic_min_core_edge_union",
    "core_flag_count": 4094,
    "core_flag_source": "embree_prepared_fixed_radius_count_threshold_3d_compact_rows",
    "current_embree_3d_scene_setup_paid_in_threshold_phase": false,
    "device_grid_labeling_used": true,
    "direct_device_handoff_authorized": false,
    "embree_backend_used": true,
    "embree_native_traversal_sec": 0.0018984305,
    "embree_prepared_3d_scene_handle_used": true,
    "embree_threshold_columns_upload_sec": 0.00038596615195274353,
    "embree_threshold_compact_row_count": 4096,
    "embree_threshold_compact_rows_sec": 0.009395461529493332,
    "grid_dimensions": [
      13,
      13,
      12
    ],
    "host_prepared_grid_index_used": true,
    "input_contract": "prepared_partner_device_point_columns_3d",
    "materializes_neighbor_rows": false,
    "materializes_neighbor_summaries": false,
    "materializes_python_rows": false,
    "materializes_threshold_count_rows": true,
    "min_neighbors": 12,
    "native_engine_row_contract": "not_called_partner_reference_only",
    "native_engine_summary_contract": "generic_prepared_fixed_radius_count_threshold_3d_host_compact_rows",
    "native_execution_path": "prepared_embree_point_query_fixed_radius_count_threshold_3d",
    "neighbor_count_policy": "threshold_capped_at_min_neighbors_not_exact_full_degree",
    "numba_component_continuation_sec": 0.004218358546495438,
    "numba_cuda_jit_used": true,
    "output_workspace_reused": true,
    "partner": "numba",
    "partner_reference_contract": "generic_prepared_numba_grid_radius_graph_component_labels_3d",
    "path": "embree_prepared_count_threshold_compact_rows_numba_prepared_grid_radius_graph_column_signature_3d",
    "point_count": 4096,
    "prepared_grid_reused": true,
    "prepared_query_repeat_protocol": {
      "elapsed_sec_total": 1.4737811088562012,
      "measured_iterations": 90,
      "median_elapsed_sec": 0.016302749514579773,
      "prepare_sec": 0.4100528061389923,
      "repeat": 95,
      "signatures_stable": true,
      "warmup": 5
    },
    "prepared_run_count": 95,
    "radius": 0.055,
    "raw_cuda_kernel_required": false,
    "rt_core_accelerated": false,
    "rt_core_speedup_claim_authorized": false,
    "signature_source": "partner_column_arrays_no_python_row_dicts",
    "timing_total_sec": {
      "column_signature_sec": 0.21070049703121185,
      "embree_native_traversal_sec": 0.171942909,
      "embree_threshold_columns_upload_sec": 0.0358937531709671,
      "embree_threshold_compact_rows_sec": 0.8475041389465332,
      "numba_component_continuation_sec": 0.3795764520764351
    },
    "v2_9_release_authorized": false,
    "whole_app_speedup_claim_authorized": false
  },
  "min_neighbors": 12,
  "mode": "embree_core_flags_numba_prepared_grid_column_signature_3d",
  "paper": {
    "authors": [
      "Vani Nagarajan",
      "Milind Kulkarni"
    ],
    "doi": "10.1109/IPDPS54959.2023.00100",
    "title": "RT-DBSCAN: Accelerating DBSCAN using Ray Tracing Hardware",
    "venue": "IPDPS 2023"
  },
  "point_count": 4096,
  "radius": 0.055,
  "reference_signature": null,
  "seed": 20260519,
  "signature": {
    "cluster_sizes": {
      "1": 1024,
      "2": 1024,
      "3": 1024,
      "4": 1024
    },
    "core_count": 4094,
    "noise_count": 0
  }
}
