[goal2348] RTDL batched 3D start backend=embree queries=65536 search=65536 batch_size=65536 batches=1 result_mode=ranked-summary-raw
[goal2348] RTDL batched 3D repeat 1/80 ok=True sec=0.149352
[goal2348] RTDL batched 3D repeat 2/80 ok=True sec=0.114873
[goal2348] RTDL batched 3D repeat 3/80 ok=True sec=0.114957
[goal2348] RTDL batched 3D repeat 4/80 ok=True sec=0.115947
[goal2348] RTDL batched 3D repeat 5/80 ok=True sec=0.114848
[goal2348] RTDL batched 3D repeat 6/80 ok=True sec=0.114662
[goal2348] RTDL batched 3D repeat 7/80 ok=True sec=0.115569
[goal2348] RTDL batched 3D repeat 8/80 ok=True sec=0.116737
[goal2348] RTDL batched 3D repeat 9/80 ok=True sec=0.116273
[goal2348] RTDL batched 3D repeat 10/80 ok=True sec=0.116267
[goal2348] RTDL batched 3D repeat 11/80 ok=True sec=0.115840
[goal2348] RTDL batched 3D repeat 12/80 ok=True sec=0.115153
[goal2348] RTDL batched 3D repeat 13/80 ok=True sec=0.116257
[goal2348] RTDL batched 3D repeat 14/80 ok=True sec=0.115194
[goal2348] RTDL batched 3D repeat 15/80 ok=True sec=0.116224
[goal2348] RTDL batched 3D repeat 16/80 ok=True sec=0.117076
[goal2348] RTDL batched 3D repeat 17/80 ok=True sec=0.115903
[goal2348] RTDL batched 3D repeat 18/80 ok=True sec=0.115466
[goal2348] RTDL batched 3D repeat 19/80 ok=True sec=0.117282
[goal2348] RTDL batched 3D repeat 20/80 ok=True sec=0.114835
[goal2348] RTDL batched 3D repeat 21/80 ok=True sec=0.115501
[goal2348] RTDL batched 3D repeat 22/80 ok=True sec=0.115749
[goal2348] RTDL batched 3D repeat 23/80 ok=True sec=0.116513
[goal2348] RTDL batched 3D repeat 24/80 ok=True sec=0.114316
[goal2348] RTDL batched 3D repeat 25/80 ok=True sec=0.115736
[goal2348] RTDL batched 3D repeat 26/80 ok=True sec=0.114480
[goal2348] RTDL batched 3D repeat 27/80 ok=True sec=0.114456
[goal2348] RTDL batched 3D repeat 28/80 ok=True sec=0.115590
[goal2348] RTDL batched 3D repeat 29/80 ok=True sec=0.114490
[goal2348] RTDL batched 3D repeat 30/80 ok=True sec=0.114626
[goal2348] RTDL batched 3D repeat 31/80 ok=True sec=0.116337
[goal2348] RTDL batched 3D repeat 32/80 ok=True sec=0.114921
[goal2348] RTDL batched 3D repeat 33/80 ok=True sec=0.114874
[goal2348] RTDL batched 3D repeat 34/80 ok=True sec=0.115475
[goal2348] RTDL batched 3D repeat 35/80 ok=True sec=0.115045
[goal2348] RTDL batched 3D repeat 36/80 ok=True sec=0.114775
[goal2348] RTDL batched 3D repeat 37/80 ok=True sec=0.116012
[goal2348] RTDL batched 3D repeat 38/80 ok=True sec=0.114308
[goal2348] RTDL batched 3D repeat 39/80 ok=True sec=0.114512
[goal2348] RTDL batched 3D repeat 40/80 ok=True sec=0.116597
[goal2348] RTDL batched 3D repeat 41/80 ok=True sec=0.115676
[goal2348] RTDL batched 3D repeat 42/80 ok=True sec=0.114922
[goal2348] RTDL batched 3D repeat 43/80 ok=True sec=0.115874
[goal2348] RTDL batched 3D repeat 44/80 ok=True sec=0.115277
[goal2348] RTDL batched 3D repeat 45/80 ok=True sec=0.114358
[goal2348] RTDL batched 3D repeat 46/80 ok=True sec=0.115612
[goal2348] RTDL batched 3D repeat 47/80 ok=True sec=0.114075
[goal2348] RTDL batched 3D repeat 48/80 ok=True sec=0.113903
[goal2348] RTDL batched 3D repeat 49/80 ok=True sec=0.117130
[goal2348] RTDL batched 3D repeat 50/80 ok=True sec=0.114746
[goal2348] RTDL batched 3D repeat 51/80 ok=True sec=0.114174
[goal2348] RTDL batched 3D repeat 52/80 ok=True sec=0.118626
[goal2348] RTDL batched 3D repeat 53/80 ok=True sec=0.117806
[goal2348] RTDL batched 3D repeat 54/80 ok=True sec=0.116771
[goal2348] RTDL batched 3D repeat 55/80 ok=True sec=0.118584
[goal2348] RTDL batched 3D repeat 56/80 ok=True sec=0.116729
[goal2348] RTDL batched 3D repeat 57/80 ok=True sec=0.118432
[goal2348] RTDL batched 3D repeat 58/80 ok=True sec=0.118353
[goal2348] RTDL batched 3D repeat 59/80 ok=True sec=0.117466
[goal2348] RTDL batched 3D repeat 60/80 ok=True sec=0.117487
[goal2348] RTDL batched 3D repeat 61/80 ok=True sec=0.118890
[goal2348] RTDL batched 3D repeat 62/80 ok=True sec=0.118160
[goal2348] RTDL batched 3D repeat 63/80 ok=True sec=0.117402
[goal2348] RTDL batched 3D repeat 64/80 ok=True sec=0.118057
[goal2348] RTDL batched 3D repeat 65/80 ok=True sec=0.114733
[goal2348] RTDL batched 3D repeat 66/80 ok=True sec=0.115146
[goal2348] RTDL batched 3D repeat 67/80 ok=True sec=0.115797
[goal2348] RTDL batched 3D repeat 68/80 ok=True sec=0.114287
[goal2348] RTDL batched 3D repeat 69/80 ok=True sec=0.114571
[goal2348] RTDL batched 3D repeat 70/80 ok=True sec=0.115715
[goal2348] RTDL batched 3D repeat 71/80 ok=True sec=0.114958
[goal2348] RTDL batched 3D repeat 72/80 ok=True sec=0.115686
[goal2348] RTDL batched 3D repeat 73/80 ok=True sec=0.115913
[goal2348] RTDL batched 3D repeat 74/80 ok=True sec=0.114332
[goal2348] RTDL batched 3D repeat 75/80 ok=True sec=0.114750
[goal2348] RTDL batched 3D repeat 76/80 ok=True sec=0.115818
[goal2348] RTDL batched 3D repeat 77/80 ok=True sec=0.115271
[goal2348] RTDL batched 3D repeat 78/80 ok=True sec=0.117508
[goal2348] RTDL batched 3D repeat 79/80 ok=True sec=0.117458
[goal2348] RTDL batched 3D repeat 80/80 ok=True sec=0.115862
{
  "backend": "embree",
  "batch_count": 1,
  "batch_phase_timings": [
    {
      "backend": "embree",
      "materializes_neighbor_rows": false,
      "mode": "embree_prepared_fixed_radius_ranked_summary_rows",
      "native_aggregate": false,
      "native_traversal_seconds": 0.006844241,
      "prepared_search_structure": true,
      "summary_rows_materialized": true,
      "wall_seconds": 0.1158500462770462
    }
  ],
  "claim_boundary": {
    "aggregate_requests_batched": false,
    "broad_rt_core_speedup_claim_authorized": false,
    "device_ranked_summary_aggregate": false,
    "device_ranked_summary_rows": false,
    "device_resident_query_points": false,
    "embree_ranked_summary_aggregate": false,
    "embree_ranked_summary_rows": true,
    "float32_precision": false,
    "materializes_neighbor_rows": false,
    "materializes_summary_rows": true,
    "paper_equivalent_rtnn_row": false,
    "partitioned_or_batched_like_rtnn": true,
    "prepared_cuda_graph_replay": false,
    "rt_core_neighbor_search_claim_authorized": false,
    "rtdl_speedup_claim_authorized": false,
    "same_stream_partner_consumer": false
  },
  "contract": {
    "aggregate_batch_request_mode": "not_batched",
    "aggregate_batch_requests": [],
    "aggregate_request_count": 1,
    "approximate": false,
    "batched_queries": true,
    "bounded_k": 50,
    "exact": true,
    "execution_path_policy_version": null,
    "family": "fixed_radius_neighbors_3d",
    "mode": "ranked-summary-raw",
    "precision": "float64",
    "prepared_cuda_graph_replay": false,
    "prepared_query_points": false,
    "prepared_search_structure": true,
    "same_stream_partner_consumer": false
  },
  "elapsed_max_sec": 0.14935222268104553,
  "elapsed_median_sec": 0.11568101868033409,
  "elapsed_min_sec": 0.11390303820371628,
  "elapsed_runs_sec": [
    0.14935222268104553,
    0.11487273871898651,
    0.11495650559663773,
    0.11594700068235397,
    0.11484832316637039,
    0.114662304520607,
    0.11556947231292725,
    0.1167372614145279,
    0.11627282947301865,
    0.11626730114221573,
    0.11584000289440155,
    0.11515315622091293,
    0.11625654995441437,
    0.11519384384155273,
    0.11622408777475357,
    0.11707554757595062,
    0.11590255051851273,
    0.11546644568443298,
    0.11728192120790482,
    0.11483456939458847,
    0.11550139635801315,
    0.1157488003373146,
    0.11651318520307541,
    0.11431600898504257,
    0.11573635786771774,
    0.11447957158088684,
    0.11445577442646027,
    0.11558951437473297,
    0.11449023336172104,
    0.11462569236755371,
    0.11633662134408951,
    0.11492092162370682,
    0.11487361788749695,
    0.11547451466321945,
    0.11504461616277695,
    0.11477518081665039,
    0.11601247638463974,
    0.11430779099464417,
    0.11451160162687302,
    0.1165967732667923,
    0.11567584425210953,
    0.11492195725440979,
    0.11587434262037277,
    0.1152769923210144,
    0.11435814201831818,
    0.11561223119497299,
    0.1140749529004097,
    0.11390303820371628,
    0.11712995171546936,
    0.11474636942148209,
    0.11417373269796371,
    0.11862611770629883,
    0.11780586838722229,
    0.11677131801843643,
    0.11858444660902023,
    0.1167290136218071,
    0.1184317097067833,
    0.11835287511348724,
    0.11746642738580704,
    0.11748673766851425,
    0.1188897043466568,
    0.11816022545099258,
    0.11740168184041977,
    0.11805696785449982,
    0.1147330105304718,
    0.11514579504728317,
    0.11579713970422745,
    0.11428718268871307,
    0.11457130312919617,
    0.115714892745018,
    0.11495797336101532,
    0.11568619310855865,
    0.11591291427612305,
    0.11433152109384537,
    0.1147497221827507,
    0.11581756919622421,
    0.11527105420827866,
    0.11750844866037369,
    0.11745757609605789,
    0.11586232483386993
  ],
  "elapsed_sec": 0.11586232483386993,
  "error": "",
  "execution_path_plan": null,
  "execution_prepare_sec": 0.18042149394750595,
  "external": "RTDL current",
  "input_load_sec": 0.14828098565340042,
  "input_pack_sec": 0.03197621554136276,
  "k_max": 50,
  "mode": "current_3d_fixed_radius_neighbors_embree_batched",
  "ok": true,
  "query_batch_size": 65536,
  "query_count": 65536,
  "radius": 0.02,
  "ranked_aggregate_batch_summaries": null,
  "ranked_aggregate_summary": null,
  "raw_ranked_summary_aggregate": {
    "bounded_neighbor_count": 206434,
    "kth_id_checksum": 2148001918,
    "max_neighbor_count": 13,
    "min_neighbor_count": 1,
    "nearest_id_checksum": 2147450880,
    "query_count": 65536,
    "sum_distance": 2110.9291638399195,
    "zero_neighbor_query_count": 0
  },
  "raw_ranked_summary_batch_summaries": [
    {
      "bounded_neighbor_count": 206434,
      "kth_id_checksum": 2148001918,
      "max_neighbor_count": 13,
      "min_neighbor_count": 1,
      "nearest_id_checksum": 2147450880,
      "query_count": 65536,
      "sum_distance": 2110.9291638399195,
      "zero_neighbor_query_count": 0
    }
  ],
  "repeat": 80,
  "result_mode": "ranked-summary-raw",
  "row": "human_scale_rtnn_embree_t64",
  "row_count": 65536,
  "runner": "goal2348_rtnn_v2_2_external_runner",
  "same_stream_entrypoint_metadata": null,
  "search_count": 65536
}
