[cupy] install start 2026-06-08T14:13:27+00:00
Collecting cupy-cuda12x
  Using cached cupy_cuda12x-14.1.1-cp312-cp312-manylinux2014_x86_64.whl.metadata (2.8 kB)
Requirement already satisfied: numpy<2.6,>=2.0 in /usr/local/lib/python3.12/dist-packages (from cupy-cuda12x) (2.0.2)
Collecting cuda-pathfinder==1.*,>=1.3.4 (from cupy-cuda12x)
  Using cached cuda_pathfinder-1.5.5-py3-none-any.whl.metadata (1.9 kB)
Using cached cupy_cuda12x-14.1.1-cp312-cp312-manylinux2014_x86_64.whl (133.5 MB)
Using cached cuda_pathfinder-1.5.5-py3-none-any.whl (51 kB)
Installing collected packages: cuda-pathfinder, cupy-cuda12x

Successfully installed cuda-pathfinder-1.5.5 cupy-cuda12x-14.1.1
WARNING: Running pip as the 'root' user can result in broken permissions and conflicting behaviour with the system package manager, possibly rendering your system unusable. It is recommended to use a virtual environment instead: https://pip.pypa.io/warnings/venv. Use the --root-user-action option if you know what you are doing and want to suppress this warning.
[cupy] install done 2026-06-08T14:13:30+00:00
cupy 14.1.1
cupy_sum 28
[rerun-final] start 2026-06-08T14:13:35+00:00
[rerun-final] done 2026-06-08T14:14:05+00:00
{
  "commit": "e383c4e4",
  "clean": true,
  "all_pass": true,
  "json_pass_count": 10,
  "rows": [
    [
      "hausdorff_xhd",
      "pass",
      1.5017197951674461
    ],
    [
      "spatial_rayjoin",
      "pass",
      11.505823574960232
    ],
    [
      "rt_dbscan",
      "pass",
      3.2523906230926514
    ],
    [
      "robot_collision",
      "pass",
      1.7519478648900986
    ],
    [
      "contact_manifold",
      "pass",
      0.751719519495964
    ],
    [
      "raydb_style",
      "pass",
      2.0020211338996887
    ],
    [
      "barnes_hut",
      "pass",
      1.5019689947366714
    ],
    [
      "librts_spatial_index",
      "pass",
      2.002020575106144
    ],
    [
      "rtnn",
      "pass",
      3.2525744065642357
    ],
    [
      "triangle_counting",
      "pass",
      1.5016878247261047
    ]
  ]
}
